02-04 16:00:06.720  9387  9479 D Mono    : Running class .cctor for Javax.Net.Ssl.HttpsURLConnection from '/data/data/io.sentry.dotnet.samples.android/files/.__override__/arm64-v8a/Mono.Android.dll'
02-04 16:00:06.721  9387  9479 D Mono    : Running class .cctor for Java.Net.HttpURLConnection from '/data/data/io.sentry.dotnet.samples.android/files/.__override__/arm64-v8a/Mono.Android.dll'
02-04 16:00:06.721  9387  9479 D Mono    : Running class .cctor for Java.Net.URLConnection from '/data/data/io.sentry.dotnet.samples.android/files/.__override__/arm64-v8a/Mono.Android.dll'
02-04 16:00:06.722  9387  9479 D Mono    : Requesting loading reference 9 (of 12) of /data/data/io.sentry.dotnet.samples.android/files/.__override__/arm64-v8a/Mono.Android.dll
02-04 16:00:06.722  9387  9479 D Mono    : Loading reference 9 of /data/data/io.sentry.dotnet.samples.android/files/.__override__/arm64-v8a/Mono.Android.dll (default ALC), looking for System.Collections.NonGeneric, Version=9.0.0.0, Culture=neutral, PublicKeyToken=b03f5f7f11d50a3a
02-04 16:00:06.722  9387  9479 D Mono    : Request to load System.Collections.NonGeneric in alc 0xb4000073f75fce90
02-04 16:00:06.723  9387  9479 D Mono    : Assembly already loaded in the active ALC: 'System.Collections.NonGeneric'.
02-04 16:00:06.723  9387  9479 D Mono    : Assembly Ref addref Mono.Android[0xb4000075075b5820] -> System.Collections.NonGeneric[0xb4000075075eeea0]: 3
02-04 16:00:06.723  9387  9479 D Mono    : Running class .cctor for Java.Security.KeyStore from '/data/data/io.sentry.dotnet.samples.android/files/.__override__/arm64-v8a/Mono.Android.dll'
02-04 16:00:06.723  9387  9479 D monodroid: typemap: Java type 'java/security/KeyStore' corresponds to managed type 'Java.Security.KeyStore, Mono.Android'
02-04 16:00:06.725  1771  3771 D ConnectivityService: requestNetwork for uid/pid:10349/9387 activeRequest: null callbackRequest: 1008 [NetworkRequest [ REQUEST id=1009, [ Capabilities: INTERNET&NOT_RESTRICTED&TRUSTED&NOT_VCN_MANAGED&NOT_BANDWIDTH_CONSTRAINED Uid: 10349 RequestorUid: 10349 RequestorPkg: io.sentry.dotnet.samples.android UnderlyingNetworks: Null] ]] callback flags: 0 order: 2147483647 isUidTracked: false declaredMethods: AVAIL|LOSING|LOST|UNAVAIL
02-04 16:00:06.726  9387  9479 D Mono    : Running class .cctor for System.Net.CookieContainer from '/data/data/io.sentry.dotnet.samples.android/files/.__override__/arm64-v8a/System.Net.Primitives.dll'
02-04 16:00:06.727  1771  2331 D WifiNetworkFactory: got request NetworkRequest [ REQUEST id=1009, [ Capabilities: INTERNET&NOT_RESTRICTED&TRUSTED&NOT_VCN_MANAGED&NOT_BANDWIDTH_CONSTRAINED Uid: 10349 RequestorUid: 10349 RequestorPkg: io.sentry.dotnet.samples.android UnderlyingNetworks: Null] ]
02-04 16:00:06.727  1771  2331 D UntrustedWifiNetworkFactory: got request NetworkRequest [ REQUEST id=1009, [ Capabilities: INTERNET&NOT_RESTRICTED&TRUSTED&NOT_VCN_MANAGED&NOT_BANDWIDTH_CONSTRAINED Uid: 10349 RequestorUid: 10349 RequestorPkg: io.sentry.dotnet.samples.android UnderlyingNetworks: Null] ]
02-04 16:00:06.727  9387  9479 D Mono    : Running class .cctor for System.Threading.Tasks.Task`1<Java.Net.HttpURLConnection> from '/data/data/io.sentry.dotnet.samples.android/files/.__override__/arm64-v8a/System.Private.CoreLib.dll'
02-04 16:00:06.727  1771  2331 D OemPaidWifiNetworkFactory: got request NetworkRequest [ REQUEST id=1009, [ Capabilities: INTERNET&NOT_RESTRICTED&TRUSTED&NOT_VCN_MANAGED&NOT_BANDWIDTH_CONSTRAINED Uid: 10349 RequestorUid: 10349 RequestorPkg: io.sentry.dotnet.samples.android UnderlyingNetworks: Null] ]
02-04 16:00:06.727  1771  2331 D MultiInternetWifiNetworkFactory: got request NetworkRequest [ REQUEST id=1009, [ Capabilities: INTERNET&NOT_RESTRICTED&TRUSTED&NOT_VCN_MANAGED&NOT_BANDWIDTH_CONSTRAINED Uid: 10349 RequestorUid: 10349 RequestorPkg: io.sentry.dotnet.samples.android UnderlyingNetworks: Null] ]
02-04 16:00:06.727  1771  2339 D ConnectivityService: NetReassign [1009 : null  100] [c 0] [a 0] [i 1]
02-04 16:00:06.729  9387  9479 D Mono    : Running class .cctor for System.Runtime.CompilerServices.AsyncTaskMethodBuilder`1/AsyncStateMachineBox`1<System.Net.Http.HttpResponseMessage, Xamarin.Android.Net.AndroidMessageHandler/<DoProcessRequest>d__140> from '/data/data/io.sentry.dotnet.samples.android/files/.__override__/arm64-v8a/System.Private.CoreLib.dll'
02-04 16:00:06.729  9387  9496 D Mono    : Running class .cctor for System.Threading.CancellationToken/<>c from '/data/data/io.sentry.dotnet.samples.android/files/.__override__/arm64-v8a/System.Private.CoreLib.dll'
02-04 16:00:06.729  9387  9479 D Mono    : Running class .cctor for System.Threading.Tasks.Task`1<System.Net.Http.HttpResponseMessage> from '/data/data/io.sentry.dotnet.samples.android/files/.__override__/arm64-v8a/System.Private.CoreLib.dll'
02-04 16:00:06.731  9387  9479 D Mono    : Running class .cctor for System.Runtime.CompilerServices.AsyncTaskMethodBuilder`1/AsyncStateMachineBox`1<System.Net.Http.HttpResponseMessage, Xamarin.Android.Net.AndroidMessageHandler/<DoSendAsync>d__131> from '/data/data/io.sentry.dotnet.samples.android/files/.__override__/arm64-v8a/System.Private.CoreLib.dll'
02-04 16:00:06.731  9387  9496 D TrafficStats: tagSocket(130) with statsTag=0xffffffff, statsUid=-1
02-04 16:00:06.732  9387  9479 D Mono    : Running class .cctor for System.Runtime.CompilerServices.AsyncTaskMethodBuilder`1/AsyncStateMachineBox`1<System.Net.Http.HttpResponseMessage, Sentry.Internal.Http.GzipBufferedRequestBodyHandler/<SendAsync>d__3> from '/data/data/io.sentry.dotnet.samples.android/files/.__override__/arm64-v8a/System.Private.CoreLib.dll'
02-04 16:00:06.733  9387  9479 D Mono    : Running class .cctor for System.Runtime.CompilerServices.AsyncTaskMethodBuilder`1/AsyncStateMachineBox`1<System.Net.Http.HttpResponseMessage, Sentry.Internal.Http.RetryAfterHandler/<SendAsync>d__8> from '/data/data/io.sentry.dotnet.samples.android/files/.__override__/arm64-v8a/System.Private.CoreLib.dll'
02-04 16:00:06.734  9387  9479 D Mono    : Running class .cctor for System.Runtime.CompilerServices.AsyncTaskMethodBuilder`1/AsyncStateMachineBox`1<System.Net.Http.HttpResponseMessage, System.Net.Http.HttpClient/<<SendAsync>g__Core|83_0>d> from '/data/data/io.sentry.dotnet.samples.android/files/.__override__/arm64-v8a/System.Private.CoreLib.dll'
02-04 16:00:06.735  9387  9479 D Mono    : Running class .cctor for System.Runtime.CompilerServices.AsyncTaskMethodBuilder`1/AsyncStateMachineBox`1<System.Threading.Tasks.VoidTaskResult, Sentry.Internal.Http.HttpTransport/<SendEnvelopeAsync>d__3> from '/data/data/io.sentry.dotnet.samples.android/files/.__override__/arm64-v8a/System.Private.CoreLib.dll'
02-04 16:00:06.736  1771  3772 D ConnectivityService: requestNetwork for uid/pid:10349/9387 activeRequest: null callbackRequest: 1010 [NetworkRequest [ REQUEST id=1011, [ Capabilities: INTERNET&NOT_RESTRICTED&TRUSTED&NOT_VCN_MANAGED&NOT_BANDWIDTH_CONSTRAINED Uid: 10349 RequestorUid: 10349 RequestorPkg: io.sentry.dotnet.samples.android UnderlyingNetworks: Null] ]] callback flags: 0 order: 2147483647 isUidTracked: false declaredMethods: AVAIL|LOST|NC
02-04 16:00:06.737  1771  2331 D WifiNetworkFactory: got request NetworkRequest [ REQUEST id=1011, [ Capabilities: INTERNET&NOT_RESTRICTED&TRUSTED&NOT_VCN_MANAGED&NOT_BANDWIDTH_CONSTRAINED Uid: 10349 RequestorUid: 10349 RequestorPkg: io.sentry.dotnet.samples.android UnderlyingNetworks: Null] ]
02-04 16:00:06.737  1771  2331 D UntrustedWifiNetworkFactory: got request NetworkRequest [ REQUEST id=1011, [ Capabilities: INTERNET&NOT_RESTRICTED&TRUSTED&NOT_VCN_MANAGED&NOT_BANDWIDTH_CONSTRAINED Uid: 10349 RequestorUid: 10349 RequestorPkg: io.sentry.dotnet.samples.android UnderlyingNetworks: Null] ]
02-04 16:00:06.737  1771  2331 D OemPaidWifiNetworkFactory: got request NetworkRequest [ REQUEST id=1011, [ Capabilities: INTERNET&NOT_RESTRICTED&TRUSTED&NOT_VCN_MANAGED&NOT_BANDWIDTH_CONSTRAINED Uid: 10349 RequestorUid: 10349 RequestorPkg: io.sentry.dotnet.samples.android UnderlyingNetworks: Null] ]
02-04 16:00:06.737  1771  2331 D MultiInternetWifiNetworkFactory: got request NetworkRequest [ REQUEST id=1011, [ Capabilities: INTERNET&NOT_RESTRICTED&TRUSTED&NOT_VCN_MANAGED&NOT_BANDWIDTH_CONSTRAINED Uid: 10349 RequestorUid: 10349 RequestorPkg: io.sentry.dotnet.samples.android UnderlyingNetworks: Null] ]
02-04 16:00:06.737  1771  2339 D ConnectivityService: NetReassign [1011 : null  100] [c 0] [a 1] [i 1]
02-04 16:00:06.748  2811  2811 D BaseDepthController: mSurface is null and mCurrentBlur is: 0
02-04 16:00:06.755  1771  1843 W ziparchive: Unable to open '/data/app/~~vl8u3VkrRNL_sX9bUE-ijA==/io.sentry.dotnet.samples.android-rfrJghnKnn1Pm3Z7tA-b3Q==/base.dm': No such file or directory
02-04 16:00:06.757  1771  1843 I ActivityTaskManager: Displayed io.sentry.dotnet.samples.android/crc6466a77627aca8c384.MainActivity for user 0: +553ms
02-04 16:00:06.765  2811  2811 D BaseDepthController: mSurface is null and mCurrentBlur is: 0
02-04 16:00:06.766  2418  2451 V WindowManagerShell: Transition animation finished (aborted=false), notifying core (#149) android.os.BinderProxy@2cc50dc@0
02-04 16:00:06.770  2418  2451 V WindowManagerShell: Track 0 became idle
02-04 16:00:06.770  2418  2451 V WindowManagerShell: All active transition animations finished
02-04 16:00:06.771  1771  1843 V WindowManager: Finish Transition (#149): created at 02-04 16:00:06.205 collect-started=0.094ms request-sent=6.387ms started=7.273ms ready=34.151ms sent=35.484ms finished=562.059ms
02-04 16:00:06.771  1771  3772 W UserManagerService: Requested status bar icon for non-badged user 0
02-04 16:00:06.771  1771  3772 W UserManagerService: Requested status bar icon for non-badged user 0
02-04 16:00:06.775  3754  3804 D ForegroundUtils: Foreground UID status:
02-04 16:00:06.775  3754  3804 D ForegroundUtils: UID: 10062 is in foreground: false
02-04 16:00:06.775  3754  3804 D ForegroundUtils: UID: 10135 is in foreground: true
02-04 16:00:06.775  3754  3804 D ForegroundUtils: UID: 10143 is in foreground: false
02-04 16:00:06.775  3754  3804 D ForegroundUtils: UID: 10165 is in foreground: true
02-04 16:00:06.775  3754  3804 D ForegroundUtils: UID: 10176 is in foreground: true
02-04 16:00:06.775  3754  3804 D ForegroundUtils: UID: 10206 is in foreground: false
02-04 16:00:06.775  3754  3804 D ForegroundUtils: UID: 10208 is in foreground: true
02-04 16:00:06.775  3754  3804 D ForegroundUtils: UID: 10349 is in foreground: true
02-04 16:00:06.784  2811  2811 D VRI[NexusLauncherActivity]: visibilityChanged oldVisibility=true newVisibility=false
02-04 16:00:06.787  2811  2811 D BaseDepthController: setSurface:
02-04 16:00:06.787  2811  2811 D BaseDepthController: 	mWaitingOnSurfaceValidity: false
02-04 16:00:06.787  2811  2811 D BaseDepthController: 	mSurface: null
02-04 16:00:06.787  2811  2811 D BaseDepthController: mSurface is null and mCurrentBlur is: 0
02-04 16:00:06.788  1771  2240 I ImeTracker: io.sentry.dotnet.samples.android:fe09188: onRequestHide at ORIGIN_SERVER reason HIDE_UNSPECIFIED_WINDOW fromUser false
02-04 16:00:06.788  2811  2811 D StatsLog: LAUNCHER_ONSTOP
02-04 16:00:06.788  1771  2240 I ImeTracker: io.sentry.dotnet.samples.android:fe09188: onCancelled at PHASE_SERVER_SHOULD_HIDE
02-04 16:00:06.788  2811 11189 D GmsPlayProvider: Shut down the binder channel
02-04 16:00:06.788  2811  2811 D StatsLog: LAUNCHER_GOOGLE_SEARCH_RESTORE_LIST_SIZE_AFTER_ACTIVITY_RESTART
02-04 16:00:06.788  2811  2811 D NexusLauncherModelDelegate: notifySmartspaceEvent: SmartspaceTargetEvent{mSmartspaceTarget=null, mSmartspaceActionId='null', mEventType=7}
02-04 16:00:06.788  2811  2811 D BaseDepthController: mSurface is null and mCurrentBlur is: 0
02-04 16:00:06.789  2811  3742 I IPCThreadState: oneway function results for code 2 on binder at 0xb4000074e767ace0 will be dropped but finished with status UNKNOWN_TRANSACTION
02-04 16:00:06.791  2895  2895 I PlayCloudSearchChimeraS: Stopping the server
02-04 16:00:06.791  2895  2895 I PlayCloudSearchLifeCycl: Stopping the GRPC server
02-04 16:00:06.792  3636  3636 I GoogleInputMethodService: GoogleInputMethodService.onFinishInput():2589 
02-04 16:00:06.792  3636  3636 I Module  : DeviceLockedStatusModuleProvider$Module.updateDeviceLockedStatus():100 repeatCheckTimes = 0, locked = false
02-04 16:00:06.792  3636  3636 I GoogleInputMethodService: GoogleInputMethodService.onStartInput():1568 onStartInput(EditorInfo{EditorInfo{packageName=io.sentry.dotnet.samples.android, inputType=0, inputTypeString=NULL, enableLearning=false, autoCorrection=false, autoComplete=false, imeOptions=0, privateImeOptions=null, actionName=UNSPECIFIED, actionLabel=null, initialSelStart=-1, initialSelEnd=-1, initialCapsMode=0, label=null, fieldId=0, fieldName=null, extras=null, hintText=null, hintLocales=[]}}, false)
02-04 16:00:06.793  3636  3636 I Module  : DeviceLockedStatusModuleProvider$Module.updateDeviceLockedStatus():100 repeatCheckTimes = 1, locked = false
02-04 16:00:06.793  3636  3636 I EmojiCompatManager: EmojiCompatManager.getEmojiCompatIfLoaded():342 EmojiCompat.init() was never called.
02-04 16:00:06.793  3636  3636 I EmojiCompatManager: java.lang.IllegalStateException: EmojiCompat is not initialized. Please call EmojiCompat.init() first
02-04 16:00:06.793  3636  3636 I EmojiCompatManager: 	at asu.p(PG:6)
02-04 16:00:06.793  3636  3636 I EmojiCompatManager: 	at awu.b(PG:13)
02-04 16:00:06.793  3636  3636 I EmojiCompatManager: 	at jgy.b(PG:2)
02-04 16:00:06.793  3636  3636 I EmojiCompatManager: 	at jgy.c(PG:4)
02-04 16:00:06.793  3636  3636 I EmojiCompatManager: 	at jgy.f(PG:3)
02-04 16:00:06.793  3636  3636 I EmojiCompatManager: 	at jhe.c(PG:3)
02-04 16:00:06.793  3636  3636 I EmojiCompatManager: 	at kbg.cl(PG:47)
02-04 16:00:06.793  3636  3636 I EmojiCompatManager: 	at kpc.run(PG:239)
02-04 16:00:06.793  3636  3636 I EmojiCompatManager: 	at iue.execute(PG:12)
02-04 16:00:06.793  3636  3636 I EmojiCompatManager: 	at mvh.v(PG:14)
02-04 16:00:06.793  3636  3636 I EmojiCompatManager: 	at lat.m(PG:95)
02-04 16:00:06.793  3636  3636 I EmojiCompatManager: 	at lat.k(PG:25)
02-04 16:00:06.793  3636  3636 I EmojiCompatManager: 	at jzn.onStartInput(PG:336)
02-04 16:00:06.793  3636  3636 I EmojiCompatManager: 	at android.inputmethodservice.InputMethodService.doStartInput(InputMethodService.java:3447)
02-04 16:00:06.793  3636  3636 I EmojiCompatManager: 	at android.inputmethodservice.InputMethodService$InputMethodImpl.startInput(InputMethodService.java:876)
02-04 16:00:06.793  3636  3636 I EmojiCompatManager: 	at android.inputmethodservice.InputMethodService$InputMethodImpl.dispatchStartInput(InputMethodService.java:905)
02-04 16:00:06.793  3636  3636 I EmojiCompatManager: 	at android.inputmethodservice.IInputMethodWrapper.executeMessage(IInputMethodWrapper.java:201)
02-04 16:00:06.793  3636  3636 I EmojiCompatManager: 	at com.android.internal.os.HandlerCaller$MyHandler.handleMessage(HandlerCaller.java:44)
02-04 16:00:06.793  3636  3636 I EmojiCompatManager: 	at android.os.Handler.dispatchMessage(Handler.java:109)
02-04 16:00:06.793  3636  3636 I EmojiCompatManager: 	at android.os.Looper.loopOnce(Looper.java:232)
02-04 16:00:06.793  3636  3636 I EmojiCompatManager: 	at android.os.Looper.loop(Looper.java:317)
02-04 16:00:06.793  3636  3636 I EmojiCompatManager: 	at android.app.ActivityThread.main(ActivityThread.java:8787)
02-04 16:00:06.793  3636  3636 I EmojiCompatManager: 	at java.lang.reflect.Method.invoke(Native Method)
02-04 16:00:06.793  3636  3636 I EmojiCompatManager: 	at com.android.internal.os.RuntimeInit$MethodAndArgsCaller.run(RuntimeInit.java:591)
02-04 16:00:06.793  3636  3636 I EmojiCompatManager: 	at com.android.internal.os.ZygoteInit.main(ZygoteInit.java:871)
02-04 16:00:06.796  1771  3771 W PackageConfigPersister: App-specific configuration not found for packageName: io.sentry.dotnet.samples.android and userId: 0
02-04 16:00:06.796  3636  3636 I AndroidIME: InputBundleManager.loadActiveInputBundleId():407 loadActiveInputBundleId: und-Latn-x-password, password
02-04 16:00:06.798  2811  2811 D NexusLauncherModelDelegate: notifySmartspaceEvent: SmartspaceTargetEvent{mSmartspaceTarget=null, mSmartspaceActionId='null', mEventType=7}
02-04 16:00:06.822  9387  9496 D Mono    : Running class .cctor for System.Threading.Tasks.Task`1<System.IO.Stream> from '/data/data/io.sentry.dotnet.samples.android/files/.__override__/arm64-v8a/System.Private.CoreLib.dll'
02-04 16:00:06.823  9387  9496 I monodroid-assembly: typemap: unable to find mapping to a managed type from Java type 'com/android/okhttp/okio/RealBufferedSink$1'
02-04 16:00:06.826  9387  9478 D TrafficStats: tagSocket(114) with statsTag=0xffffffff, statsUid=-1
02-04 16:00:06.826  9387  9496 W monodroid-assembly: typemap: called from
02-04 16:00:06.826  9387  9496 W monodroid-assembly: at Java.Interop.TypeManager.GetJavaToManagedType(String class_name)
02-04 16:00:06.827  9387  9496 W monodroid-assembly:    at Java.Interop.TypeManager.CreateInstance(IntPtr handle, JniHandleOwnership transfer, Type targetType)
02-04 16:00:06.827  9387  9496 W monodroid-assembly:    at Java.Interop.TypeManager.CreateInstance(IntPtr handle, JniHandleOwnership transfer)
02-04 16:00:06.827  9387  9496 W monodroid-assembly:    at Android.Runtime.OutputStreamInvoker.FromNative(IntPtr handle, JniHandleOwnership transfer)
02-04 16:00:06.827  9387  9496 W monodroid-assembly:    at Android.Runtime.OutputStreamInvoker.FromJniHandle(IntPtr handle, JniHandleOwnership transfer)
02-04 16:00:06.827  9387  9496 W monodroid-assembly:    at Java.Net.URLConnection.get_OutputStream()
02-04 16:00:06.827  9387  9496 W monodroid-assembly:    at Xamarin.Android.Net.AndroidMessageHandler.WriteRequestContentToOutput(HttpRequestMessage request, HttpURLConnection httpConnection, CancellationToken cancellationToken)
02-04 16:00:06.827  9387  9496 W monodroid-assembly:    at System.Runtime.CompilerServices.AsyncMethodBuilderCore.Start[<WriteRequestContentToOutput>d__138](<WriteRequestContentToOutput>d__138& stateMachine)
02-04 16:00:06.827  9387  9496 W monodroid-assembly:    at Xamarin.Android.Net.AndroidMessageHandler.WriteRequestContentToOutput(HttpRequestMessage request, HttpURLConnection httpConnection, CancellationToken cancellationToken)
02-04 16:00:06.827  9387  9496 W monodroid-assembly:    at Xamarin.Android.Net.AndroidMessageHandler.DoProcessRequest(HttpRequestMessage request, URL javaUrl, HttpURLConnection httpConnection, CancellationToken cancellationToken, RequestRedirectionState redirectState)
02-04 16:00:06.827  9387  9496 W monodroid-assembly:    at System.Runtime.CompilerServices.AsyncTaskMethodBuilder`1.AsyncStateMachineBox`1[[System.Net.Http.HttpResponseMessage, System.Net.Http, Version=9.0.0.0, Culture=neutral, PublicKeyToken=b03f5f7f11d50a3a],[Xamarin.Android.Net.AndroidMessageHandler.<DoProcessRequest>d__140, Mono.Android, Version=0.0.0.0, Culture=neutral, PublicKeyToken=84e04ff9cfb79065]].ExecutionContextCallback(Object s)
02-04 16:00:06.827  9387  9496 W monodroid-assembly:    at System.Threading.ExecutionContext.RunInternal(ExecutionContext executionContext, ContextCallback callback, Object state)
02-04 16:00:06.827  9387  9496 W monodroid-assembly:    at System.Runtime.CompilerServices.AsyncTaskMethodBuilder`1.AsyncStateMachineBox`1[[System.Net.Http.HttpResponseMessage, System.Net.Http, Version=9.0.0.0, Culture=neutral, PublicKeyToken=b03f5f7f11d50a3a],[Xamarin.Android.Net.AndroidMessageHandler.<DoProcessRequest>d__140, Mono.Android, Version=0.0.0.0, Culture=neutral, PublicKeyToken=84e04ff9cfb79065]].MoveNext(Thread threadPoolThread)
02-04 16:00:06.827  9387  9496 W monodroid-assembly:    at System.Runtime.CompilerServices.AsyncTaskMethodBuilder`1.AsyncStateMachineBox`1[[System.Net.Http.HttpResponseMessage, System.Net.Http, Version=9.0.0.0, Culture=neutral, PublicKeyToken=b03f5f7f11d50a3a],[Xamarin.Android.Net.AndroidMessageHandler.<DoProcessRequest>d__140, Mono.Android, Version=0.0.0.0, Culture=neutral, PublicKeyToken=84e04ff9cfb79065]].MoveNext()
02-04 16:00:06.827  9387  9496 W monodroid-assembly:    at System.Threading.Tasks.AwaitTaskContinuation.RunOrScheduleAction(IAsyncStateMachineBox box, Boolean allowInlining)
02-04 16:00:06.827  9387  9496 W monodroid-assembly:    at System.Threading.Tasks.Task.RunContinuations(Object continuationObject)
02-04 16:00:06.827  9387  9496 W monodroid-assembly:    at System.Threading.Tasks.Task.FinishContinuations()
02-04 16:00:06.827  9387  9496 W monodroid-assembly:    at System.Threading.Tasks.Task.FinishStageThree()
02-04 16:00:06.827  9387  9496 W monodroid-assembly:    at System.Threading.Tasks.Task.FinishStageTwo()
02-04 16:00:06.827  9387  9496 W monodroid-assembly:    at System.Threading.Tasks.Task.FinishSlow(Boolean userDelegateExecute)
02-04 16:00:06.827  9387  9496 W monodroid-assembly:    at System.Threading.Tasks.Task.Finish(Boolean userDelegateExecute)
02-04 16:00:06.827  9387  9496 W monodroid-assembly:    at System.Threading.Tasks.Task.ExecuteWithThreadLocal(Task& currentTaskSlot, Thread threadPoolThread)
02-04 16:00:06.827  9387  9496 W monodroid-assembly:    at System.Threading.Tasks.Task.ExecuteEntryUnsafe(Thread threadPoolThread)
02-04 16:00:06.827  9387  9496 W monodroid-assembly:    at System.Threading.Tasks.Task.ExecuteFromThreadPool(Thread threadPoolThread)
02-04 16:00:06.827  9387  9496 W monodroid-assembly:    at System.Threading.ThreadPoolWorkQueue.Dispatch()
02-04 16:00:06.827  9387  9496 W monodroid-assembly:    at System.Threading.PortableThreadPool.WorkerThread.WorkerThreadStart()
02-04 16:00:06.827  9387  9496 D monodroid: typemap: Java type 'java/io/OutputStream' corresponds to managed type 'Java.IO.OutputStream, Mono.Android'
02-04 16:00:06.827  9387  9496 D Mono    : Running class .cctor for Java.IO.OutputStreamInvoker from '/data/data/io.sentry.dotnet.samples.android/files/.__override__/arm64-v8a/Mono.Android.dll'
02-04 16:00:06.828  9387  9496 D Mono    : Running class .cctor for Java.IO.OutputStream from '/data/data/io.sentry.dotnet.samples.android/files/.__override__/arm64-v8a/Mono.Android.dll'
02-04 16:00:06.829  9387  9496 D Mono    : Running class .cctor for System.IO.Stream/<>c from '/data/data/io.sentry.dotnet.samples.android/files/.__override__/arm64-v8a/System.Private.CoreLib.dll'
02-04 16:00:06.830  9387  9496 D Mono    : Running class .cctor for System.Runtime.CompilerServices.AsyncTaskMethodBuilder`1/AsyncStateMachineBox`1<System.Threading.Tasks.VoidTaskResult, Xamarin.Android.Net.AndroidMessageHandler/<WriteRequestContentToOutput>d__138> from '/data/data/io.sentry.dotnet.samples.android/files/.__override__/arm64-v8a/System.Private.CoreLib.dll'
02-04 16:00:06.830  9387  9479 D Mono    : Running class .cctor for System.Threading.Tasks.Task`1<System.Net.HttpStatusCode> from '/data/data/io.sentry.dotnet.samples.android/files/.__override__/arm64-v8a/System.Private.CoreLib.dll'
02-04 16:00:06.888  9387  9496 I monodroid-assembly: typemap: unable to find mapping to a managed type from Java type 'com/android/okhttp/okio/RealBufferedSource$1'
02-04 16:00:06.889  9387  9496 W monodroid-assembly: typemap: called from
02-04 16:00:06.889  9387  9496 W monodroid-assembly: at Java.Interop.TypeManager.GetJavaToManagedType(String class_name)
02-04 16:00:06.889  9387  9496 W monodroid-assembly:    at Java.Interop.TypeManager.CreateInstance(IntPtr handle, JniHandleOwnership transfer, Type targetType)
02-04 16:00:06.889  9387  9496 W monodroid-assembly:    at Java.Interop.TypeManager.CreateInstance(IntPtr handle, JniHandleOwnership transfer)
02-04 16:00:06.889  9387  9496 W monodroid-assembly:    at Android.Runtime.InputStreamInvoker.FromJniHandle(IntPtr handle, JniHandleOwnership transfer)
02-04 16:00:06.889  9387  9496 W monodroid-assembly:    at Java.Net.URLConnection.get_InputStream()
02-04 16:00:06.889  9387  9496 W monodroid-assembly:    at Xamarin.Android.Net.AndroidMessageHandler.DoProcessRequest(HttpRequestMessage request, URL javaUrl, HttpURLConnection httpConnection, CancellationToken cancellationToken, RequestRedirectionState redirectState)
02-04 16:00:06.889  9387  9496 W monodroid-assembly:    at System.Runtime.CompilerServices.AsyncTaskMethodBuilder`1.AsyncStateMachineBox`1[[System.Net.Http.HttpResponseMessage, System.Net.Http, Version=9.0.0.0, Culture=neutral, PublicKeyToken=b03f5f7f11d50a3a],[Xamarin.Android.Net.AndroidMessageHandler.<DoProcessRequest>d__140, Mono.Android, Version=0.0.0.0, Culture=neutral, PublicKeyToken=84e04ff9cfb79065]].ExecutionContextCallback(Object s)
02-04 16:00:06.889  9387  9496 W monodroid-assembly:    at System.Threading.ExecutionContext.RunInternal(ExecutionContext executionContext, ContextCallback callback, Object state)
02-04 16:00:06.889  9387  9496 W monodroid-assembly:    at System.Runtime.CompilerServices.AsyncTaskMethodBuilder`1.AsyncStateMachineBox`1[[System.Net.Http.HttpResponseMessage, System.Net.Http, Version=9.0.0.0, Culture=neutral, PublicKeyToken=b03f5f7f11d50a3a],[Xamarin.Android.Net.AndroidMessageHandler.<DoProcessRequest>d__140, Mono.Android, Version=0.0.0.0, Culture=neutral, PublicKeyToken=84e04ff9cfb79065]].MoveNext(Thread threadPoolThread)
02-04 16:00:06.889  9387  9496 W monodroid-assembly:    at System.Runtime.CompilerServices.AsyncTaskMethodBuilder`1.AsyncStateMachineBox`1[[System.Net.Http.HttpResponseMessage, System.Net.Http, Version=9.0.0.0, Culture=neutral, PublicKeyToken=b03f5f7f11d50a3a],[Xamarin.Android.Net.AndroidMessageHandler.<DoProcessRequest>d__140, Mono.Android, Version=0.0.0.0, Culture=neutral, PublicKeyToken=84e04ff9cfb79065]].MoveNext()
02-04 16:00:06.889  9387  9496 W monodroid-assembly:    at System.Threading.Tasks.AwaitTaskContinuation.RunOrScheduleAction(IAsyncStateMachineBox box, Boolean allowInlining)
02-04 16:00:06.889  9387  9496 W monodroid-assembly:    at System.Threading.Tasks.Task.RunContinuations(Object continuationObject)
02-04 16:00:06.889  9387  9496 W monodroid-assembly:    at System.Threading.Tasks.Task.FinishContinuations()
02-04 16:00:06.889  9387  9496 W monodroid-assembly:    at System.Threading.Tasks.Task.FinishStageThree()
02-04 16:00:06.889  9387  9496 W monodroid-assembly:    at System.Threading.Tasks.Task.FinishStageTwo()
02-04 16:00:06.889  9387  9496 W monodroid-assembly:    at System.Threading.Tasks.Task.FinishSlow(Boolean userDelegateExecute)
02-04 16:00:06.889  9387  9496 W monodroid-assembly:    at System.Threading.Tasks.Task.Finish(Boolean userDelegateExecute)
02-04 16:00:06.889  9387  9496 W monodroid-assembly:    at System.Threading.Tasks.Task.ExecuteWithThreadLocal(Task& currentTaskSlot, Thread threadPoolThread)
02-04 16:00:06.889  9387  9496 W monodroid-assembly:    at System.Threading.Tasks.Task.ExecuteEntryUnsafe(Thread threadPoolThread)
02-04 16:00:06.889  9387  9496 W monodroid-assembly:    at System.Threading.Tasks.Task.ExecuteFromThreadPool(Thread threadPoolThread)
02-04 16:00:06.889  9387  9496 W monodroid-assembly:    at System.Threading.ThreadPoolWorkQueue.Dispatch()
02-04 16:00:06.889  9387  9496 W monodroid-assembly:    at System.Threading.PortableThreadPool.WorkerThread.WorkerThreadStart()
02-04 16:00:06.889  9387  9496 D monodroid: typemap: Java type 'java/io/InputStream' corresponds to managed type 'Java.IO.InputStream, Mono.Android'
02-04 16:00:06.889  9387  9496 D Mono    : Running class .cctor for Java.IO.InputStreamInvoker from '/data/data/io.sentry.dotnet.samples.android/files/.__override__/arm64-v8a/Mono.Android.dll'
02-04 16:00:06.889  9387  9496 D Mono    : Running class .cctor for Java.IO.InputStream from '/data/data/io.sentry.dotnet.samples.android/files/.__override__/arm64-v8a/Mono.Android.dll'
02-04 16:00:06.889  9387  9496 D Mono    : Requesting loading reference 5 (of 12) of /data/data/io.sentry.dotnet.samples.android/files/.__override__/arm64-v8a/Mono.Android.dll
02-04 16:00:06.889  9387  9496 D Mono    : Loading reference 5 of /data/data/io.sentry.dotnet.samples.android/files/.__override__/arm64-v8a/Mono.Android.dll (default ALC), looking for System.IO.Compression, Version=9.0.0.0, Culture=neutral, PublicKeyToken=b77a5c561934e089
02-04 16:00:06.889  9387  9496 D Mono    : Request to load System.IO.Compression in alc 0xb4000073f75fce90
02-04 16:00:06.890  9387  9496 D Mono    : Assembly already loaded in the active ALC: 'System.IO.Compression'.
02-04 16:00:06.890  9387  9496 D Mono    : Assembly Ref addref Mono.Android[0xb4000075075b5820] -> System.IO.Compression[0xb4000075075f3af0]: 3
02-04 16:00:06.890  9387  9496 D Mono    : Requesting loading reference 6 (of 12) of /data/data/io.sentry.dotnet.samples.android/files/.__override__/arm64-v8a/Mono.Android.dll
02-04 16:00:06.890  9387  9496 D Mono    : Loading reference 6 of /data/data/io.sentry.dotnet.samples.android/files/.__override__/arm64-v8a/Mono.Android.dll (default ALC), looking for System.IO.Compression.Brotli, Version=9.0.0.0, Culture=neutral, PublicKeyToken=b77a5c561934e089
02-04 16:00:06.890  9387  9496 D Mono    : Request to load System.IO.Compression.Brotli in alc 0xb4000073f75fce90
02-04 16:00:06.890  9387  9496 D monodroid-assembly: individual_assemblies_open_from_bundles: looking for bundled name: 'System.IO.Compression.Brotli.dll'
02-04 16:00:06.890  9387  9496 W monodroid-assembly: open_from_bundles: failed to load bundled assembly System.IO.Compression.Brotli.dll
02-04 16:00:06.890  9387  9496 W monodroid-assembly: open_from_bundles: the assembly might have been uploaded to the device with FastDev instead
02-04 16:00:06.890  9387  9496 D monodroid-assembly: open_from_update_dir: trying to open assembly: /data/user/0/io.sentry.dotnet.samples.android/files/.__override__/arm64-v8a/System.IO.Compression.Brotli.dll
02-04 16:00:06.890  9387  9496 D Mono    : Assembly Loader probing location: '/data/user/0/io.sentry.dotnet.samples.android/files/.__override__/arm64-v8a/System.IO.Compression.Brotli.dll'.
02-04 16:00:06.890  9387  9496 D Mono    : Image addref System.IO.Compression.Brotli[0xb4000075075e3be0] (default ALC) -> /data/data/io.sentry.dotnet.samples.android/files/.__override__/arm64-v8a/System.IO.Compression.Brotli.dll[0xb4000073e7644960]: 2
02-04 16:00:06.890  9387  9496 D Mono    : Prepared to set up assembly 'System.IO.Compression.Brotli' (/data/data/io.sentry.dotnet.samples.android/files/.__override__/arm64-v8a/System.IO.Compression.Brotli.dll)
02-04 16:00:06.890  9387  9496 D Mono    : Loading assembly System.IO.Compression.Brotli (0xb4000075075e3be0) into domain RootDomain (0xb4000075375c0b30) and ALC 0xb4000073f75fce90
02-04 16:00:06.890  9387  9496 D Mono    : Assembly System.IO.Compression.Brotli[0xb4000075075e3be0] added to ALC '(null)'[0xb4000073f75fce90], ref_count=1
02-04 16:00:06.890  9387  9496 D monodroid-assembly: monodroid_dlopen: hash for name '/data/data/io.sentry.dotnet.samples.android/files/.__override__/arm64-v8a/System.IO.Compression.Brotli.dll.so' is 0xc067050e88ff1a8b
02-04 16:00:06.890  9387  9496 D monodroid-assembly: Looking for hash 0x88ff1a8b in AOT cache
02-04 16:00:06.890  9387  9496 D monodroid-assembly: Looking for hash 0x88ff1a8b in DSO cache
02-04 16:00:06.890  9387  9496 D monodroid-assembly: monodroid_dlopen: hash match not found, DSO name is '<unknown>'
02-04 16:00:06.890  9387  9496 I monodroid-assembly: Trying to load shared library '/data/data/io.sentry.dotnet.samples.android/files/.__override__/arm64-v8a/System.IO.Compression.Brotli.dll.so'
02-04 16:00:06.890  9387  9496 I monodroid-assembly: Shared library '/data/data/io.sentry.dotnet.samples.android/files/.__override__/arm64-v8a/System.IO.Compression.Brotli.dll.so' not found
02-04 16:00:06.890  9387  9496 D Mono    : AOT: image '/data/data/io.sentry.dotnet.samples.android/files/.__override__/arm64-v8a/System.IO.Compression.Brotli.dll.so' not found: (null)
02-04 16:00:06.890  9387  9496 D Mono    : Assembly Loader loaded assembly from location: '/data/user/0/io.sentry.dotnet.samples.android/files/.__override__/arm64-v8a/System.IO.Compression.Brotli.dll'.
02-04 16:00:06.890  9387  9496 I monodroid-assembly: open_from_update_dir: loaded assembly: 0xb4000075075e3be0
02-04 16:00:06.890  9387  9496 D Mono    : Assembly found with the filesystem probing logic: 'System.IO.Compression.Brotli'.
02-04 16:00:06.890  9387  9496 D Mono    : Assembly Ref addref Mono.Android[0xb4000075075b5820] -> System.IO.Compression.Brotli[0xb4000075075e3be0]: 2
02-04 16:00:06.890  9387  9496 D Mono    : Requesting loading reference 0 (of 2) of /data/data/io.sentry.dotnet.samples.android/files/.__override__/arm64-v8a/System.IO.Compression.Brotli.dll
02-04 16:00:06.890  9387  9496 D Mono    : Loading reference 0 of /data/data/io.sentry.dotnet.samples.android/files/.__override__/arm64-v8a/System.IO.Compression.Brotli.dll (default ALC), looking for System.Private.CoreLib, Version=9.0.0.0, Culture=neutral, PublicKeyToken=7cec85d7bea7798e
02-04 16:00:06.890  9387  9496 D Mono    : Request to load System.Private.CoreLib in alc 0xb4000073f75fce90
02-04 16:00:06.890  9387  9496 D Mono    : Assembly already loaded in the active ALC: 'System.Private.CoreLib'.
02-04 16:00:06.890  9387  9496 D Mono    : Assembly Ref addref System.IO.Compression.Brotli[0xb4000075075e3be0] -> System.Private.CoreLib[0xb4000075075f87f0]: 26
02-04 16:00:06.890  9387  9496 D Mono    : Requesting loading reference 1 (of 2) of /data/data/io.sentry.dotnet.samples.android/files/.__override__/arm64-v8a/System.IO.Compression.Brotli.dll
02-04 16:00:06.890  9387  9496 D Mono    : Loading reference 1 of /data/data/io.sentry.dotnet.samples.android/files/.__override__/arm64-v8a/System.IO.Compression.Brotli.dll (default ALC), looking for System.IO.Compression, Version=9.0.0.0, Culture=neutral, PublicKeyToken=b77a5c561934e089
02-04 16:00:06.890  9387  9496 D Mono    : Request to load System.IO.Compression in alc 0xb4000073f75fce90
02-04 16:00:06.890  9387  9496 D Mono    : Assembly already loaded in the active ALC: 'System.IO.Compression'.
02-04 16:00:06.890  9387  9496 D Mono    : Assembly Ref addref System.IO.Compression.Brotli[0xb4000075075e3be0] -> System.IO.Compression[0xb4000075075f3af0]: 4
02-04 16:00:06.892  9387  9496 D Mono    : Running class .cctor for Android.Runtime.JavaSet from '/data/data/io.sentry.dotnet.samples.android/files/.__override__/arm64-v8a/Mono.Android.dll'
02-04 16:00:06.892  9387  9496 I monodroid-assembly: typemap: unable to find mapping to a managed type from Java type 'java/util/Collections$UnmodifiableCollection$1'
02-04 16:00:06.893  9387  9496 W monodroid-assembly: typemap: called from
02-04 16:00:06.893  9387  9496 W monodroid-assembly: at Java.Interop.TypeManager.GetJavaToManagedType(String class_name)
02-04 16:00:06.893  9387  9496 W monodroid-assembly:    at Java.Interop.TypeManager.CreateInstance(IntPtr handle, JniHandleOwnership transfer, Type targetType)
02-04 16:00:06.893  9387  9496 W monodroid-assembly:    at Java.Lang.Object.GetObject(IntPtr handle, JniHandleOwnership transfer, Type type)
02-04 16:00:06.893  9387  9496 W monodroid-assembly:    at Java.Lang.Object._GetObject[IIterator](IntPtr handle, JniHandleOwnership transfer)
02-04 16:00:06.893  9387  9496 W monodroid-assembly:    at Java.Lang.Object.GetObject[IIterator](IntPtr handle, JniHandleOwnership transfer)
02-04 16:00:06.893  9387  9496 W monodroid-assembly:    at Android.Runtime.JavaSet.Iterator()
02-04 16:00:06.893  9387  9496 W monodroid-assembly:    at Android.Runtime.JavaSet`1[[System.String, System.Private.CoreLib, Version=9.0.0.0, Culture=neutral, PublicKeyToken=7cec85d7bea7798e]].GetEnumerator()
02-04 16:00:06.893  9387  9496 W monodroid-assembly:    at Xamarin.Android.Net.AndroidMessageHandler.CopyHeaders(HttpURLConnection httpConnection, HttpResponseMessage response, ContentState contentState)
02-04 16:00:06.893  9387  9496 W monodroid-assembly:    at Xamarin.Android.Net.AndroidMessageHandler.DoProcessRequest(HttpRequestMessage request, URL javaUrl, HttpURLConnection httpConnection, CancellationToken cancellationToken, RequestRedirectionState redirectState)
02-04 16:00:06.893  9387  9496 W monodroid-assembly:    at System.Runtime.CompilerServices.AsyncTaskMethodBuilder`1.AsyncStateMachineBox`1[[System.Net.Http.HttpResponseMessage, System.Net.Http, Version=9.0.0.0, Culture=neutral, PublicKeyToken=b03f5f7f11d50a3a],[Xamarin.Android.Net.AndroidMessageHandler.<DoProcessRequest>d__140, Mono.Android, Version=0.0.0.0, Culture=neutral, PublicKeyToken=84e04ff9cfb79065]].ExecutionContextCallback(Object s)
02-04 16:00:06.893  9387  9496 W monodroid-assembly:    at System.Threading.ExecutionContext.RunInternal(ExecutionContext executionContext, ContextCallback callback, Object state)
02-04 16:00:06.893  9387  9496 W monodroid-assembly:    at System.Runtime.CompilerServices.AsyncTaskMethodBuilder`1.AsyncStateMachineBox`1[[System.Net.Http.HttpResponseMessage, System.Net.Http, Version=9.0.0.0, Culture=neutral, PublicKeyToken=b03f5f7f11d50a3a],[Xamarin.Android.Net.AndroidMessageHandler.<DoProcessRequest>d__140, Mono.Android, Version=0.0.0.0, Culture=neutral, PublicKeyToken=84e04ff9cfb79065]].MoveNext(Thread threadPoolThread)
02-04 16:00:06.893  9387  9496 W monodroid-assembly:    at System.Runtime.CompilerServices.AsyncTaskMethodBuilder`1.AsyncStateMachineBox`1[[System.Net.Http.HttpResponseMessage, System.Net.Http, Version=9.0.0.0, Culture=neutral, PublicKeyToken=b03f5f7f11d50a3a],[Xamarin.Android.Net.AndroidMessageHandler.<DoProcessRequest>d__140, Mono.Android, Version=0.0.0.0, Culture=neutral, PublicKeyToken=84e04ff9cfb79065]].MoveNext()
02-04 16:00:06.893  9387  9496 W monodroid-assembly:    at System.Threading.Tasks.AwaitTaskContinuation.RunOrScheduleAction(IAsyncStateMachineBox box, Boolean allowInlining)
02-04 16:00:06.893  9387  9496 W monodroid-assembly:    at System.Threading.Tasks.Task.RunContinuations(Object continuationObject)
02-04 16:00:06.893  9387  9496 W monodroid-assembly:    at System.Threading.Tasks.Task.FinishContinuations()
02-04 16:00:06.893  9387  9496 W monodroid-assembly:    at System.Threading.Tasks.Task.FinishStageThree()
02-04 16:00:06.893  9387  9496 W monodroid-assembly:    at System.Threading.Tasks.Task.FinishStageTwo()
02-04 16:00:06.893  9387  9496 W monodroid-assembly:    at System.Threading.Tasks.Task.FinishSlow(Boolean userDelegateExecute)
02-04 16:00:06.893  9387  9496 W monodroid-assembly:    at System.Threading.Tasks.Task.Finish(Boolean userDelegateExecute)
02-04 16:00:06.893  9387  9496 W monodroid-assembly:    at System.Threading.Tasks.Task.ExecuteWithThreadLocal(Task& currentTaskSlot, Thread threadPoolThread)
02-04 16:00:06.893  9387  9496 W monodroid-assembly:    at System.Threading.Tasks.Task.ExecuteEntryUnsafe(Thread threadPoolThread)
02-04 16:00:06.893  9387  9496 W monodroid-assembly:    at System.Threading.Tasks.Task.ExecuteFromThreadPool(Thread threadPoolThread)
02-04 16:00:06.893  9387  9496 W monodroid-assembly:    at System.Threading.ThreadPoolWorkQueue.Dispatch()
02-04 16:00:06.893  9387  9496 W monodroid-assembly:    at System.Threading.PortableThreadPool.WorkerThread.WorkerThreadStart()
02-04 16:00:06.903  9387  9496 D Mono    : Running class .cctor for System.Runtime.CompilerServices.AsyncTaskMethodBuilder`1/AsyncStateMachineBox`1<System.Threading.Tasks.VoidTaskResult, System.IO.Stream/<<CopyToAsync>g__Core|27_0>d> from '/data/data/io.sentry.dotnet.samples.android/files/.__override__/arm64-v8a/System.Private.CoreLib.dll'
02-04 16:00:06.904  9387  9496 D Mono    : Running class .cctor for System.Runtime.CompilerServices.AsyncTaskMethodBuilder`1/AsyncStateMachineBox`1<System.Threading.Tasks.VoidTaskResult, System.IO.BufferedStream/<CopyToAsyncCore>d__68> from '/data/data/io.sentry.dotnet.samples.android/files/.__override__/arm64-v8a/System.Private.CoreLib.dll'
02-04 16:00:06.904  9387  9496 D Mono    : Running class .cctor for System.Runtime.CompilerServices.AsyncTaskMethodBuilder`1/AsyncStateMachineBox`1<System.Threading.Tasks.VoidTaskResult, System.Net.Http.StreamToStreamCopy/<<CopyAsync>g__DisposeSourceAsync|1_0>d> from '/data/data/io.sentry.dotnet.samples.android/files/.__override__/arm64-v8a/System.Private.CoreLib.dll'
02-04 16:00:06.905  9387  9496 D Mono    : Running class .cctor for System.Runtime.CompilerServices.AsyncTaskMethodBuilder`1/AsyncStateMachineBox`1<System.Threading.Tasks.VoidTaskResult, System.Net.Http.HttpContent/<LoadIntoBufferAsyncCore>d__63> from '/data/data/io.sentry.dotnet.samples.android/files/.__override__/arm64-v8a/System.Private.CoreLib.dll'
02-04 16:00:07.070  9387  9404 I samples.android: Compiler allocated 4194KB to compile void android.widget.TextView.<init>(android.content.Context, android.util.AttributeSet, int, int)
02-04 16:00:07.121  2418  2463 W WindowOnBackDispatcher: sendCancelIfRunning: isInProgress=false callback=android.view.ViewRootImpl$$ExternalSyntheticLambda11@3b3a90c
02-04 16:00:07.121  1771  3772 D CoreBackPreview: Window{d041ae5 u0 Splash Screen io.sentry.dotnet.samples.android EXITING}: Setting back callback null
02-04 16:00:07.248  9387  9404 I samples.android: Compiler allocated 5281KB to compile void android.view.ViewRootImpl.performTraversals()
02-04 16:00:07.305  1294  1930 D audio_hw_35l41: cs35l41_rtlogger_data_analysis: Left/Top impedance: 100000
02-04 16:00:07.305  1294  1930 D audio_hw_35l41: cs35l41_rtlogger_data_analysis: Right/Bottom impedance: 100000
02-04 16:00:07.315  1294  1930 D audio_hw_35l41: cs35l41_bdlogger_data_analysis: Left/Top Max temp: 0x6d638 ==> 27.347168 C
02-04 16:00:07.315  1294  1930 D audio_hw_35l41: cs35l41_bdlogger_data_analysis: Left/Top Max exc: 0x9489 ==> 0.072527 mm
02-04 16:00:07.315  1294  1930 D audio_hw_35l41: cs35l41_bdlogger_data_analysis: Left/Top dsp heartbeat = 0x20a24
02-04 16:00:07.315  1294  1930 D audio_hw_35l41: cs35l41_bdlogger_data_analysis: Right/Bottom Max temp: 0x6cd1e ==> 27.204956 C
02-04 16:00:07.315  1294  1930 D audio_hw_35l41: cs35l41_bdlogger_data_analysis: Right/Bottom Max exc: 0x14d90 ==> 0.162872 mm
02-04 16:00:07.315  1294  1930 D audio_hw_35l41: cs35l41_bdlogger_data_analysis: Right/Bottom dsp heartbeat = 0x3b7fc
02-04 16:00:07.487  1301  1326 D CHRE    : @ 17446.441: [ActivityPlatform] type 4, confidence 77
02-04 16:00:07.581  9387  9484 D Mono    : Running class .cctor for System.TimeZoneInfo from '/data/data/io.sentry.dotnet.samples.android/files/.__override__/arm64-v8a/System.Private.CoreLib.dll'
02-04 16:00:07.601  9387  9484 D Mono    : Running class .cctor for System.Collections.Generic.ArraySortHelper`1<string> from '/data/data/io.sentry.dotnet.samples.android/files/.__override__/arm64-v8a/System.Private.CoreLib.dll'
02-04 16:00:07.604  9387  9484 D Mono    : Running class .cctor for System.Collections.Generic.List`1<System.TimeZoneInfo/AdjustmentRule> from '/data/data/io.sentry.dotnet.samples.android/files/.__override__/arm64-v8a/System.Private.CoreLib.dll'
02-04 16:00:07.605  9387  9484 D Mono    : Running class .cctor for System.TimeZoneInfo/AdjustmentRule from '/data/data/io.sentry.dotnet.samples.android/files/.__override__/arm64-v8a/System.Private.CoreLib.dll'
02-04 16:00:07.608  9387  9484 D Mono    : Running class .cctor for System.TimeZoneInfo/<>c from '/data/data/io.sentry.dotnet.samples.android/files/.__override__/arm64-v8a/System.Private.CoreLib.dll'
02-04 16:00:07.611  9387  9484 D Mono    : Running class .cctor for System.Globalization.TimeSpanFormat from '/data/data/io.sentry.dotnet.samples.android/files/.__override__/arm64-v8a/System.Private.CoreLib.dll'
02-04 16:00:07.614  9387  9484 D Mono    : Running class .cctor for System.Globalization.CalendarData/<>c from '/data/data/io.sentry.dotnet.samples.android/files/.__override__/arm64-v8a/System.Private.CoreLib.dll'
02-04 16:00:07.628  9387  9484 D Mono    : Running class .cctor for System.Globalization.CompareInfo from '/data/data/io.sentry.dotnet.samples.android/files/.__override__/arm64-v8a/System.Private.CoreLib.dll'
02-04 16:00:07.628  9387  9484 D Mono    : Running class .cctor for System.Globalization.CompareInfo/SortHandleCache from '/data/data/io.sentry.dotnet.samples.android/files/.__override__/arm64-v8a/System.Private.CoreLib.dll'
02-04 16:00:08.215  1301  1326 D CHRE.HAL: Received a nanoapp message from 0x476f6f676c001022 endpoint 0x8082: Type 0x3 size 8 
02-04 16:00:08.216  1321  1321 I suez-nanoapp-clients: Barometric peak detected: magnitude = 0.197414 hPa (bucket: 5), duration = 118.000000 ms (bucket: 11).
02-04 16:00:08.219  1321  1321 I suez-nanoapp-clients: Vendor atom [id = 100047] reported.
02-04 16:00:08.219  1301  1326 D CHRE.HAL: Received a nanoapp message from 0x476f6f676c001022 endpoint 0x8082: Type 0x3 size 8 
02-04 16:00:08.221  1321  1321 I suez-nanoapp-clients: Barometric peak detected: magnitude = 0.305445 hPa (bucket: 7), duration = 239.000000 ms (bucket: 21).
02-04 16:00:08.222  1321  1321 I suez-nanoapp-clients: Vendor atom [id = 100047] reported.
02-04 16:00:08.222  1301  1326 D CHRE.HAL: Received a nanoapp message from 0x476f6f676c001022 endpoint 0x8082: Type 0x3 size 8 
02-04 16:00:08.222  1321  1321 I suez-nanoapp-clients: Barometric peak detected: magnitude = 0.265872 hPa (bucket: 6), duration = 199.000000 ms (bucket: 18).
02-04 16:00:08.225  1321  1321 I suez-nanoapp-clients: Vendor atom [id = 100047] reported.
02-04 16:00:08.225  1301  1326 I CHRE    : @ 17447.166: [ip] Peak detected: magnitude = 0.197413 hpa, duration = 118.000000 ms
02-04 16:00:08.225  1301  1326 I CHRE    : @ 17447.166: [ip] Peak detected: magnitude = 0.305444 hpa, duration = 238.999992 ms
02-04 16:00:08.226  1301  1326 I CHRE    : @ 17447.166: [ip] Peak detected: magnitude = 0.265871 hpa, duration = 199.000000 ms
02-04 16:00:08.227  1301  1326 D CHRE.HAL: Received a nanoapp message from 0x476f6f676c001022 endpoint 0x8082: Type 0x3 size 8 
02-04 16:00:08.227  1321  1321 I suez-nanoapp-clients: Barometric peak detected: magnitude = 0.158545 hPa (bucket: 4), duration = 118.000000 ms (bucket: 11).
02-04 16:00:08.230  1321  1321 I suez-nanoapp-clients: Vendor atom [id = 100047] reported.
02-04 16:00:08.230  1301  1326 I CHRE    : @ 17447.167: [ip] Peak detected: magnitude = 0.158544 hpa, duration = 118.000000 ms
02-04 16:00:08.231  1301  1326 D CHRE.HAL: Received a nanoapp message from 0x476f6f676c001022 endpoint 0x8082: Type 0x3 size 8 
02-04 16:00:08.231  1321  1321 I suez-nanoapp-clients: Barometric peak detected: magnitude = 0.101687 hPa (bucket: 2), duration = 39.000000 ms (bucket: 3).
02-04 16:00:08.234  1321  1321 I suez-nanoapp-clients: Vendor atom [id = 100047] reported.
02-04 16:00:08.235  1301  1326 I CHRE    : @ 17447.167: [ip] Peak detected: magnitude = 0.101686 hpa, duration = 38.999998 ms
02-04 16:00:08.235  1301  1326 D CHRE.HAL: Received a nanoapp message from 0x476f6f676c001022 endpoint 0x8082: Type 0x3 size 8 
02-04 16:00:08.235  1321  1321 I suez-nanoapp-clients: Barometric peak detected: magnitude = 0.127350 hPa (bucket: 3), duration = 120.000000 ms (bucket: 11).
02-04 16:00:08.238  1321  1321 I suez-nanoapp-clients: Vendor atom [id = 100047] reported.
02-04 16:00:08.238  1301  1326 I CHRE    : @ 17447.168: [ip] Peak detected: magnitude = 0.127350 hpa, duration = 119.999997 ms
02-04 16:00:08.451  2657  2876 D TemperatureStateSource: sequence=1737 actualDelay=10001
02-04 16:00:08.451  2657  2876 D TemperatureStateSource: Reading temperature: sequence=1738
02-04 16:00:08.459  2038  2038 I pixel-thermal: VIRTUAL-SKIN:28.2528 raw data: VIRTUAL-NEUTRAL:28252.8 VIRTUAL-NEUTRAL-SKIN2:28170.5 VIRTUAL-QUIET-NEUTRAL:27929.9 VIRTUAL-SKIN:28252.8 disp_therm:28255 gnss_tcxo_therm:28344 neutral_therm:27743 quiet_therm:28010 skin_therm1:28366 skin_therm2:29168 
02-04 16:00:08.461  2657  2876 D TemperatureStateSource: getDeviceTemperatures: sequence=1738 deviceTemperatureType=3 temperatureSource=0 temperatures=[28.25275]
02-04 16:00:08.461  2657  2876 D BusinessScope: Enqueuing the block
02-04 16:00:08.461  2657  2876 D TemperatureStateSource: sequence=1738 waitTime=10000
02-04 16:00:08.461  2657  2875 D BusinessScope: Start running the #3484 block
02-04 16:00:08.461  2657  2875 D BusinessScope: Enqueuing the block
02-04 16:00:08.461  2657  2875 D ImpulseStateSource: Notify clients: 1741
02-04 16:00:08.461  2657  2875 D BusinessScope: Finish running the #3484 block
02-04 16:00:08.462  2657  2875 D BusinessScope: Start running the #3485 block
02-04 16:00:08.462  2657  2875 D BusinessScope: Finish running the #3485 block
02-04 16:00:08.829  2811  2811 I NexusNavHandleLongPressHandler: Omni invocation: touch started
02-04 16:00:08.829  2811  2811 D OtherActivityInputConsumer: ACTION_DOWN: mIsDeferredDownTarget=false
02-04 16:00:08.832  2811  2811 D ActivityTracker: Registering callback: com.android.launcher3.LauncherInitListener@5a6d03a, reason=OtherActivityInputConsumer.startTouchTrackingForWindowAnimation
02-04 16:00:08.832  2811  2811 D RecentsView: onGestureAnimationStart - runningTasks: [[id=79 windowingMode=1 user=0 lastActiveTime=17469187] null]
02-04 16:00:08.833  2811  2811 D RecentsView: showCurrentTask - runningTasks: [[id=79 windowingMode=1 user=0 lastActiveTime=17469187] null]
02-04 16:00:08.834  2811  2811 D OverviewActionsView: updateForGroupedTask() called with: isGroupedTask = [false], canSaveAppPair = [false]
02-04 16:00:08.834  2811  2811 D OverviewActionsView: updateActionButtonsVisibility() called: showSingleTaskActions = [true], showGroupActions = [false]
02-04 16:00:08.834  2811  2811 D RecentsView: reloadIfNeeded - getTasks: 412
02-04 16:00:08.835  2811  2811 D OtherActivityInputConsumer: startTouchTrackingForWindowAnimation: isRecentsAnimationRunning=false
02-04 16:00:08.836  2811  2811 D OtherActivityInputConsumer: ACTION_MOVE: passedSlop=false ( false || (0.0 >= 881.73364 && true ))
02-04 16:00:08.836  2418  2451 V ShellRecents: RecentsTransitionHandler.startRecentsTransition
02-04 16:00:08.836  2811  2811 D OtherActivityInputConsumer: ACTION_MOVE: mPassedPilferInputSlop=false
