02-04 15:59:42.978  2811  2811 D BaseAllAppsAdapter: onBindViewHolder: isPrivateSpaceItem: false isStateTransitioning: false isScrolling: false readyToAnimate: false currentState: 0 currentAlpha: 1.0
02-04 15:59:42.978  2811  2811 D BaseAllAppsAdapter: onBindViewHolder: isPrivateSpaceItem: false isStateTransitioning: false isScrolling: false readyToAnimate: false currentState: 0 currentAlpha: 1.0
02-04 15:59:43.027  2811  2811 D BaseAllAppsAdapter: onBindViewHolder: isPrivateSpaceItem: false isStateTransitioning: false isScrolling: false readyToAnimate: false currentState: 0 currentAlpha: 1.0
02-04 15:59:43.027  2811  2811 D BaseAllAppsAdapter: onBindViewHolder: isPrivateSpaceItem: false isStateTransitioning: false isScrolling: false readyToAnimate: false currentState: 0 currentAlpha: 1.0
02-04 15:59:43.028  2811  2811 D BaseAllAppsAdapter: onBindViewHolder: isPrivateSpaceItem: false isStateTransitioning: false isScrolling: false readyToAnimate: false currentState: 0 currentAlpha: 1.0
02-04 15:59:43.143  2811  2811 D StatsLog: LAUNCHER_ALLAPPS_PERSONAL_SCROLLED_DOWN
02-04 15:59:43.612  1366  2427 I WifiHAL : Creating message to get link statistics; iface = 47
02-04 15:59:43.643  1524  1537 D RILClient: [OemClient]IND: (clientId = 0, msgId = 2015, dataLength = 68, channel = 0)
02-04 15:59:43.643  1389  2276 D RILClient: [OemClient]IND: (clientId = 1, msgId = 2015, dataLength = 68, channel = 0)
02-04 15:59:43.674  2996  3145 D IwlanNetworkService$IwlanNetworkServiceHandler: msg.what = EVENT_NETWORK_REGISTRATION_INFO_REQUEST
02-04 15:59:43.678  2996  3145 D IwlanNetworkService$IwlanNetworkServiceHandler[0]: : reg state REGISTRATION_STATE_HOME
02-04 15:59:43.693  1524  1537 D RILClient: [OemClient]IND: (clientId = 0, msgId = 3005, dataLength = 17, channel = 0)
02-04 15:59:43.694  1389  2276 D RILClient: [OemClient]IND: (clientId = 1, msgId = 3005, dataLength = 17, channel = 0)
02-04 15:59:43.698  2734  2734 I SHANNON_IMS: 2685 [NETW] #:PURP:# UNSOL {RILC_UNSOL_IMS_SUPPORT_SERVICE} : VoPS : 9  EMC : 0  SIM_IDX : 0  RAT : 3  REG_STATE : 0  CELL_ID : 231581772  LAC/TAC : 45000  (NetworkAdaptor$AdaptorChannel%onMessage:306)
02-04 15:59:43.699  2734  2734 I SHANNON_IMS: 2686 [CONN] #:ORNG:# supportService [VoPS : 9/ EMC : 0/ RAT_INFO : 3/ REG_STATE : 0/ CELL_ID : 231581772/ LAC-TAC Info : 45000]  [SLID:0 ] (ImsConnectivityMgr$RegistrationListener%supportService:2886)
02-04 15:59:43.704  2734  2734 W SHANNON_IMS: 2687 [SIM#] Invalid sub id : -1   with slot id : 0 (SubscriptionWrapper%getSubId:55)
02-04 15:59:43.706  2734  2734 I SHANNON_IMS: 2691 [CONN] update Cell Location Info, slotId: 0 [com.shannon.imsservice.conn.ImsConnectivityMgr$RegistrationListener@cbccb2f] (ImsConnectivityMgr$RegistrationListener%updateCellLocation:2958)
02-04 15:59:43.706  2734  2734 I SHANNON_IMS: 2692 [CONN] Ignore RAT_UNKNOWN or not connected [com.shannon.imsservice.conn.ImsConnectivityMgr$RegistrationListener@cbccb2f] (ImsConnectivityMgr$RegistrationListener%updateCellLocation:2961)
02-04 15:59:43.711  2996  3145 D IwlanNetworkService$IwlanNetworkServiceHandler: msg.what = EVENT_NETWORK_REGISTRATION_INFO_REQUEST
02-04 15:59:43.717  2996  3145 D IwlanNetworkService$IwlanNetworkServiceHandler[0]: : reg state REGISTRATION_STATE_HOME
02-04 15:59:43.722  1771  2339 D ConnectivityService: NetReassign [no changes] [c 0] [a 0] [i 3]
02-04 15:59:43.734  1524  1537 D RILClient: [OemClient]IND: (clientId = 0, msgId = 3005, dataLength = 17, channel = 0)
02-04 15:59:43.735  1389  2276 D RILClient: [OemClient]IND: (clientId = 1, msgId = 3005, dataLength = 17, channel = 0)
02-04 15:59:43.739  2734  2734 I SHANNON_IMS: 2695 [NETW] #:PURP:# UNSOL {RILC_UNSOL_IMS_SUPPORT_SERVICE} : VoPS : 9  EMC : 0  SIM_IDX : 0  RAT : 3  REG_STATE : 0  CELL_ID : 231581772  LAC/TAC : 45000  (NetworkAdaptor$AdaptorChannel%onMessage:306)
02-04 15:59:43.740  2734  2734 I SHANNON_IMS: 2696 [CONN] #:ORNG:# supportService [VoPS : 9/ EMC : 0/ RAT_INFO : 3/ REG_STATE : 0/ CELL_ID : 231581772/ LAC-TAC Info : 45000]  [SLID:0 ] (ImsConnectivityMgr$RegistrationListener%supportService:2886)
02-04 15:59:43.742  2734  2734 W SHANNON_IMS: 2697 [SIM#] Invalid sub id : -1   with slot id : 0 (SubscriptionWrapper%getSubId:55)
02-04 15:59:43.743  2734  2734 I SHANNON_IMS: 2701 [CONN] update Cell Location Info, slotId: 0 [com.shannon.imsservice.conn.ImsConnectivityMgr$RegistrationListener@cbccb2f] (ImsConnectivityMgr$RegistrationListener%updateCellLocation:2958)
02-04 15:59:43.744  2734  2734 I SHANNON_IMS: 2702 [CONN] Ignore RAT_UNKNOWN or not connected [com.shannon.imsservice.conn.ImsConnectivityMgr$RegistrationListener@cbccb2f] (ImsConnectivityMgr$RegistrationListener%updateCellLocation:2961)
02-04 15:59:43.775  1771  3772 W ContextImpl: Calling a method in the system process without a qualified user: android.app.ContextImpl.sendBroadcastMultiplePermissions:1319 android.content.Context.sendBroadcastMultiplePermissions:2537 com.android.server.TelephonyRegistry.broadcastServiceStateChanged:3774 com.android.server.TelephonyRegistry.notifyServiceStateForPhoneId:1779 com.android.internal.telephony.ITelephonyRegistry$Stub.onTransact:553 
02-04 15:59:43.781  1771  3772 W ContextImpl: Calling a method in the system process without a qualified user: android.app.ContextImpl.sendBroadcastMultiplePermissions:1352 com.android.server.TelephonyRegistry.broadcastServiceStateChanged:3779 com.android.server.TelephonyRegistry.notifyServiceStateForPhoneId:1779 com.android.internal.telephony.ITelephonyRegistry$Stub.onTransact:553 android.os.Binder.execTransactInternal:1391 
02-04 15:59:43.785  2734  3427 I SHANNON_IMS: 2705 [PROX] onReceive: intent= [Intent { act=android.intent.action.SERVICE_STATE flg=0x1000010 (has extras) }] (ConnectivityBroadcastReceiver%onReceive:91)
02-04 15:59:43.786  1771  3772 W ContextImpl: Calling a method in the system process without a qualified user: android.app.ContextImpl.sendBroadcastMultiplePermissions:1352 com.android.server.TelephonyRegistry.broadcastServiceStateChanged:3788 com.android.server.TelephonyRegistry.notifyServiceStateForPhoneId:1779 com.android.internal.telephony.ITelephonyRegistry$Stub.onTransact:553 android.os.Binder.execTransactInternal:1391 
02-04 15:59:43.788  1771  3772 W ContextImpl: Calling a method in the system process without a qualified user: android.app.ContextImpl.sendBroadcastMultiplePermissions:1352 com.android.server.TelephonyRegistry.broadcastServiceStateChanged:3794 com.android.server.TelephonyRegistry.notifyServiceStateForPhoneId:1779 com.android.internal.telephony.ITelephonyRegistry$Stub.onTransact:553 android.os.Binder.execTransactInternal:1391 
02-04 15:59:43.792  2418  2418 W KeyguardUpdateMonitorLog: invalid subId in handleServiceStateChange()
02-04 15:59:43.794  3101  3101 D CellBroadcastReceiver: onReceive Intent { act=android.intent.action.SERVICE_STATE flg=0x1000010 cmp=com.google.android.cellbroadcastreceiver/com.android.cellbroadcastreceiver.CellBroadcastReceiver (has extras) }
02-04 15:59:43.796  3101  3101 D CellBroadcastReceiver: onServiceStateChanged, ss: 1
02-04 15:59:43.796  3101  3101 D CellBroadcastReceiver: networkOperator: 
02-04 15:59:43.796  3101  3101 D CellBroadcastReceiver: networkOperator on emergency mode: 302 for the country code: ca
02-04 15:59:43.797  3101  3101 D CellBroadcastReceiver: roamingNetworks: [XXX]
02-04 15:59:43.799  3101  3101 D CellBroadcastReceiver: update supported roaming operator as 302
02-04 15:59:43.800  2786  2786 D ServiceStateProvider: subId=-1
02-04 15:59:43.912  2734  2734 W SHANNON_IMS: 2707 [SIM#] Invalid sub id : -1   with slot id : 0 (SubscriptionWrapper%getSubId:55)
02-04 15:59:43.914  2734  2734 W SHANNON_IMS: 2711 [SIM#] Invalid sub id : -1   with slot id : 0 (SubscriptionWrapper%getSubId:55)
02-04 15:59:43.917  2734  2734 W SHANNON_IMS: 2715 [SIM#] Invalid sub id : -1   with slot id : 0 (SubscriptionWrapper%getSubId:55)
02-04 15:59:43.918  2734  2734 W SHANNON_IMS: 2716 [SIM#] Invalid sub id : -1   with slot id : 0 (SubscriptionWrapper%getSubId:55)
02-04 15:59:43.946  2734  2734 W SHANNON_IMS: 2720 [SIM#] Invalid sub id : -1   with slot id : 0 (SubscriptionWrapper%getSubId:55)
02-04 15:59:43.947  2734  2734 W SHANNON_IMS: 2721 [SIM#] Invalid sub id : -1   with slot id : 0 (SubscriptionWrapper%getSubId:55)
02-04 15:59:44.617  2418  2418 D ZenModeController: Added callback class com.android.systemui.qs.tiles.DndTile$3
02-04 15:59:44.639  2418  2472 D ControlsListingControllerImpl: Subscribing callback, service count: 1
02-04 15:59:44.642  2418  2418 D ZenModeController: Removed callback class com.android.systemui.qs.tiles.DndTile$3
02-04 15:59:44.682  2418  2472 D ControlsListingControllerImpl: Unsubscribing callback
02-04 15:59:44.912  2734  3416 W SHANNON_IMS: 2724 [CONN] Timer IMS_SUPPORT_SERVICE_TIMER expired (ConnectionTimer$ConnectionTimerTask%run:73)
02-04 15:59:44.913  2734  3416 W SHANNON_IMS: 2725 [SIM#] Invalid sub id : -1   with slot id : 0 (SubscriptionWrapper%getSubId:55)
02-04 15:59:44.915  2734  3416 W SHANNON_IMS: 2729 [SIM#] Invalid sub id : -1   with slot id : 0 (SubscriptionWrapper%getSubId:55)
02-04 15:59:44.991  2895  5676 I NearbyMediums: No BLE Fast/GATT advertisements found in the latest cycle.
02-04 15:59:45.217  1301  1326 D CHRE    : @ 17424.170: [ActivityPlatform] type 4, confidence 60
02-04 15:59:46.723  1366  2427 I WifiHAL : Creating message to get link statistics; iface = 47
02-04 15:59:46.864  1771  2339 D ConnectivityService: NetReassign [no changes] [c 1] [a 1] [i 9]
02-04 15:59:46.981  1576  1576 D AOC     : A3:MSG: lsm6dsr_device.cc, 763: USF: Lsm6dsrDevice: Sensor 3: Enabled 0, odr_index 0.
02-04 15:59:46.981  1576  1576 D AOC     : A3:MSG: lsm6dsr_fifo.cc, 750: USF: Lsm6dsrFifo: ODR: XL/G/T/TS: 52/52/13/6 WM: 6 Intr: 21.
02-04 15:59:46.982  1576  1576 D AOC     : A3:MSG: lsm6dsr_device.cc, 671: USF: Lsm6dsrDevice: Fifo was disabled for 602539ns.
02-04 15:59:46.982  1576  1576 D AOC     : A3:MSG: usf_sensor.cc, 1581: USF: Received stop sampling request for LSM6DSR Motion Detect (active:-1).
02-04 15:59:46.982  1576  1576 D AOC     : A3:MSG: usf_sensor.cc, 2037: USF: Sampling configuration 144 not found.
02-04 15:59:46.982  1576  1576 D AOC     : A3:MSG: usf_sensor_client.cc, 161: USF: Received kErrNotFound when disabling one shot sensor.
02-04 15:59:46.983  1576  1576 D AOC     : A3:MSG: usf_sensor.cc, 1573: USF: Received start sampling request for LSM6DSR Stationary Detect (active:1).
02-04 15:59:46.986  1576  1576 D AOC     : A3:MSG: lsm6dsr_device.cc, 763: USF: Lsm6dsrDevice: Sensor 4: Enabled 1, odr_index 1.
02-04 15:59:46.987  1576  1576 D AOC     : A3:MSG: lsm6dsr_fifo.cc, 750: USF: Lsm6dsrFifo: ODR: XL/G/T/TS: 52/52/13/6 WM: 6 Intr: 21.
02-04 15:59:46.987  1576  1576 D AOC     : A3:MSG: lsm6dsr_device.cc, 671: USF: Lsm6dsrDevice: Fifo was disabled for 899414ns.
02-04 15:59:46.987  1576  1576 D AOC     : A3:MSG: motion_state_sensor.cc, 327: USF: MoSt: StationaryDetect sampling started with sampling ID 146.
02-04 15:59:46.987  1576  1576 D AOC     : A3:MSG: usf_sensor.cc, 1573: USF: Received start sampling request for LSM6DSR Stationary Detect (active:2).
02-04 15:59:46.989  1576  1576 D AOC     : A3:MSG: usf_sensor.cc, 1573: USF: Received start sampling request for LSM6DSR FreeFall Detect (active:1).
02-04 15:59:46.992  1576  1576 D AOC     : A3:MSG: lsm6dsr_device.cc, 763: USF: Lsm6dsrDevice: Sensor 5: Enabled 1, odr_index 1.
02-04 15:59:46.993  1576  1576 D AOC     : A3:MSG: lsm6dsr_fifo.cc, 750: USF: Lsm6dsrFifo: ODR: XL/G/T/TS: 52/52/13/6 WM: 6 Intr: 21.
02-04 15:59:46.993  1576  1576 D AOC     : A3:MSG: lsm6dsr_device.cc, 671: USF: Lsm6dsrDevice: Fifo was disabled for 526855ns.
02-04 15:59:46.993  1576  1576 D AOC     : A3:MSG: usf_sensor.cc, 1581: USF: Received stop sampling request for LSM6DSR Motion Detect (active:-1).
02-04 15:59:46.994  1576  1576 D AOC     : A3:MSG: usf_sensor.cc, 2037: USF: Sampling configuration 145 not found.
02-04 15:59:46.994  1576  1576 D AOC     : A3:MSG: usf_sensor_client.cc, 145: USF: Received kErrNotFound when disabling one shot sensor.
02-04 15:59:47.311  3694  4367 I bcoe    : (REDACTED) getHotwordActive::active query: %s, watch: %s, devices connected: %s
02-04 15:59:47.354  1576  1576 D AOC     : A3:MSG: usf_sensor.cc, 1573: USF: Received start sampling request for LSM6DSR Gyroscope (active:2).
02-04 15:59:47.354  1576  1576 D AOC     : A3:MSG: lsm6dsr_device.cc, 763: USF: Lsm6dsrDevice: Sensor 1: Enabled 1, odr_index 5.
02-04 15:59:47.354  1576  1576 D AOC     : A3:MSG: lsm6dsr_fifo.cc, 750: USF: Lsm6dsrFifo: ODR: XL/G/T/TS: 52/208/13/26 WM: 17 Intr: 18.
02-04 15:59:47.355  1576  1576 D AOC     : A3:MSG: lsm6dsr_device.cc, 671: USF: Lsm6dsrDevice: Fifo was disabled for 616211ns.
02-04 15:59:47.357  1576  1576 D AOC     : A3:MSG: usf_sensor.cc, 1573: USF: Received start sampling request for MMC56X3X Magnetometer (active:2).
02-04 15:59:47.358  1576  1576 D AOC     : A3:MSG: mmc56x3x_device.cc, 409: USF: MMC56X3X0: mmc56x3x_enable_measure odr = 100.
02-04 15:59:48.175  1301  1326 I CHRE    : @ 17427.125: [ip] Peak detected: magnitude = 0.104523 hpa, duration = 38.999998 ms
02-04 15:59:48.176  1301  1326 I CHRE    : @ 17427.125: [ip] Peak detected: magnitude = 0.254508 hpa, duration = 279.000014 ms
02-04 15:59:48.177  1301  1326 D CHRE.HAL: Received a nanoapp message from 0x476f6f676c001022 endpoint 0x8082: Type 0x3 size 8 
02-04 15:59:48.179  1321  2036 I suez-nanoapp-clients: Barometric peak detected: magnitude = 0.104523 hPa (bucket: 2), duration = 39.000000 ms (bucket: 3).
02-04 15:59:48.189  1321  2036 I suez-nanoapp-clients: Vendor atom [id = 100047] reported.
02-04 15:59:48.190  1301  1326 D CHRE.HAL: Received a nanoapp message from 0x476f6f676c001022 endpoint 0x8082: Type 0x3 size 8 
02-04 15:59:48.190  1321  2036 I suez-nanoapp-clients: Barometric peak detected: magnitude = 0.254508 hPa (bucket: 6), duration = 279.000000 ms (bucket: 24).
02-04 15:59:48.194  1321  2036 I suez-nanoapp-clients: Vendor atom [id = 100047] reported.
02-04 15:59:48.194  1301  1326 D CHRE.HAL: Received a nanoapp message from 0x476f6f676c001022 endpoint 0x8082: Type 0x3 size 8 
02-04 15:59:48.195  1321  1321 I suez-nanoapp-clients: Barometric peak detected: magnitude = 0.141214 hPa (bucket: 3), duration = 240.000000 ms (bucket: 21).
02-04 15:59:48.197  1321  1321 I suez-nanoapp-clients: Vendor atom [id = 100047] reported.
02-04 15:59:48.198  1301  1326 I CHRE    : @ 17427.126: [ip] Peak detected: magnitude = 0.141213 hpa, duration = 239.999994 ms
02-04 15:59:48.198  1301  1326 D CHRE.HAL: Received a nanoapp message from 0x476f6f676c001022 endpoint 0x8082: Type 0x3 size 8 
02-04 15:59:48.198  1321  1321 I suez-nanoapp-clients: Barometric peak detected: magnitude = 0.171175 hPa (bucket: 4), duration = 360.000000 ms (bucket: 30).
02-04 15:59:48.201  1321  1321 I suez-nanoapp-clients: Vendor atom [id = 100047] reported.
02-04 15:59:48.202  1301  1326 I CHRE    : @ 17427.126: [ip] Peak detected: magnitude = 0.171175 hpa, duration = 360.000014 ms
02-04 15:59:48.202  1301  1326 D CHRE.HAL: Received a nanoapp message from 0x476f6f676c001022 endpoint 0x8082: Type 0x3 size 8 
02-04 15:59:48.204  1321  1321 I suez-nanoapp-clients: Barometric peak detected: magnitude = 0.243827 hPa (bucket: 6), duration = 400.000000 ms (bucket: 33).
02-04 15:59:48.207  1321  1321 I suez-nanoapp-clients: Vendor atom [id = 100047] reported.
02-04 15:59:48.207  1301  1326 I CHRE    : @ 17427.127: [ip] Peak detected: magnitude = 0.243826 hpa, duration = 400.000005 ms
02-04 15:59:48.207  1301  1326 I CHRE    : @ 17427.129: [ip] Peak detected: magnitude = 0.183376 hpa, duration = 239.999994 ms
02-04 15:59:48.208  1301  1326 I CHRE    : @ 17427.130: [ip] Peak detected: magnitude = 0.134772 hpa, duration = 119.000002 ms
02-04 15:59:48.208  1301  1326 D CHRE.HAL: Received a nanoapp message from 0x476f6f676c001022 endpoint 0x8082: Type 0x3 size 8 
02-04 15:59:48.208  1321  1321 I suez-nanoapp-clients: Barometric peak detected: magnitude = 0.183376 hPa (bucket: 4), duration = 240.000000 ms (bucket: 21).
02-04 15:59:48.212  1321  1321 I suez-nanoapp-clients: Vendor atom [id = 100047] reported.
02-04 15:59:48.212  1301  1326 D CHRE.HAL: Received a nanoapp message from 0x476f6f676c001022 endpoint 0x8082: Type 0x3 size 8 
02-04 15:59:48.213  1321  1321 I suez-nanoapp-clients: Barometric peak detected: magnitude = 0.134772 hPa (bucket: 3), duration = 119.000000 ms (bucket: 11).
02-04 15:59:48.216  1321  1321 I suez-nanoapp-clients: Vendor atom [id = 100047] reported.
02-04 15:59:48.379  1301  1326 D CHRE    : @ 17427.330: [ActivityPlatform] type 4, confidence 67
02-04 15:59:48.422  2657  2860 D TemperatureStateSource: sequence=1735 actualDelay=10001
02-04 15:59:48.424  2657  2860 D TemperatureStateSource: Reading temperature: sequence=1736
02-04 15:59:48.434  2038  2038 I pixel-thermal: VIRTUAL-SKIN:28.1862 raw data: VIRTUAL-NEUTRAL:28186.2 VIRTUAL-NEUTRAL-SKIN2:28130.3 VIRTUAL-QUIET-NEUTRAL:27914.5 VIRTUAL-SKIN:28186.2 disp_therm:28144 gnss_tcxo_therm:28300 neutral_therm:27743 quiet_therm:27988 skin_therm1:28233 skin_therm2:29034 
02-04 15:59:48.435  2657  2860 D TemperatureStateSource: getDeviceTemperatures: sequence=1736 deviceTemperatureType=3 temperatureSource=0 temperatures=[28.186152]
02-04 15:59:48.435  2657  2860 D BusinessScope: Enqueuing the block
02-04 15:59:48.436  2657  2860 D TemperatureStateSource: sequence=1736 waitTime=10000
02-04 15:59:48.436  2657  2876 D BusinessScope: Start running the #3480 block
02-04 15:59:48.436  2657  2876 D BusinessScope: Enqueuing the block
02-04 15:59:48.437  2657  2876 D ImpulseStateSource: Notify clients: 1739
02-04 15:59:48.437  2657  2876 D BusinessScope: Finish running the #3480 block
02-04 15:59:48.437  2657  2876 D BusinessScope: Start running the #3481 block
02-04 15:59:48.437  2657  2876 D BusinessScope: Finish running the #3481 block
02-04 15:59:49.360  2038  2041 I pixel-thermal: neutral_therm:27.743 raw data: neutral_therm:27743 
02-04 15:59:49.854  1366  2427 I WifiHAL : Creating message to get link statistics; iface = 47
02-04 15:59:49.988  1771  2339 D ConnectivityService: NetReassign [no changes] [c 2] [a 0] [i 10]
02-04 15:59:50.173  2811  2811 E FrameTracker: force finish cuj, time out: J<LAUNCHER_ALL_APPS_SCROLL>
02-04 15:59:50.175  2811  2811 W FrameTracker: Missing SF jank callback for vsyncId: 191173, CUJ=J<LAUNCHER_ALL_APPS_SCROLL>
02-04 15:59:51.256  1524  1537 D RILClient: [OemClient]IND: (clientId = 0, msgId = 2015, dataLength = 68, channel = 0)
02-04 15:59:51.256  1389  2276 D RILClient: [OemClient]IND: (clientId = 1, msgId = 2015, dataLength = 68, channel = 0)
02-04 15:59:51.288  2996  3145 D IwlanNetworkService$IwlanNetworkServiceHandler: msg.what = EVENT_NETWORK_REGISTRATION_INFO_REQUEST
02-04 15:59:51.291  2996  3145 D IwlanNetworkService$IwlanNetworkServiceHandler[0]: : reg state REGISTRATION_STATE_HOME
02-04 15:59:51.297  2996  3145 D IwlanNetworkService$IwlanNetworkServiceHandler: msg.what = EVENT_NETWORK_REGISTRATION_INFO_REQUEST
02-04 15:59:51.299  2996  3145 D IwlanNetworkService$IwlanNetworkServiceHandler[0]: : reg state REGISTRATION_STATE_HOME
02-04 15:59:51.304  1524  1537 D RILClient: [OemClient]IND: (clientId = 0, msgId = 3005, dataLength = 17, channel = 0)
02-04 15:59:51.305  1389  2276 D RILClient: [OemClient]IND: (clientId = 1, msgId = 3005, dataLength = 17, channel = 0)
02-04 15:59:51.308  2734  2734 I SHANNON_IMS: 2734 [NETW] #:PURP:# UNSOL {RILC_UNSOL_IMS_SUPPORT_SERVICE} : VoPS : 9  EMC : 0  SIM_IDX : 0  RAT : 3  REG_STATE : 0  CELL_ID : 231585233  LAC/TAC : 45000  (NetworkAdaptor$AdaptorChannel%onMessage:306)
02-04 15:59:51.308  2734  2734 I SHANNON_IMS: 2735 [CONN] #:ORNG:# supportService [VoPS : 9/ EMC : 0/ RAT_INFO : 3/ REG_STATE : 0/ CELL_ID : 231585233/ LAC-TAC Info : 45000]  [SLID:0 ] (ImsConnectivityMgr$RegistrationListener%supportService:2886)
02-04 15:59:51.311  2734  2734 W SHANNON_IMS: 2736 [SIM#] Invalid sub id : -1   with slot id : 0 (SubscriptionWrapper%getSubId:55)
02-04 15:59:51.316  2734  2734 I SHANNON_IMS: 2740 [CONN] update Cell Location Info, slotId: 0 [com.shannon.imsservice.conn.ImsConnectivityMgr$RegistrationListener@cbccb2f] (ImsConnectivityMgr$RegistrationListener%updateCellLocation:2958)
02-04 15:59:51.317  2734  2734 I SHANNON_IMS: 2741 [CONN] Ignore RAT_UNKNOWN or not connected [com.shannon.imsservice.conn.ImsConnectivityMgr$RegistrationListener@cbccb2f] (ImsConnectivityMgr$RegistrationListener%updateCellLocation:2961)
02-04 15:59:51.344  1524  1537 D RILClient: [OemClient]IND: (clientId = 0, msgId = 3005, dataLength = 17, channel = 0)
02-04 15:59:51.344  1389  2276 D RILClient: [OemClient]IND: (clientId = 1, msgId = 3005, dataLength = 17, channel = 0)
02-04 15:59:51.352  2734  2734 I SHANNON_IMS: 2744 [NETW] #:PURP:# UNSOL {RILC_UNSOL_IMS_SUPPORT_SERVICE} : VoPS : 9  EMC : 0  SIM_IDX : 0  RAT : 3  REG_STATE : 0  CELL_ID : 231585233  LAC/TAC : 45000  (NetworkAdaptor$AdaptorChannel%onMessage:306)
02-04 15:59:51.352  2734  2734 I SHANNON_IMS: 2745 [CONN] #:ORNG:# supportService [VoPS : 9/ EMC : 0/ RAT_INFO : 3/ REG_STATE : 0/ CELL_ID : 231585233/ LAC-TAC Info : 45000]  [SLID:0 ] (ImsConnectivityMgr$RegistrationListener%supportService:2886)
02-04 15:59:51.356  2734  2734 W SHANNON_IMS: 2746 [SIM#] Invalid sub id : -1   with slot id : 0 (SubscriptionWrapper%getSubId:55)
02-04 15:59:51.357  2734  2734 I SHANNON_IMS: 2750 [CONN] update Cell Location Info, slotId: 0 [com.shannon.imsservice.conn.ImsConnectivityMgr$RegistrationListener@cbccb2f] (ImsConnectivityMgr$RegistrationListener%updateCellLocation:2958)
02-04 15:59:51.358  2734  2734 I SHANNON_IMS: 2751 [CONN] Ignore RAT_UNKNOWN or not connected [com.shannon.imsservice.conn.ImsConnectivityMgr$RegistrationListener@cbccb2f] (ImsConnectivityMgr$RegistrationListener%updateCellLocation:2961)
02-04 15:59:51.385  1771  1811 W ContextImpl: Calling a method in the system process without a qualified user: android.app.ContextImpl.sendBroadcastMultiplePermissions:1319 android.content.Context.sendBroadcastMultiplePermissions:2537 com.android.server.TelephonyRegistry.broadcastServiceStateChanged:3774 com.android.server.TelephonyRegistry.notifyServiceStateForPhoneId:1779 com.android.internal.telephony.ITelephonyRegistry$Stub.onTransact:553 
02-04 15:59:51.399  1771  1811 W ContextImpl: Calling a method in the system process without a qualified user: android.app.ContextImpl.sendBroadcastMultiplePermissions:1352 com.android.server.TelephonyRegistry.broadcastServiceStateChanged:3779 com.android.server.TelephonyRegistry.notifyServiceStateForPhoneId:1779 com.android.internal.telephony.ITelephonyRegistry$Stub.onTransact:553 android.os.Binder.execTransactInternal:1391 
02-04 15:59:51.405  1771  1811 W ContextImpl: Calling a method in the system process without a qualified user: android.app.ContextImpl.sendBroadcastMultiplePermissions:1352 com.android.server.TelephonyRegistry.broadcastServiceStateChanged:3788 com.android.server.TelephonyRegistry.notifyServiceStateForPhoneId:1779 com.android.internal.telephony.ITelephonyRegistry$Stub.onTransact:553 android.os.Binder.execTransactInternal:1391 
02-04 15:59:51.405  2734  3427 I SHANNON_IMS: 2754 [PROX] onReceive: intent= [Intent { act=android.intent.action.SERVICE_STATE flg=0x1000010 (has extras) }] (ConnectivityBroadcastReceiver%onReceive:91)
02-04 15:59:51.407  1771  1811 W ContextImpl: Calling a method in the system process without a qualified user: android.app.ContextImpl.sendBroadcastMultiplePermissions:1352 com.android.server.TelephonyRegistry.broadcastServiceStateChanged:3794 com.android.server.TelephonyRegistry.notifyServiceStateForPhoneId:1779 com.android.internal.telephony.ITelephonyRegistry$Stub.onTransact:553 android.os.Binder.execTransactInternal:1391 
02-04 15:59:51.413  3101  3101 D CellBroadcastReceiver: onReceive Intent { act=android.intent.action.SERVICE_STATE flg=0x1000010 cmp=com.google.android.cellbroadcastreceiver/com.android.cellbroadcastreceiver.CellBroadcastReceiver (has extras) }
02-04 15:59:51.414  2786  2786 D ServiceStateProvider: subId=-1
02-04 15:59:51.416  3101  3101 D CellBroadcastReceiver: onServiceStateChanged, ss: 1
02-04 15:59:51.416  2418  2418 W KeyguardUpdateMonitorLog: invalid subId in handleServiceStateChange()
02-04 15:59:51.417  3101  3101 D CellBroadcastReceiver: networkOperator: 
02-04 15:59:51.419  3101  3101 D CellBroadcastReceiver: networkOperator on emergency mode: 302 for the country code: ca
02-04 15:59:51.420  3101  3101 D CellBroadcastReceiver: roamingNetworks: [XXX]
02-04 15:59:51.421  3101  3101 D CellBroadcastReceiver: update supported roaming operator as 302
02-04 15:59:51.523  2734  2734 W SHANNON_IMS: 2756 [SIM#] Invalid sub id : -1   with slot id : 0 (SubscriptionWrapper%getSubId:55)
02-04 15:59:51.525  2734  2734 W SHANNON_IMS: 2760 [SIM#] Invalid sub id : -1   with slot id : 0 (SubscriptionWrapper%getSubId:55)
02-04 15:59:51.526  2734  2734 W SHANNON_IMS: 2764 [SIM#] Invalid sub id : -1   with slot id : 0 (SubscriptionWrapper%getSubId:55)
02-04 15:59:51.527  2734  2734 W SHANNON_IMS: 2765 [SIM#] Invalid sub id : -1   with slot id : 0 (SubscriptionWrapper%getSubId:55)
02-04 15:59:51.564  2734  2734 W SHANNON_IMS: 2769 [SIM#] Invalid sub id : -1   with slot id : 0 (SubscriptionWrapper%getSubId:55)
02-04 15:59:51.564  2734  2734 W SHANNON_IMS: 2770 [SIM#] Invalid sub id : -1   with slot id : 0 (SubscriptionWrapper%getSubId:55)
02-04 15:59:51.572  1301  1326 D CHRE    : @ 17430.523: [ActivityPlatform] type 4, confidence 68
02-04 15:59:51.992  1576  1576 D AOC     : A3:MSG: lsm6dsr_device.cc, 763: USF: Lsm6dsrDevice: Sensor 4: Enabled 0, odr_index 0.
02-04 15:59:51.992  1576  1576 D AOC     : A3:MSG: lsm6dsr_fifo.cc, 750: USF: Lsm6dsrFifo: ODR: XL/G/T/TS: 52/208/13/26 WM: 17 Intr: 18.
02-04 15:59:51.993  1576  1576 D AOC     : A3:MSG: lsm6dsr_device.cc, 671: USF: Lsm6dsrDevice: Fifo was disabled for 441162ns.
02-04 15:59:51.993  1576  1576 D AOC     : A3:MSG: usf_sensor.cc, 1581: USF: Received stop sampling request for LSM6DSR Stationary Detect (active:-1).
02-04 15:59:51.993  1576  1576 D AOC     : A3:MSG: usf_sensor.cc, 2037: USF: Sampling configuration 146 not found.
02-04 15:59:51.993  1576  1576 D AOC     : A3:MSG: usf_sensor_client.cc, 161: USF: Received kErrNotFound when disabling one shot sensor.
02-04 15:59:51.995  1576  1576 D AOC     : A3:MSG: usf_sensor.cc, 1573: USF: Received start sampling request for LSM6DSR Motion Detect (active:1).
02-04 15:59:51.995  1576  1576 D AOC     : A3:MSG: lsm6dsr_device.cc, 763: USF: Lsm6dsrDevice: Sensor 3: Enabled 1, odr_index 1.
02-04 15:59:51.995  1576  1576 D AOC     : A3:MSG: lsm6dsr_fifo.cc, 750: USF: Lsm6dsrFifo: ODR: XL/G/T/TS: 52/208/13/26 WM: 17 Intr: 18.
02-04 15:59:51.995  1576  1576 D AOC     : A3:MSG: lsm6dsr_device.cc, 671: USF: Lsm6dsrDevice: Fifo was disabled for 380860ns.
02-04 15:59:51.996  1576  1576 D AOC     : A3:MSG: motion_state_sensor.cc, 327: USF: MoSt: MotionDetect sampling started with sampling ID 149.
02-04 15:59:51.997  1576  1576 D AOC     : A3:MSG: usf_sensor.cc, 1573: USF: Received start sampling request for LSM6DSR Motion Detect (active:2).
02-04 15:59:51.999  1576  1576 D AOC     : A3:MSG: usf_sensor.cc, 1581: USF: Received stop sampling request for LSM6DSR FreeFall Detect (active:0).
02-04 15:59:51.999  1576  1576 D AOC     : A3:MSG: lsm6dsr_device.cc, 763: USF: Lsm6dsrDevice: Sensor 5: Enabled 0, odr_index 0.
02-04 15:59:51.999  1576  1576 D AOC     : A3:MSG: lsm6dsr_fifo.cc, 750: USF: Lsm6dsrFifo: ODR: XL/G/T/TS: 52/208/13/26 WM: 17 Intr: 18.
02-04 15:59:51.999  1576  1576 D AOC     : A3:MSG: lsm6dsr_device.cc, 671: USF: Lsm6dsrDevice: Fifo was disabled for 289795ns.
02-04 15:59:52.001  1576  1576 D AOC     : A3:MSG: usf_sensor.cc, 1581: USF: Received stop sampling request for LSM6DSR Stationary Detect (active:-1).
02-04 15:59:52.001  1576  1576 D AOC     : A3:MSG: usf_sensor.cc, 2037: USF: Sampling configuration 147 not found.
02-04 15:59:52.002  1576  1576 D AOC     : A3:MSG: usf_sensor_client.cc, 145: USF: Received kErrNotFound when disabling one shot sensor.
02-04 15:59:52.399  1576  1576 D AOC     : A3:MSG: usf_sensor.cc, 1573: USF: Received start sampling request for LSM6DSR Gyroscope (active:3).
02-04 15:59:52.401  1576  1576 D AOC     : A3:MSG: lsm6dsr_device.cc, 763: USF: Lsm6dsrDevice: Sensor 1: Enabled 1, odr_index 3.
02-04 15:59:52.402  1576  1576 D AOC     : A3:MSG: lsm6dsr_fifo.cc, 750: USF: Lsm6dsrFifo: ODR: XL/G/T/TS: 52/52/13/6 WM: 6 Intr: 21.
02-04 15:59:52.402  1576  1576 D AOC     : A3:MSG: lsm6dsr_device.cc, 671: USF: Lsm6dsrDevice: Fifo was disabled for 439942ns.
02-04 15:59:52.402  1576  1576 D AOC     : A3:MSG: usf_sensor.cc, 1573: USF: Received start sampling request for MMC56X3X Magnetometer (active:2).
02-04 15:59:52.402  1576  1576 D AOC     : A3:MSG: mmc56x3x_device.cc, 409: USF: MMC56X3X0: mmc56x3x_enable_measure odr = 10.
02-04 15:59:52.521  2734  3416 W SHANNON_IMS: 2773 [CONN] Timer IMS_SUPPORT_SERVICE_TIMER expired (ConnectionTimer$ConnectionTimerTask%run:73)
02-04 15:59:52.522  2734  3416 W SHANNON_IMS: 2774 [SIM#] Invalid sub id : -1   with slot id : 0 (SubscriptionWrapper%getSubId:55)
02-04 15:59:52.527  2734  3416 W SHANNON_IMS: 2778 [SIM#] Invalid sub id : -1   with slot id : 0 (SubscriptionWrapper%getSubId:55)
02-04 15:59:52.979  1366  2427 I WifiHAL : Creating message to get link statistics; iface = 47
02-04 15:59:53.112  1366  2427 E IPCThreadState: binder thread pool (1 threads) starved for 132 ms
02-04 15:59:53.169  1771  2339 D ConnectivityService: NetReassign [no changes] [c 1] [a 0] [i 6]
02-04 15:59:54.770  1301  1326 D CHRE    : @ 17433.720: [ActivityPlatform] type 4, confidence 62
02-04 15:59:54.997  2895  5676 I NearbyMediums: No BLE Fast/GATT advertisements found in the latest cycle.
02-04 15:59:56.162  1366  2427 I WifiHAL : Creating message to get link statistics; iface = 47
02-04 15:59:56.293  1366  2427 E IPCThreadState: binder thread pool (1 threads) starved for 131 ms
02-04 15:59:56.356  1771  2339 D ConnectivityService: NetReassign [no changes] [c 2] [a 1] [i 9]
02-04 15:59:57.167  1576  1576 D AOC     : A3:MSG: usf_sensor.cc, 1581: USF: Received stop sampling request for LSM6DSR Motion Detect (active:0).
02-04 15:59:57.167  1576  1576 D AOC     : A3:MSG: usf_sensor.cc, 2037: USF: Sampling configuration 149 not found.
02-04 15:59:57.167  1576  1576 D AOC     : A3:MSG: usf_sensor_client.cc, 161: USF: Received kErrNotFound when disabling one shot sensor.
02-04 15:59:57.167  1576  1576 D AOC     : A3:MSG: usf_sensor.cc, 1573: USF: Received start sampling request for LSM6DSR Stationary Detect (active:1).
02-04 15:59:57.168  1576  1576 D AOC     : A3:MSG: lsm6dsr_device.cc, 763: USF: Lsm6dsrDevice: Sensor 4: Enabled 1, odr_index 1.
02-04 15:59:57.168  1576  1576 D AOC     : A3:MSG: lsm6dsr_fifo.cc, 750: USF: Lsm6dsrFifo: ODR: XL/G/T/TS: 52/52/13/6 WM: 6 Intr: 21.
02-04 15:59:57.168  1576  1576 D AOC     : A3:MSG: lsm6dsr_device.cc, 249: USF: Lsm6dsrDevice: Config sampling too slow. Took 447998ns.
02-04 15:59:57.168  1576  1576 D AOC     : A3:MSG: lsm6dsr_device.cc, 671: USF: Lsm6dsrDevice: Fifo was disabled for 447998ns.
02-04 15:59:57.171  1576  1576 D AOC     : A3:MSG: motion_state_sensor.cc, 327: USF: MoSt: StationaryDetect sampling started with sampling ID 151.
02-04 15:59:57.171  1576  1576 D AOC     : A3:MSG: lsm6dsr_device.cc, 763: USF: Lsm6dsrDevice: Sensor 3: Enabled 0, odr_index 0.
02-04 15:59:57.172  1576  1576 D AOC     : A3:MSG: lsm6dsr_fifo.cc, 750: USF: Lsm6dsrFifo: ODR: XL/G/T/TS: 52/52/13/6 WM: 6 Intr: 21.
02-04 15:59:57.172  1576  1576 D AOC     : A3:MSG: lsm6dsr_device.cc, 671: USF: Lsm6dsrDevice: Fifo was disabled for 636718ns.
02-04 15:59:57.173  1576  1576 D AOC     : A3:MSG: usf_sensor.cc, 1573: USF: Received start sampling request for LSM6DSR Stationary Detect (active:2).
02-04 15:59:57.176  1576  1576 D AOC     : A3:MSG: usf_sensor.cc, 1573: USF: Received start sampling request for LSM6DSR FreeFall Detect (active:1).
02-04 15:59:57.176  1576  1576 D AOC     : A3:MSG: lsm6dsr_device.cc, 763: USF: Lsm6dsrDevice: Sensor 5: Enabled 1, odr_index 1.
02-04 15:59:57.176  1576  1576 D AOC     : A3:MSG: lsm6dsr_fifo.cc, 750: USF: Lsm6dsrFifo: ODR: XL/G/T/TS: 52/52/13/6 WM: 6 Intr: 21.
02-04 15:59:57.177  1576  1576 D AOC     : A3:MSG: lsm6dsr_device.cc, 671: USF: Lsm6dsrDevice: Fifo was disabled for 543946ns.
02-04 15:59:57.177  1576  1576 D AOC     : A3:MSG: usf_sensor.cc, 1581: USF: Received stop sampling request for LSM6DSR Motion Detect (active:-1).
02-04 15:59:57.178  1576  1576 D AOC     : A3:MSG: usf_sensor.cc, 2037: USF: Sampling configuration 150 not found.
02-04 15:59:57.178  1576  1576 D AOC     : A3:MSG: usf_sensor_client.cc, 145: USF: Received kErrNotFound when disabling one shot sensor.
02-04 15:59:57.203  1576  1576 D AOC     : A3:MSG: usf_sensor.cc, 1573: USF: Received start sampling request for LSM6DSR Gyroscope (active:2).
02-04 15:59:57.204  1576  1576 D AOC     : A3:MSG: lsm6dsr_device.cc, 763: USF: Lsm6dsrDevice: Sensor 1: Enabled 1, odr_index 5.
02-04 15:59:57.204  1576  1576 D AOC     : A3:MSG: lsm6dsr_fifo.cc, 750: USF: Lsm6dsrFifo: ODR: XL/G/T/TS: 52/208/13/26 WM: 17 Intr: 18.
02-04 15:59:57.204  1576  1576 D AOC     : A3:MSG: lsm6dsr_device.cc, 671: USF: Lsm6dsrDevice: Fifo was disabled for 629150ns.
02-04 15:59:57.206  1576  1576 D AOC     : A3:MSG: usf_sensor.cc, 1573: USF: Received start sampling request for MMC56X3X Magnetometer (active:2).
02-04 15:59:57.206  1576  1576 D AOC     : A3:MSG: mmc56x3x_device.cc, 409: USF: MMC56X3X0: mmc56x3x_enable_measure odr = 100.
02-04 15:59:57.352  1932  2141 I twoshay.grippalm: Grip 0 ENTER 
02-04 15:59:57.772  1932  2141 I twoshay.grippalm: Grip 0 LEAVE1
02-04 15:59:57.815  1771  1811 D CoreBackPreview: startBackNavigation currentTask=Task{9981d0d #9 type=home I=com.google.android.apps.nexuslauncher/.NexusLauncherActivity isResizeable=true minWidth=-1 minHeight=-1}, topRunningActivity=ActivityRecord{ca0535b u0 com.google.android.apps.nexuslauncher/.NexusLauncherActivity t9}, callbackInfo=OnBackInvokedCallbackInfo{mCallback=android.window.IOnBackInvokedCallback$Stub$Proxy@1e76491, mPriority=0, mIsAnimationCallback=true}, currentFocus=Window{5d41c15 u0 com.google.android.apps.nexuslauncher/com.google.android.apps.nexuslauncher.NexusLauncherActivity}
02-04 15:59:57.816  2418  2451 D ShellBackPreview: Received backNavigationInfo:BackNavigationInfo{mType=TYPE_CALLBACK (4), mOnBackNavigationDone=android.os.RemoteCallback@c93d802, mOnBackInvokedCallback=android.window.IOnBackInvokedCallback$Stub$Proxy@a4fc513, mPrepareRemoteAnimation=false, mAnimationCallback=true, mCustomizeAnimationInfo=null}
02-04 15:59:57.856  2553  2593 I deeptouch: I0000 00:00:1738702797.855981    2593 tf_lite_classifier.cc:413] Event stream classified as kNone
02-04 15:59:57.857  2418  2451 D ShellBackPreview: Finishing gesture with event action: 1
02-04 15:59:57.857  2418  2451 D ShellBackPreview: onGestureFinished() mTriggerBack == false
02-04 15:59:57.857  2418  2451 D ShellBackPreview: Trigger back without dispatching to animator.
02-04 15:59:57.857  2418  2451 D ShellBackPreview: Skipping dispatching onBackCancelled. Start was never dispatched.
02-04 15:59:57.857  2418  2451 D ShellBackPreview: BackAnimationController: finishBackNavigation()
02-04 15:59:57.859  1771  1811 D CoreBackPreview: onBackNavigationDone backType=4, triggerBack=false
02-04 15:59:57.873  2811  2811 D StatsLog: LAUNCHER_ALLAPPS_PERSONAL_SCROLLED_DOWN
02-04 15:59:57.950  1301  1326 D CHRE    : @ 17436.904: [ActivityPlatform] type 4, confidence 66
02-04 15:59:58.176  1301  1326 D CHRE.HAL: Received a nanoapp message from 0x476f6f676c001022 endpoint 0x8082: Type 0x3 size 8 
02-04 15:59:58.177  1321  1321 I suez-nanoapp-clients: Barometric peak detected: magnitude = 0.219161 hPa (bucket: 5), duration = 199.000000 ms (bucket: 18).
02-04 15:59:58.183  1321  1321 I suez-nanoapp-clients: Vendor atom [id = 100047] reported.
02-04 15:59:58.183  1301  1326 I CHRE    : @ 17437.126: [ip] Peak detected: magnitude = 0.219161 hpa, duration = 199.000000 ms
02-04 15:59:58.438  2657  2877 D TemperatureStateSource: sequence=1736 actualDelay=10002
02-04 15:59:58.439  2657  2877 D TemperatureStateSource: Reading temperature: sequence=1737
02-04 15:59:58.448  2038  2038 I pixel-thermal: VIRTUAL-SKIN:28.2095 raw data: VIRTUAL-NEUTRAL:28209.5 VIRTUAL-NEUTRAL-SKIN2:28123.7 VIRTUAL-QUIET-NEUTRAL:27914.5 VIRTUAL-SKIN:28209.5 disp_therm:28188 gnss_tcxo_therm:28344 neutral_therm:27743 quiet_therm:27988 skin_therm1:28300 skin_therm2:29012 
02-04 15:59:58.449  2657  2877 D TemperatureStateSource: getDeviceTemperatures: sequence=1737 deviceTemperatureType=3 temperatureSource=0 temperatures=[28.209452]
02-04 15:59:58.449  2657  2877 D BusinessScope: Enqueuing the block
02-04 15:59:58.450  2657  2877 D TemperatureStateSource: sequence=1737 waitTime=10000
02-04 15:59:58.450  2657  2860 D BusinessScope: Start running the #3482 block
02-04 15:59:58.465  2038  2038 I pixel-thermal: VIRTUAL-SKIN:28.2095 raw data: VIRTUAL-SKIN:28209.5 
02-04 15:59:58.467  2657  2860 I TemperatureStateSource: temperature was set
02-04 15:59:58.469  2657  2860 D BusinessScope: Enqueuing the block
02-04 15:59:58.469  2657  2860 D ImpulseStateSource: Notify clients: 1740
02-04 15:59:58.469  2657  2860 D BusinessScope: Finish running the #3482 block
02-04 15:59:58.469  2657  2860 D BusinessScope: Start running the #3483 block
02-04 15:59:58.470  2657  2876 D ImpulseConnection: bindService: com.google.android.apps.turbo
02-04 15:59:58.513  1771  1811 D ActivityManager: sync unfroze 6582 com.google.android.apps.turbo for 6
02-04 15:59:58.525  2657  2657 D ImpulseConnection: onServiceConnected: ComponentInfo{com.google.android.apps.turbo/com.google.android.apps.turbo.adaptiveplatform.impulse.ImpulseClientService} service is null false
02-04 15:59:58.527  2657  2875 D BusinessScope: Finish running the #3483 block
02-04 15:59:59.346  1366  2427 I WifiHAL : Creating message to get link statistics; iface = 47
02-04 15:59:59.479  1366  2427 E IPCThreadState: binder thread pool (1 threads) starved for 133 ms
02-04 15:59:59.545  1771  2339 D ConnectivityService: NetReassign [no changes] [c 2] [a 2] [i 17]
02-04 16:00:00.007  3677  4123 I AiAiEcho: (REDACTED) Predicting[%d]: %s
02-04 16:00:00.028  1771  1864 D ActivityManager: sync unfroze 8128 com.google.android.settings.intelligence for 3
02-04 16:00:00.030  1771  1864 D ActivityManager: sync unfroze 2789 com.android.settings for 3
02-04 16:00:00.031  3677  4123 I AiAiEcho: (REDACTED) EchoTargets: %s
02-04 16:00:00.031  3677  4123 I AiAiEcho: Filtered by AiAi flag check: %s
02-04 16:00:00.032  3677  4123 I AiAiEcho: (REDACTED) #weatherTwiddler: Weather removes SubtitleSupplementalItem in surface: %s
02-04 16:00:00.032  3677  4123 I AiAiEcho: #remoteViewsTwiddler: feature disabled.
02-04 16:00:00.032  3677  4123 I AiAiEcho: (REDACTED) Predicting[%d]: %s
02-04 16:00:00.033  1771  1864 D ActivityManager: sync unfroze 3859 com.android.keychain for 10
02-04 16:00:00.034  3677  4123 I AiAiEcho: (REDACTED) EchoTargets: %s
02-04 16:00:00.034  3677  4123 I AiAiEcho: Filtered by AiAi flag check: %s
02-04 16:00:00.034  3677  4123 I AiAiEcho: #remoteViewsTwiddler: feature disabled.
02-04 16:00:00.034  3677  4123 I AiAiEcho: (REDACTED) Predicting[%d]: %s
02-04 16:00:00.034  1771  1864 D ActivityManager: sync unfroze 7425 com.android.dynsystem:dynsystem for 10
02-04 16:00:00.035  1771  1864 D ActivityManager: sync unfroze 7404 com.android.dynsystem for 10
02-04 16:00:00.035  3677  4123 I AiAiEcho: (REDACTED) EchoTargets: %s
02-04 16:00:00.035  3677  4123 I AiAiEcho: Filtered by AiAi flag check: %s
02-04 16:00:00.036  3677  4123 I AiAiEcho: (REDACTED) #weatherTwiddler: Weather removes SubtitleSupplementalItem in surface: %s
02-04 16:00:00.036  1771  1864 D ActivityManager: sync unfroze 4695 com.android.localtransport for 10
02-04 16:00:00.036  3677  4123 I AiAiEcho: #remoteViewsTwiddler: feature disabled.
02-04 16:00:00.041  3677  4123 I AiAiEcho: (REDACTED) #postPredictionTargets: Sending updates to UISurface %s with targets# %s (types=[%s])
02-04 16:00:00.042  3677  4123 I AiAiEcho: (REDACTED) #postPredictionTargets: Sending updates to UISurface %s with targets# %s (types=[%s])
02-04 16:00:00.043  2418  2418 D SsMediaDataProvider: Forwarding Smartspace updates []
02-04 16:00:00.044  2418  2418 I WeatherSmartspaceView: setFormattedContentDescription: text=-6C, iconDescription=Snow showers, contentDescription=Snow showers, -6C
02-04 16:00:00.044  2418  2418 I WeatherData: Weather data parsed SNOW_SHOWERS_SNOW ("Snow showers") -6C from Bundle[{description=Snow showers, feedback_intent=null, explanation_intent=Supplier{VAL_PARCELABLE@152+1976}, is_gaia_linked_data=true, use_celsius=true, state=25, temperature=-6}]
02-04 16:00:00.044  2418  2418 W PageIndicator: Total number of pages invalid: 0. Assuming 1 page.
02-04 16:00:00.045  3677  4123 I AiAiEcho: (REDACTED) #postPredictionTargets: Sending updates to UISurface %s with targets# %s (types=[%s])
02-04 16:00:00.047  2811  2811 I SsCardPagerAdapter: [rmv] Rendering flag - enabled: true rmv: null
02-04 16:00:00.047  2811  2811 I SsCardPagerAdapter: Use UI template for the feature: 1
02-04 16:00:00.053  2811  2811 D SsBaseTemplateCard: No text view can be set up
02-04 16:00:00.053  2811  2811 I SsBaseTemplateCard: setFormattedContentDescription: text=-6C, iconDescription=Snow showers, contentDescription=Snow showers, -6C
02-04 16:00:00.053  2811  2811 D SsBaseTemplateCard: Passed-in item info is null
02-04 16:00:00.053  2811  2811 D SsBaseTemplateCard: Passed-in item info is null
02-04 16:00:00.053  2811  2811 I SsBaseTemplateCard: Secondary card pane is null
02-04 16:00:00.053  1301  1326 D CHRE.HAL: Received a nanoapp message from 0x476f6f676c00100d endpoint 0x7: Type 0x401 size 29 
02-04 16:00:00.053  2811  2811 D NexusLauncherModelDelegate: notifySmartspaceEvent: SmartspaceTargetEvent{mSmartspaceTarget=SmartspaceTarget{mSmartspaceTargetId='WEATHER-569377244', mHeaderAction=SmartspaceAction{mId='WEATHER', mIcon=Icon(typ=BITMAP size=192x192), mTitle=-6C, mSubtitle=-6C, mContentDescription=Snow showers, mPendingIntent=null, mIntent=Intent { act=android.intent.action.VIEW flg=0x18000000 cmp=com.google.android.googlequicksearchbox/com.google.android.apps.search.assistant.verticals.ambient.smartspace.trampolineactivity.ExportedSmartspaceTrampolineActivity (has extras) }, mUserHandle=UserHandle{0}, mExtras=Bundle[mParcelledData.dataSize=2284]}, mBaseAction=SmartspaceAction{mId='', mIcon=null, mTitle=, mSubtitle=, mContentDescription=, mPendingIntent=null, mIntent=null, mUserHandle=UserHandle{0}, mExtras=Bundle[{description=Snow showers, feedback_intent=null, explanation_intent=Supplier{VAL_PARCELABLE@152+1976}, is_gaia_linked_data=true, use_celsius=true, state=25, temperature=-6}]}, mCreationTimeMillis=1738702800000, mExpiryTimeMillis=1738706400000, mScore=0.0, mActionChips=[], mIconGrid=[], mFeatureType=1, mSensitive=false, mShouldShowExpanded=false, mSourceNotificationKey='', mComponentName=ComponentInfo{package_name/class_name}, mUserHandle=UserHandle{0}, mAssociatedSmartspaceTargetId='null', mSliceUri=null, mWidget=null, mTemplateData=BaseTemplateData{mTemplateType=1, mPrimaryItem=null, mSubtitleItem=SubItemInfo{mText=Text{mText=-6C, mTruncateAtType=END, mMaxLines=1}, mIcon=SmartspaceIcon{mIcon=Icon(typ=BITMAP size=192x192), mContentDescription=Snow showers, mShouldTint=false}, mTapAction=SmartspaceTapAction{mId=mIntent=Intent { act=android.intent.action.VIEW flg=0x18000000 cmp=com.google.android.googlequicksearchbox/com.google.android.apps.search.assistant.verticals.ambient.smartspace.trampolineactivity.ExportedSmartspaceTrampolineActivity (has extras) }, mPendingIntent=null, mUserHandle=null, mExtras=null, mShouldShowOnLockscreen=false}, mLoggingInfo=SubItemLoggingInfo{mInstanceId=2046, mFeatureType=1, mPackageName=}}, mSubtitleSupplementalItem=null, mSupplementalLineItem=null, mSupplementalAlarmItem=null, mLayoutWeight=1}, mRemoteViews=null}, mSmartspaceActionId='', mEventType=8}
02-04 16:00:00.054  1301  1326 D CHRE    : @ 17439.007: Parsed nanoapp message from host: app ID 0x476f6f676c00100d endpoint 0x7 msgType 1 payload size 8
02-04 16:00:00.054  1301  1326 I CHRE    : @ 17439.007: [NanoMinion] received MSG Type 0x1, Version 1, 4 bytes
02-04 16:00:00.054  1301  1326 I CHRE    : @ 17439.007: [NanoMinion] sent MSG Type 0x2, Version 0, 21 bytes, MessageId 5
02-04 16:00:00.054  1301  1326 I CHRE    : @ 17439.008: [cc] ping enabled=0, since_start_millis=17428577, session_seq=5, session_dur_millis=1800022, accel_in_session=0
02-04 16:00:00.055  2789  2789 D PeriodicJobReceiver: refresh periodic job from action=com.android.settings.battery.action.PERIODIC_JOB_UPDATE
02-04 16:00:00.055  2789 30478 D BatteryUsageDataLoader: loadUsageDataSafely() in the AsyncTask
02-04 16:00:00.069  2789  2789 D PeriodicJobManager: schedule next alarm job at Feb 04, 2025, 17:00:00
02-04 16:00:00.126  1771  3771 D TelephonyManager: requestModemActivityInfo: Sending result to app: ModemActivityInfo{ mTimestamp=17463106 mSleepTimeMs=16876891 mIdleTimeMs=102032 mActivityStatsTechSpecificInfo=[{mRat=UNKNOWN,mFrequencyRange=UNKNOWN,mTxTimeMs[]=[0, 0, 0, 0, 0],mRxTimeMs=39090195}]}
02-04 16:00:00.142  1315  1315 E android.hardware.power.stats-service.pixel: Failed to read uid_time_in_state for attribution, return default EnergyConsumer
02-04 16:00:00.171  1296  1585 I bthal.flowcontrol: HciEventPreProcess: HCI Event 0xe Opcode 0xfd59 Length 22 unhandled by ControllerActivityWatcher
02-04 16:00:00.178  1366  2427 I WifiHAL : Creating message to get link statistics; iface = 47
02-04 16:00:00.263  1366  2427 I WifiHAL : Creating message to get link statistics; iface = 47
02-04 16:00:00.270  1315  1315 E android.hardware.power.stats-service.pixel: Failed to read uid_time_in_state for attribution, return default EnergyConsumer
02-04 16:00:00.275  1296  1325 I bthal.activitywatcher: getStateResidency: ActivityStat{0 : totalTimeMs 3271020 totalEntryCount 20147 lastEntryMs 4323059}
02-04 16:00:00.275  1296  1325 I bthal.activitywatcher: getStateResidency: ActivityStat{1 : totalTimeMs 746045 totalEntryCount 20173 lastEntryMs 4323197}
02-04 16:00:00.275  1296  1325 I bthal.activitywatcher: getStateResidency: ActivityStat{2 : totalTimeMs 469105 totalEntryCount 96778 lastEntryMs 4323329}
02-04 16:00:00.275  1296  1325 I bthal.activitywatcher: getStateResidency: ActivityStat{3 : totalTimeMs 121104 totalEntryCount 70606 lastEntryMs 4323279}
02-04 16:00:00.275  1296  1325 I bthal.activitywatcher: send_hci_activities_vsc: Sent VSC <[4]{89, 253, 1, 1}>
02-04 16:00:00.276  1296  1585 I bthal.activitywatcher: filter_hci_activities_vse: Filtered <[103]{14, 101, 1, 89, 253, 0, 1, 0, 0, 0, 0, 0, 0, 0, 0, 137, 239, 3, 0, 0, 0, 0, 0, 219, 239, 3, 0, 0, 0, 0, 0, 1, 0, 0, 0, 0, 0, 0, 0, 219, 239, 3, 0, 0, 0, 0, 0, 137, 239, 3, 0, 0, 0, 0, 0, 0, 0, 0, 0, 0, 0, 0, 0, 136, 239, 3, 0, 0, 0, 0, 0, 136, 239, 3, 0, 0, 0, 0, 0, 0, 0, 0, 0, 0, 0, 0, 0, 237, 238, 3, 0, 0, 0, 0, 0, 239, 238, 3, 0, 0, 0, 0, 0}>
02-04 16:00:00.276  1296  1585 I bthal.flowcontrol: HciEventPreProcess: HCI Event 0xe Opcode 0xfd59 Length 103 handled by ControllerActivityWatcher
02-04 16:00:00.280  1576  1576 D AOC     : A3:MSG: controller.cc, 273: CNTRL: cmd ID: 0x000a, tag: 0xe3 [cntr = 485]
02-04 16:00:00.280  1576  1576 D AOC     : A3:MSG: controller.cc, 811: CNTRL: ipc: control, cmd ID: 0x000a, tag: 0xe3, rc: 0
02-04 16:00:00.283  1576  1576 D AOC     : A3:MSG: controller.cc, 273: CNTRL: cmd ID: 0x000a, tag: 0xe4 [cntr = 486]
02-04 16:00:00.284  1576  1576 D AOC     : A3:MSG: controller.cc, 811: CNTRL: ipc: control, cmd ID: 0x000a, tag: 0xe4, rc: 0
02-04 16:00:00.290  1576  1576 D AOC     : A3:MSG: controller.cc, 273: CNTRL: cmd ID: 0x000a, tag: 0xe5 [cntr = 487]
02-04 16:00:00.290  1576  1576 D AOC     : A3:MSG: controller.cc, 811: CNTRL: ipc: control, cmd ID: 0x000a, tag: 0xe5, rc: 0
02-04 16:00:00.292  1576  1576 D AOC     : A3:MSG: controller.cc, 273: CNTRL: cmd ID: 0x000a, tag: 0xe6 [cntr = 488]
02-04 16:00:00.292  1576  1576 D AOC     : A3:MSG: controller.cc, 811: CNTRL: ipc: control, cmd ID: 0x000a, tag: 0xe6, rc: 0
02-04 16:00:00.293  1576  1576 D AOC     : A3:MSG: controller.cc, 273: CNTRL: cmd ID: 0x000a, tag: 0xe7 [cntr = 489]
02-04 16:00:00.293  1576  1576 D AOC     : A3:MSG: controller.cc, 811: CNTRL: ipc: control, cmd ID: 0x000a, tag: 0xe7, rc: 0
02-04 16:00:00.295  1576  1576 D AOC     : A3:MSG: controller.cc, 273: CNTRL: cmd ID: 0x000a, tag: 0xe8 [cntr = 490]
02-04 16:00:00.295  1576  1576 D AOC     : A3:MSG: controller.cc, 811: CNTRL: ipc: control, cmd ID: 0x000a, tag: 0xe8, rc: 0
02-04 16:00:00.297  1576  1576 D AOC     : A3:MSG: controller.cc, 273: CNTRL: cmd ID: 0x000a, tag: 0xe9 [cntr = 491]
02-04 16:00:00.297  1576  1576 D AOC     : A3:MSG: controller.cc, 811: CNTRL: ipc: control, cmd ID: 0x000a, tag: 0xe9, rc: 0
02-04 16:00:00.297  1576  1576 D AOC     : A3:MSG: controller.cc, 273: CNTRL: cmd ID: 0x000a, tag: 0xea [cntr = 492]
02-04 16:00:00.298  1576  1576 D AOC     : A3:MSG: controller.cc, 811: CNTRL: ipc: control, cmd ID: 0x000a, tag: 0xea, rc: 0
02-04 16:00:00.300  1576  1576 D AOC     : A3:MSG: controller.cc, 273: CNTRL: cmd ID: 0x000a, tag: 0xeb [cntr = 493]
02-04 16:00:00.300  1576  1576 D AOC     : A3:MSG: controller.cc, 811: CNTRL: ipc: control, cmd ID: 0x000a, tag: 0xeb, rc: 0
02-04 16:00:00.301  1576  1576 D AOC     : A3:MSG: controller.cc, 273: CNTRL: cmd ID: 0x000a, tag: 0xec [cntr = 494]
02-04 16:00:00.301  1576  1576 D AOC     : A3:MSG: controller.cc, 811: CNTRL: ipc: control, cmd ID: 0x000a, tag: 0xec, rc: 0
02-04 16:00:00.302  1576  1576 D AOC     : A3:MSG: controller.cc, 273: CNTRL: cmd ID: 0x000a, tag: 0xed [cntr = 495]
02-04 16:00:00.303  1576  1576 D AOC     : A3:MSG: controller.cc, 811: CNTRL: ipc: control, cmd ID: 0x000a, tag: 0xed, rc: 0
