02-04 16:00:06.448  9387  9387 W monodroid-assembly:    at Java.Lang.Object._GetObject[PackageManager](IntPtr handle, JniHandleOwnership transfer)
02-04 16:00:06.448  9387  9387 W monodroid-assembly:    at Java.Lang.Object.GetObject[PackageManager](IntPtr handle, JniHandleOwnership transfer)
02-04 16:00:06.448  9387  9387 W monodroid-assembly:    at Android.Content.ContextWrapper.get_PackageManager()
02-04 16:00:06.448  9387  9387 W monodroid-assembly:    at Sentry.SentrySdk.GetAndroidPackageVersionCode()
02-04 16:00:06.448  9387  9387 W monodroid-assembly:    at Sentry.SentrySdk.GetDefaultDistributionString()
02-04 16:00:06.448  9387  9387 W monodroid-assembly:    at Sentry.SentrySdk.InitSentryAndroidSdk(SentryOptions options)
02-04 16:00:06.448  9387  9387 W monodroid-assembly:    at Sentry.SentrySdk.InitHub(SentryOptions options)
02-04 16:00:06.448  9387  9387 W monodroid-assembly:    at Sentry.SentrySdk.Init(SentryOptions options)
02-04 16:00:06.448  9387  9387 W monodroid-assembly:    at Sentry.SentrySdk.Init(Action`1 configureOptions)
02-04 16:00:06.448  9387  9387 W monodroid-assembly:    at Sentry.Samples.Android.MainActivity.OnCreate(Bundle savedInstanceState)
02-04 16:00:06.448  9387  9387 W monodroid-assembly:    at Android.App.Activity.n_OnCreate_Landroid_os_Bundle_(IntPtr jnienv, IntPtr native__this, IntPtr native_savedInstanceState)
02-04 16:00:06.448  9387  9387 W monodroid-assembly:    at Android.Runtime.JNINativeWrapper.Wrap_JniMarshal_PPL_V(_JniMarshal_PPL_V callback, IntPtr jnienv, IntPtr klazz, IntPtr p0)
02-04 16:00:06.448  9387  9387 D monodroid: typemap: Java type 'android/content/pm/PackageManager' corresponds to managed type 'Android.Content.PM.PackageManager, Mono.Android'
02-04 16:00:06.448  2811  2811 D BaseDepthController: mSurface is null and mCurrentBlur is: 0
02-04 16:00:06.448  9387  9387 D Mono    : Running class .cctor for Android.Content.PM.PackageManagerInvoker from '/data/data/io.sentry.dotnet.samples.android/files/.__override__/arm64-v8a/Mono.Android.dll'
02-04 16:00:06.448  9387  9387 D Mono    : Running class .cctor for Android.Content.PM.PackageManager from '/data/data/io.sentry.dotnet.samples.android/files/.__override__/arm64-v8a/Mono.Android.dll'
02-04 16:00:06.450  9387  9387 D monodroid: typemap: Java type 'android/content/pm/PackageInfo' corresponds to managed type 'Android.Content.PM.PackageInfo, Mono.Android'
02-04 16:00:06.450  9387  9387 D Mono    : Running class .cctor for Android.Content.PM.PackageInfo from '/data/data/io.sentry.dotnet.samples.android/files/.__override__/arm64-v8a/Mono.Android.dll'
02-04 16:00:06.450  9387  9387 D Mono    : Running class .cctor for Android.OS.Build/VERSION from '/data/data/io.sentry.dotnet.samples.android/files/.__override__/arm64-v8a/Mono.Android.dll'
02-04 16:00:06.452  9387  9387 D Mono    : Running class .cctor for Android.Runtime.AndroidEnvironment from '/data/data/io.sentry.dotnet.samples.android/files/.__override__/arm64-v8a/Mono.Android.dll'
02-04 16:00:06.453  9387  9387 D Mono    : Running class .cctor for Java.Interop.JniEnvironment/Object from '/data/data/io.sentry.dotnet.samples.android/files/.__override__/arm64-v8a/Java.Interop.dll'
02-04 16:00:06.453  9387  9387 D Mono    : Request to load Sentry in alc 0xb4000073f75fce90
02-04 16:00:06.453  9387  9387 D Mono    : Assembly already loaded in the active ALC: 'Sentry'.
02-04 16:00:06.453  9387  9387 D Mono    : Request to load Sentry.Bindings.Android in alc 0xb4000073f75fce90
02-04 16:00:06.453  9387  9387 D Mono    : Assembly already loaded in the active ALC: 'Sentry.Bindings.Android'.
02-04 16:00:06.453  9387  9387 D Mono    : Running class .cctor for Sentry.JavaSdk.Sentry/IOptionsConfigurationInvoker from '/data/data/io.sentry.dotnet.samples.android/files/.__override__/arm64-v8a/Sentry.Bindings.Android.dll'
02-04 16:00:06.454  9387  9387 D Mono    : Running class .cctor for Sentry.JavaSdk.Android.Core.SentryAndroid from '/data/data/io.sentry.dotnet.samples.android/files/.__override__/arm64-v8a/Sentry.Bindings.Android.dll'
02-04 16:00:06.462  9387  9387 W samples.android: Accessing hidden field Landroid/view/Choreographer;->mLastFrameTimeNanos:J (unsupported, reflection, allowed)
02-04 16:00:06.465  2811  2811 D BaseDepthController: mSurface is null and mCurrentBlur is: 0
02-04 16:00:06.467  3677  4131 W AiAiEcho: Logging to Simple Storage failed.
02-04 16:00:06.467  3677  4131 W AiAiEcho: java.util.concurrent.CancellationException
02-04 16:00:06.467  3677  4131 W AiAiEcho: 	at abfk.d(PG:8)
02-04 16:00:06.467  3677  4131 W AiAiEcho: 	at abfk.get(PG:1)
02-04 16:00:06.467  3677  4131 W AiAiEcho: 	at a.n(PG:2)
02-04 16:00:06.467  3677  4131 W AiAiEcho: 	at wim.R(PG:10)
02-04 16:00:06.467  3677  4131 W AiAiEcho: 	at wsj.run(PG:24)
02-04 16:00:06.467  3677  4131 W AiAiEcho: 	at java.util.concurrent.Executors$RunnableAdapter.call(Executors.java:487)
02-04 16:00:06.467  3677  4131 W AiAiEcho: 	at wtq.a(PG:3)
02-04 16:00:06.467  3677  4131 W AiAiEcho: 	at wst.run(PG:19)
02-04 16:00:06.467  3677  4131 W AiAiEcho: 	at wtr.run(PG:5)
02-04 16:00:06.467  3677  4131 W AiAiEcho: 	at java.util.concurrent.Executors$RunnableAdapter.call(Executors.java:487)
02-04 16:00:06.467  3677  4131 W AiAiEcho: 	at java.util.concurrent.FutureTask.run(FutureTask.java:264)
02-04 16:00:06.467  3677  4131 W AiAiEcho: 	at java.util.concurrent.ScheduledThreadPoolExecutor$ScheduledFutureTask.run(ScheduledThreadPoolExecutor.java:307)
02-04 16:00:06.467  3677  4131 W AiAiEcho: 	at java.util.concurrent.ThreadPoolExecutor.runWorker(ThreadPoolExecutor.java:1145)
02-04 16:00:06.467  3677  4131 W AiAiEcho: 	at java.util.concurrent.ThreadPoolExecutor$Worker.run(ThreadPoolExecutor.java:644)
02-04 16:00:06.467  3677  4131 W AiAiEcho: 	at hsz.run(PG:221)
02-04 16:00:06.467  3677  4131 W AiAiEcho: 	at java.lang.Thread.run(Thread.java:1012)
02-04 16:00:06.467  3677  4131 W AiAiEcho: Caused by: aayn: Parent job is Cancelled; job=aayo{Cancelled}@abaeda9
02-04 16:00:06.467  3677  4131 W AiAiEcho: Caused by: android.database.sqlite.SQLiteException: no such column: "`ttlBaseMillis`" (code 1 SQLITE_ERROR): , while compiling: ALTER TABLE `PersistedPeopleSuggestLabels`
02-04 16:00:06.467  3677  4131 W AiAiEcho:             RENAME COLUMN `ttlBaseMillis` TO `createdMillis`;
02-04 16:00:06.467  3677  4131 W AiAiEcho: 	at android.database.sqlite.SQLiteConnection.nativePrepareStatement(Native Method)
02-04 16:00:06.467  3677  4131 W AiAiEcho: 	at android.database.sqlite.SQLiteConnection.-$$Nest$smnativePrepareStatement(Unknown Source:0)
02-04 16:00:06.467  3677  4131 W AiAiEcho: 	at android.database.sqlite.SQLiteConnection$PreparedStatementCache.createStatement(SQLiteConnection.java:1576)
02-04 16:00:06.467  3677  4131 W AiAiEcho: 	at android.database.sqlite.SQLiteConnection.acquirePreparedStatementLI(SQLiteConnection.java:1111)
02-04 16:00:06.467  3677  4131 W AiAiEcho: 	at android.database.sqlite.SQLiteConnection.acquirePreparedStatement(SQLiteConnection.java:1139)
02-04 16:00:06.467  3677  4131 W AiAiEcho: 	at android.database.sqlite.SQLiteConnection.prepare(SQLiteConnection.java:699)
02-04 16:00:06.467  3677  4131 W AiAiEcho: 	at android.database.sqlite.SQLiteSession.prepare(SQLiteSession.java:625)
02-04 16:00:06.467  3677  4131 W AiAiEcho: 	at android.database.sqlite.SQLiteProgram.<init>(SQLiteProgram.java:62)
02-04 16:00:06.467  3677  4131 W AiAiEcho: 	at android.database.sqlite.SQLiteStatement.<init>(SQLiteStatement.java:34)
02-04 16:00:06.467  3677  4131 W AiAiEcho: 	at android.database.sqlite.SQLiteDatabase.executeSql(SQLiteDatabase.java:2234)
02-04 16:00:06.467  3677  4131 W AiAiEcho: 	at android.database.sqlite.SQLiteDatabase.execSQL(SQLiteDatabase.java:2154)
02-04 16:00:06.467  3677  4131 W AiAiEcho: 	at bws.h(PG:3)
02-04 16:00:06.467  3677  4131 W AiAiEcho: 	at guh.a(PG:3)
02-04 16:00:06.467  3677  4131 W AiAiEcho: 	at bvd.b(PG:3)
02-04 16:00:06.467  3677  4131 W AiAiEcho: 	at bsz.d(PG:40)
02-04 16:00:06.467  3677  4131 W AiAiEcho: 	at bww.onUpgrade(PG:15)
02-04 16:00:06.467  3677  4131 W AiAiEcho: 	at android.database.sqlite.SQLiteOpenHelper.getDatabaseLocked(SQLiteOpenHelper.java:415)
02-04 16:00:06.467  3677  4131 W AiAiEcho: 	at android.database.sqlite.SQLiteOpenHelper.getWritableDatabase(SQLiteOpenHelper.java:316)
02-04 16:00:06.467  3677  4131 W AiAiEcho: 	at bww.c(PG:1)
02-04 16:00:06.467  3677  4131 W AiAiEcho: 	at bww.b(PG:82)
02-04 16:00:06.467  3677  4131 W AiAiEcho: 	at bwy.b(PG:5)
02-04 16:00:06.467  3677  4131 W AiAiEcho: 	at gwc.b(PG:137)
02-04 16:00:06.467  3677  4131 W AiAiEcho: 	at gwc.a(PG:13)
02-04 16:00:06.467  3677  4131 W AiAiEcho: 	at aaim.cs(PG:14)
02-04 16:00:06.467  3677  4131 W AiAiEcho: 	at aask.F(PG:54)
02-04 16:00:06.467  3677  4131 W AiAiEcho: 	at gwh.b(PG:34)
02-04 16:00:06.467  3677  4131 W AiAiEcho: 	at aaqj.g(PG:11)
02-04 16:00:06.467  3677  4131 W AiAiEcho: 	at kotlinx.coroutines.DispatchedTask.run(PG:112)
02-04 16:00:06.467  3677  4131 W AiAiEcho: 	at java.util.concurrent.Executors$RunnableAdapter.call(Executors.java:487)
02-04 16:00:06.467  3677  4131 W AiAiEcho: 	at wtq.a(PG:3)
02-04 16:00:06.467  3677  4131 W AiAiEcho: 	at wst.run(PG:19)
02-04 16:00:06.467  3677  4131 W AiAiEcho: 	at wtr.run(PG:5)
02-04 16:00:06.467  3677  4131 W AiAiEcho: 	at java.util.concurrent.Executors$RunnableAdapter.call(Executors.java:487)
02-04 16:00:06.467  3677  4131 W AiAiEcho: 	at java.util.concurrent.FutureTask.run(FutureTask.java:264)
02-04 16:00:06.467  3677  4131 W AiAiEcho: 	at java.util.concurrent.ScheduledThreadPoolExecutor$ScheduledFutureTask.run(ScheduledThreadPoolExecutor.java:307)
02-04 16:00:06.467  3677  4131 W AiAiEcho: 	at java.util.concurrent.ThreadPoolExecutor.runWorker(ThreadPoolExecutor.java:1145)
02-04 16:00:06.467  3677  4131 W AiAiEcho: 	at java.util.concurrent.ThreadPoolExecutor$Worker.run(ThreadPoolExecutor.java:644)
02-04 16:00:06.467  3677  4131 W AiAiEcho: 	at hsz.run(PG:221)
02-04 16:00:06.467  3677  4131 W AiAiEcho: 	at java.lang.Thread.run(Thread.java:1012)
02-04 16:00:06.471  9387  9468 D nativeloader: Load /system/lib64/liblog.so using ns clns-7 from class loader (caller=/data/app/~~vl8u3VkrRNL_sX9bUE-ijA==/io.sentry.dotnet.samples.android-rfrJghnKnn1Pm3Z7tA-b3Q==/base.apk): ok
02-04 16:00:06.471  9387  9468 D nativeloader: Load /data/app/~~vl8u3VkrRNL_sX9bUE-ijA==/io.sentry.dotnet.samples.android-rfrJghnKnn1Pm3Z7tA-b3Q==/lib/arm64/libsentry.so using ns clns-7 from class loader (caller=/data/app/~~vl8u3VkrRNL_sX9bUE-ijA==/io.sentry.dotnet.samples.android-rfrJghnKnn1Pm3Z7tA-b3Q==/base.apk): ok
02-04 16:00:06.471  9387  9468 D nativeloader: Load /data/app/~~vl8u3VkrRNL_sX9bUE-ijA==/io.sentry.dotnet.samples.android-rfrJghnKnn1Pm3Z7tA-b3Q==/lib/arm64/libsentry-android.so using ns clns-7 from class loader (caller=/data/app/~~vl8u3VkrRNL_sX9bUE-ijA==/io.sentry.dotnet.samples.android-rfrJghnKnn1Pm3Z7tA-b3Q==/base.apk): ok
02-04 16:00:06.475  3677  4123 D LauncherApps: getActivityList: No launchable activities found forpackageName=com.whatsapp, user=UserHandle{0}
02-04 16:00:06.475  1371  2065 D audioserver: logFgsApiEnd: FGS Logger Transaction failed, -129
02-04 16:00:06.476  1294  2102 W amcs_ext_file: update_third_party_effect_amcs_data:fail to send ioctl amcs, ret -1
02-04 16:00:06.476  1294  2102 W audio_hw: fail on interact with audio_amcs_ext.so -1
02-04 16:00:06.476  1294  2102 D audio_hw_waves: update_sink_info_from_usecases: update amcs, instance id 1, volume 169 0 0 0 0 0 0 0 0 0
02-04 16:00:06.476  1294  2102 W audio_hw_35l41: cs35l41_amp_common_event: ret: 0, event: 15, state: 3, device: 0
02-04 16:00:06.476  1294  2102 D audio_hw_output_stream: update stream 1 active 0 gain 0.000000
02-04 16:00:06.476  3677  4123 D LauncherApps: getActivityList: No launchable activities found forpackageName=com.instagram.android, user=UserHandle{0}
02-04 16:00:06.476  3677  4123 D LauncherApps: getActivityList: No launchable activities found forpackageName=jp.naver.line.android, user=UserHandle{0}
02-04 16:00:06.477  1371  1544 W APM::AudioPolicyEngine: getDevicesForStrategyInt unknown strategy: 10
02-04 16:00:06.477  1371  1544 I APM::AudioPolicyEngine: getDevicesForStrategyInt no device found for strategy 10
02-04 16:00:06.477  3677  4123 D LauncherApps: getActivityList: No launchable activities found forpackageName=com.snapchat.android, user=UserHandle{0}
02-04 16:00:06.477  3677  4123 D LauncherApps: getActivityList: No launchable activities found forpackageName=com.spotify.music, user=UserHandle{0}
02-04 16:00:06.477  3677  4123 D LauncherApps: getActivityList: No launchable activities found forpackageName=com.zhiliaoapp.musically, user=UserHandle{0}
02-04 16:00:06.477  9387  9387 D monodroid: typemap: Java type 'io/sentry/android/core/SentryAndroidOptions' corresponds to managed type 'Sentry.JavaSdk.Android.Core.SentryAndroidOptions, Sentry.Bindings.Android'
02-04 16:00:06.478  9387  9387 D Mono    : Running class .cctor for Sentry.JavaSdk.Android.Core.SentryAndroidOptions from '/data/data/io.sentry.dotnet.samples.android/files/.__override__/arm64-v8a/Sentry.Bindings.Android.dll'
02-04 16:00:06.478  9387  9387 D Mono    : Running class .cctor for Sentry.JavaSdk.SentryOptions from '/data/data/io.sentry.dotnet.samples.android/files/.__override__/arm64-v8a/Sentry.Bindings.Android.dll'
02-04 16:00:06.479  9387  9387 D Mono    : Requesting loading reference 15 (of 28) of /data/data/io.sentry.dotnet.samples.android/files/.__override__/arm64-v8a/Sentry.dll
02-04 16:00:06.479  9387  9387 D Mono    : Loading reference 15 of /data/data/io.sentry.dotnet.samples.android/files/.__override__/arm64-v8a/Sentry.dll (default ALC), looking for System.Net.WebProxy, Version=9.0.0.0, Culture=neutral, PublicKeyToken=cc7b13ffcd2ddd51
02-04 16:00:06.479  9387  9387 D Mono    : Request to load System.Net.WebProxy in alc 0xb4000073f75fce90
02-04 16:00:06.479  9387  9387 D monodroid-assembly: individual_assemblies_open_from_bundles: looking for bundled name: 'System.Net.WebProxy.dll'
02-04 16:00:06.479  9387  9387 W monodroid-assembly: open_from_bundles: failed to load bundled assembly System.Net.WebProxy.dll
02-04 16:00:06.479  9387  9387 W monodroid-assembly: open_from_bundles: the assembly might have been uploaded to the device with FastDev instead
02-04 16:00:06.479  9387  9387 D monodroid-assembly: open_from_update_dir: trying to open assembly: /data/user/0/io.sentry.dotnet.samples.android/files/.__override__/arm64-v8a/System.Net.WebProxy.dll
02-04 16:00:06.479  9387  9387 D Mono    : Assembly Loader probing location: '/data/user/0/io.sentry.dotnet.samples.android/files/.__override__/arm64-v8a/System.Net.WebProxy.dll'.
02-04 16:00:06.479  9387  9387 D Mono    : Image addref System.Net.WebProxy[0xb4000075075f2e90] (default ALC) -> /data/data/io.sentry.dotnet.samples.android/files/.__override__/arm64-v8a/System.Net.WebProxy.dll[0xb4000073e76261e0]: 2
02-04 16:00:06.479  9387  9387 D Mono    : Prepared to set up assembly 'System.Net.WebProxy' (/data/data/io.sentry.dotnet.samples.android/files/.__override__/arm64-v8a/System.Net.WebProxy.dll)
02-04 16:00:06.479  9387  9387 D Mono    : Loading assembly System.Net.WebProxy (0xb4000075075f2e90) into domain RootDomain (0xb4000075375c0b30) and ALC 0xb4000073f75fce90
02-04 16:00:06.479  9387  9387 D Mono    : Assembly System.Net.WebProxy[0xb4000075075f2e90] added to ALC '(null)'[0xb4000073f75fce90], ref_count=1
02-04 16:00:06.479  9387  9387 D monodroid-assembly: monodroid_dlopen: hash for name '/data/data/io.sentry.dotnet.samples.android/files/.__override__/arm64-v8a/System.Net.WebProxy.dll.so' is 0xe5e97ca84fb31711
02-04 16:00:06.479  9387  9387 D monodroid-assembly: Looking for hash 0x4fb31711 in AOT cache
02-04 16:00:06.479  9387  9387 D monodroid-assembly: Looking for hash 0x4fb31711 in DSO cache
02-04 16:00:06.479  9387  9387 D monodroid-assembly: monodroid_dlopen: hash match not found, DSO name is '<unknown>'
02-04 16:00:06.479  9387  9387 I monodroid-assembly: Trying to load shared library '/data/data/io.sentry.dotnet.samples.android/files/.__override__/arm64-v8a/System.Net.WebProxy.dll.so'
02-04 16:00:06.479  9387  9387 I monodroid-assembly: Shared library '/data/data/io.sentry.dotnet.samples.android/files/.__override__/arm64-v8a/System.Net.WebProxy.dll.so' not found
02-04 16:00:06.479  9387  9387 D Mono    : AOT: image '/data/data/io.sentry.dotnet.samples.android/files/.__override__/arm64-v8a/System.Net.WebProxy.dll.so' not found: (null)
02-04 16:00:06.479  9387  9387 D Mono    : Assembly Loader loaded assembly from location: '/data/user/0/io.sentry.dotnet.samples.android/files/.__override__/arm64-v8a/System.Net.WebProxy.dll'.
02-04 16:00:06.479  9387  9387 I monodroid-assembly: open_from_update_dir: loaded assembly: 0xb4000075075f2e90
02-04 16:00:06.479  9387  9387 D Mono    : Assembly found with the filesystem probing logic: 'System.Net.WebProxy'.
02-04 16:00:06.479  9387  9387 D Mono    : Assembly Ref addref Sentry[0xb4000075075f4f90] -> System.Net.WebProxy[0xb4000075075f2e90]: 2
02-04 16:00:06.479  9387  9387 D Mono    : Requesting loading reference 0 (of 3) of /data/data/io.sentry.dotnet.samples.android/files/.__override__/arm64-v8a/System.Net.WebProxy.dll
02-04 16:00:06.479  9387  9387 D Mono    : Loading reference 0 of /data/data/io.sentry.dotnet.samples.android/files/.__override__/arm64-v8a/System.Net.WebProxy.dll (default ALC), looking for System.Private.CoreLib, Version=9.0.0.0, Culture=neutral, PublicKeyToken=7cec85d7bea7798e
02-04 16:00:06.479  9387  9387 D Mono    : Request to load System.Private.CoreLib in alc 0xb4000073f75fce90
02-04 16:00:06.479  9387  9387 D Mono    : Assembly already loaded in the active ALC: 'System.Private.CoreLib'.
02-04 16:00:06.479  9387  9387 D Mono    : Assembly Ref addref System.Net.WebProxy[0xb4000075075f2e90] -> System.Private.CoreLib[0xb4000075075f87f0]: 17
02-04 16:00:06.479  9387  9387 D Mono    : Requesting loading reference 1 (of 3) of /data/data/io.sentry.dotnet.samples.android/files/.__override__/arm64-v8a/System.Net.WebProxy.dll
02-04 16:00:06.479  9387  9387 D Mono    : Loading reference 1 of /data/data/io.sentry.dotnet.samples.android/files/.__override__/arm64-v8a/System.Net.WebProxy.dll (default ALC), looking for System.Net.Primitives, Version=9.0.0.0, Culture=neutral, PublicKeyToken=b03f5f7f11d50a3a
02-04 16:00:06.479  9387  9387 D Mono    : Request to load System.Net.Primitives in alc 0xb4000073f75fce90
02-04 16:00:06.479  9387  9387 D Mono    : Assembly already loaded in the active ALC: 'System.Net.Primitives'.
02-04 16:00:06.479  9387  9387 D Mono    : Assembly Ref addref System.Net.WebProxy[0xb4000075075f2e90] -> System.Net.Primitives[0xb4000075075f41d0]: 3
02-04 16:00:06.480  9387  9387 D Mono    : Requesting loading reference 2 (of 3) of /data/data/io.sentry.dotnet.samples.android/files/.__override__/arm64-v8a/System.Net.WebProxy.dll
02-04 16:00:06.480  9387  9387 D Mono    : Loading reference 2 of /data/data/io.sentry.dotnet.samples.android/files/.__override__/arm64-v8a/System.Net.WebProxy.dll (default ALC), looking for System.Private.Uri, Version=9.0.0.0, Culture=neutral, PublicKeyToken=b03f5f7f11d50a3a
02-04 16:00:06.480  9387  9387 D Mono    : Request to load System.Private.Uri in alc 0xb4000073f75fce90
02-04 16:00:06.480  9387  9387 D Mono    : Assembly already loaded in the active ALC: 'System.Private.Uri'.
02-04 16:00:06.480  9387  9387 D Mono    : Assembly Ref addref System.Net.WebProxy[0xb4000075075f2e90] -> System.Private.Uri[0xb4000075075f3c50]: 3
02-04 16:00:06.482  2811  2811 D BaseDepthController: mSurface is null and mCurrentBlur is: 0
02-04 16:00:06.483  9387  9387 D Mono    : Running class .cctor for Sentry.JavaSdk.SentryLevel from '/data/data/io.sentry.dotnet.samples.android/files/.__override__/arm64-v8a/Sentry.Bindings.Android.dll'
02-04 16:00:06.483  9387  9387 D monodroid: typemap: Java type 'io/sentry/SentryLevel' corresponds to managed type 'Sentry.JavaSdk.SentryLevel, Sentry.Bindings.Android'
02-04 16:00:06.484  9387  9387 D Mono    : Running class .cctor for Java.Lang.Enum from '/data/data/io.sentry.dotnet.samples.android/files/.__override__/arm64-v8a/Mono.Android.dll'
02-04 16:00:06.487  9387  9387 D Mono    : Running class .cctor for Sentry.JavaSdk.Android.Core.NdkHandlerStrategy from '/data/data/io.sentry.dotnet.samples.android/files/.__override__/arm64-v8a/Sentry.Bindings.Android.dll'
02-04 16:00:06.488  9387  9387 D monodroid: typemap: Java type 'io/sentry/android/core/NdkHandlerStrategy' corresponds to managed type 'Sentry.JavaSdk.Android.Core.NdkHandlerStrategy, Sentry.Bindings.Android'
02-04 16:00:06.492  9387  9387 D Mono    : Request to load Mono.Android in alc 0xb4000073f75fce90
02-04 16:00:06.492  9387  9387 D Mono    : Assembly already loaded in the active ALC: 'Mono.Android'.
02-04 16:00:06.492  9387  9387 D monodroid: typemap: Java type 'java/lang/Class' corresponds to managed type 'Java.Lang.Class, Mono.Android'
02-04 16:00:06.498  2811  2811 D BaseDepthController: mSurface is null and mCurrentBlur is: 0
02-04 16:00:06.500  9387  9387 W pool-3-thread-1: type=1400 audit(0.0:5811): avc:  denied  { read } for  name="version" dev="proc" ino=4026532008 scontext=u:r:untrusted_app:s0:c93,c257,c512,c768 tcontext=u:object_r:proc_version:s0 tclass=file permissive=0 app=io.sentry.dotnet.samples.android
02-04 16:00:06.513  9387  9387 D Mono    : Running class .cctor for Sentry.JavaSdk.Hint from '/data/data/io.sentry.dotnet.samples.android/files/.__override__/arm64-v8a/Sentry.Bindings.Android.dll'
02-04 16:00:06.514  9387  9387 D Mono    : Running class .cctor for Android.Runtime.JavaList from '/data/data/io.sentry.dotnet.samples.android/files/.__override__/arm64-v8a/Mono.Android.dll'
02-04 16:00:06.515  2811  2811 D BaseDepthController: mSurface is null and mCurrentBlur is: 0
02-04 16:00:06.515  9387  9387 D Mono    : Running class .cctor for Sentry.Android.AndroidEventProcessor/<>c from '/data/data/io.sentry.dotnet.samples.android/files/.__override__/arm64-v8a/Sentry.dll'
02-04 16:00:06.517  9387  9387 I monodroid-assembly: typemap: unable to find mapping to a managed type from Java type 'java/util/concurrent/CopyOnWriteArrayList$COWIterator'
02-04 16:00:06.520  1771  3771 D ConnectivityService: requestNetwork for uid/pid:10349/9387 activeRequest: null callbackRequest: 1006 [NetworkRequest [ REQUEST id=1007, [ Capabilities: INTERNET&NOT_RESTRICTED&TRUSTED&NOT_VCN_MANAGED&NOT_BANDWIDTH_CONSTRAINED Uid: 10349 RequestorUid: 10349 RequestorPkg: io.sentry.dotnet.samples.android UnderlyingNetworks: Null] ]] callback flags: 0 order: 2147483647 isUidTracked: false declaredMethods: AVAIL|LOSING|LOST|UNAVAIL
02-04 16:00:06.521  9387  9387 D Mono    : Running class .cctor for System.Collections.Generic.List`1<object> from '/data/data/io.sentry.dotnet.samples.android/files/.__override__/arm64-v8a/System.Private.CoreLib.dll'
02-04 16:00:06.521  1771  2331 D WifiNetworkFactory: got request NetworkRequest [ REQUEST id=1007, [ Capabilities: INTERNET&NOT_RESTRICTED&TRUSTED&NOT_VCN_MANAGED&NOT_BANDWIDTH_CONSTRAINED Uid: 10349 RequestorUid: 10349 RequestorPkg: io.sentry.dotnet.samples.android UnderlyingNetworks: Null] ]
02-04 16:00:06.521  1771  2331 D UntrustedWifiNetworkFactory: got request NetworkRequest [ REQUEST id=1007, [ Capabilities: INTERNET&NOT_RESTRICTED&TRUSTED&NOT_VCN_MANAGED&NOT_BANDWIDTH_CONSTRAINED Uid: 10349 RequestorUid: 10349 RequestorPkg: io.sentry.dotnet.samples.android UnderlyingNetworks: Null] ]
02-04 16:00:06.521  1771  2331 D OemPaidWifiNetworkFactory: got request NetworkRequest [ REQUEST id=1007, [ Capabilities: INTERNET&NOT_RESTRICTED&TRUSTED&NOT_VCN_MANAGED&NOT_BANDWIDTH_CONSTRAINED Uid: 10349 RequestorUid: 10349 RequestorPkg: io.sentry.dotnet.samples.android UnderlyingNetworks: Null] ]
02-04 16:00:06.521  1771  2331 D MultiInternetWifiNetworkFactory: got request NetworkRequest [ REQUEST id=1007, [ Capabilities: INTERNET&NOT_RESTRICTED&TRUSTED&NOT_VCN_MANAGED&NOT_BANDWIDTH_CONSTRAINED Uid: 10349 RequestorUid: 10349 RequestorPkg: io.sentry.dotnet.samples.android UnderlyingNetworks: Null] ]
02-04 16:00:06.522  1771  2339 D ConnectivityService: NetReassign [1007 : null  100] [c 0] [a 0] [i 1]
02-04 16:00:06.523  9387  9387 W monodroid-assembly: typemap: called from
02-04 16:00:06.523  9387  9387 W monodroid-assembly: at Java.Interop.TypeManager.GetJavaToManagedType(String class_name)
02-04 16:00:06.523  9387  9387 W monodroid-assembly:    at Java.Interop.TypeManager.CreateInstance(IntPtr handle, JniHandleOwnership transfer, Type targetType)
02-04 16:00:06.523  9387  9387 W monodroid-assembly:    at Java.Lang.Object.GetObject(IntPtr handle, JniHandleOwnership transfer, Type type)
02-04 16:00:06.523  9387  9387 W monodroid-assembly:    at Java.Lang.Object._GetObject[IIterator](IntPtr handle, JniHandleOwnership transfer)
02-04 16:00:06.523  9387  9387 W monodroid-assembly:    at Java.Lang.Object.GetObject[IIterator](IntPtr handle, JniHandleOwnership transfer)
02-04 16:00:06.523  9387  9387 W monodroid-assembly:    at Android.Runtime.JavaList.Iterator()
02-04 16:00:06.523  9387  9387 W monodroid-assembly:    at Android.Runtime.JavaList`1[[Sentry.JavaSdk.IEventProcessor, Sentry.Bindings.Android, Version=5.1.0.0, Culture=neutral, PublicKeyToken=fba2ec45388e2af0]].GetEnumerator()
02-04 16:00:06.523  9387  9387 W monodroid-assembly:    at Android.Runtime.JavaList`1[[Sentry.JavaSdk.IEventProcessor, Sentry.Bindings.Android, Version=5.1.0.0, Culture=neutral, PublicKeyToken=fba2ec45388e2af0]].System.Collections.IEnumerable.GetEnumerator()
02-04 16:00:06.523  9387  9387 W monodroid-assembly:    at System.Linq.Enumerable.OfTypeIterator`1[[Java.Lang.Object, Mono.Android, Version=0.0.0.0, Culture=neutral, PublicKeyToken=84e04ff9cfb79065]].MoveNext()
02-04 16:00:06.523  9387  9387 W monodroid-assembly:    at System.Linq.Enumerable.IEnumerableWhereIterator`1[[Java.Lang.Object, Mono.Android, Version=0.0.0.0, Culture=neutral, PublicKeyToken=84e04ff9cfb79065]].MoveNext()
02-04 16:00:06.523  9387  9387 W monodroid-assembly:    at System.Linq.Enumerable.<CastIterator>d__39`1[[Sentry.JavaSdk.IEventProcessor, Sentry.Bindings.Android, Version=5.1.0.0, Culture=neutral, PublicKeyToken=fba2ec45388e2af0]].MoveNext()
02-04 16:00:06.523  9387  9387 W monodroid-assembly:    at System.Linq.Enumerable.TryGetFirstNonIterator[IEventProcessor](IEnumerable`1 source, Boolean& found)
02-04 16:00:06.523  9387  9387 W monodroid-assembly:    at System.Linq.Enumerable.TryGetFirst[IEventProcessor](IEnumerable`1 source, Boolean& found)
02-04 16:00:06.523  9387  9387 W monodroid-assembly:    at System.Linq.Enumerable.FirstOrDefault[IEventProcessor](IEnumerable`1 source)
02-04 16:00:06.523  9387  9387 W monodroid-assembly:    at Sentry.Android.AndroidEventProcessor..ctor(SentryAndroidOptions nativeOptions)
02-04 16:00:06.523  9387  9387 W monodroid-assembly:    at Sentry.SentrySdk.InitSentryAndroidSdk(SentryOptions options)
02-04 16:00:06.523  9387  9387 W monodroid-assembly:    at Sentry.SentrySdk.InitHub(SentryOptions options)
02-04 16:00:06.523  9387  9387 W monodroid-assembly:    at Sentry.SentrySdk.Init(SentryOptions options)
02-04 16:00:06.523  9387  9387 W monodroid-assembly:    at Sentry.SentrySdk.Init(Action`1 configureOptions)
02-04 16:00:06.523  9387  9387 W monodroid-assembly:    at Sentry.Samples.Android.MainActivity.OnCreate(Bundle savedInstanceState)
02-04 16:00:06.523  9387  9387 W monodroid-assembly:    at Android.App.Activity.n_OnCreate_Landroid_os_Bundle_(IntPtr jnienv, IntPtr native__this, IntPtr native_savedInstanceState)
02-04 16:00:06.523  9387  9387 W monodroid-assembly:    at Android.Runtime.JNINativeWrapper.Wrap_JniMarshal_PPL_V(_JniMarshal_PPL_V callback, IntPtr jnienv, IntPtr klazz, IntPtr p0)
02-04 16:00:06.523  9387  9387 D monodroid: typemap: Java type 'java/lang/Object' corresponds to managed type 'Java.Lang.Object, Mono.Android'
02-04 16:00:06.524  9387  9387 D Mono    : Running class .cctor for Java.Util.IIteratorInvoker from '/data/data/io.sentry.dotnet.samples.android/files/.__override__/arm64-v8a/Mono.Android.dll'
02-04 16:00:06.524  9387  9387 D Mono    : Running class .cctor for System.Linq.Extensions from '/data/data/io.sentry.dotnet.samples.android/files/.__override__/arm64-v8a/Mono.Android.dll'
02-04 16:00:06.525  9387  9387 D Mono    : Running class .cctor for Java.Interop.JavaConvert from '/data/data/io.sentry.dotnet.samples.android/files/.__override__/arm64-v8a/Mono.Android.dll'
02-04 16:00:06.525  9387  9387 D Mono    : Running class .cctor for Java.Interop.JavaConvert/<>c from '/data/data/io.sentry.dotnet.samples.android/files/.__override__/arm64-v8a/Mono.Android.dll'
02-04 16:00:06.527  9387  9387 I monodroid-assembly: typemap: unable to find mapping to a managed type from Java type 'io/sentry/MainEventProcessor'
02-04 16:00:06.528  9387  9387 W monodroid-assembly: typemap: called from
02-04 16:00:06.528  9387  9387 W monodroid-assembly: at Java.Interop.TypeManager.GetJavaToManagedType(String class_name)
02-04 16:00:06.528  9387  9387 W monodroid-assembly:    at Java.Interop.TypeManager.CreateInstance(IntPtr handle, JniHandleOwnership transfer, Type targetType)
02-04 16:00:06.528  9387  9387 W monodroid-assembly:    at Java.Lang.Object.GetObject(IntPtr handle, JniHandleOwnership transfer, Type type)
02-04 16:00:06.528  9387  9387 W monodroid-assembly:    at Java.Lang.Object._GetObject[IEventProcessor](IntPtr handle, JniHandleOwnership transfer)
02-04 16:00:06.528  9387  9387 W monodroid-assembly:    at Java.Interop.JavaConvert.FromJniHandle[IEventProcessor](IntPtr handle, JniHandleOwnership transfer, Boolean& set)
02-04 16:00:06.528  9387  9387 W monodroid-assembly:    at Java.Interop.JavaConvert.FromJniHandle[IEventProcessor](IntPtr handle, JniHandleOwnership transfer)
02-04 16:00:06.528  9387  9387 W monodroid-assembly:    at System.Linq.Extensions.<ToEnumerator_Dispose>d__6`1[[Sentry.JavaSdk.IEventProcessor, Sentry.Bindings.Android, Version=5.1.0.0, Culture=neutral, PublicKeyToken=fba2ec45388e2af0]].MoveNext()
02-04 16:00:06.528  9387  9387 W monodroid-assembly:    at System.Linq.Enumerable.OfTypeIterator`1[[Java.Lang.Object, Mono.Android, Version=0.0.0.0, Culture=neutral, PublicKeyToken=84e04ff9cfb79065]].MoveNext()
02-04 16:00:06.528  9387  9387 W monodroid-assembly:    at System.Linq.Enumerable.IEnumerableWhereIterator`1[[Java.Lang.Object, Mono.Android, Version=0.0.0.0, Culture=neutral, PublicKeyToken=84e04ff9cfb79065]].MoveNext()
02-04 16:00:06.528  9387  9387 W monodroid-assembly:    at System.Linq.Enumerable.<CastIterator>d__39`1[[Sentry.JavaSdk.IEventProcessor, Sentry.Bindings.Android, Version=5.1.0.0, Culture=neutral, PublicKeyToken=fba2ec45388e2af0]].MoveNext()
02-04 16:00:06.528  9387  9387 W monodroid-assembly:    at System.Linq.Enumerable.TryGetFirstNonIterator[IEventProcessor](IEnumerable`1 source, Boolean& found)
02-04 16:00:06.528  9387  9387 W monodroid-assembly:    at System.Linq.Enumerable.TryGetFirst[IEventProcessor](IEnumerable`1 source, Boolean& found)
02-04 16:00:06.528  9387  9387 W monodroid-assembly:    at System.Linq.Enumerable.FirstOrDefault[IEventProcessor](IEnumerable`1 source)
02-04 16:00:06.528  9387  9387 W monodroid-assembly:    at Sentry.Android.AndroidEventProcessor..ctor(SentryAndroidOptions nativeOptions)
02-04 16:00:06.528  9387  9387 W monodroid-assembly:    at Sentry.SentrySdk.InitSentryAndroidSdk(SentryOptions options)
02-04 16:00:06.528  9387  9387 W monodroid-assembly:    at Sentry.SentrySdk.InitHub(SentryOptions options)
02-04 16:00:06.528  9387  9387 W monodroid-assembly:    at Sentry.SentrySdk.Init(SentryOptions options)
02-04 16:00:06.528  9387  9387 W monodroid-assembly:    at Sentry.SentrySdk.Init(Action`1 configureOptions)
02-04 16:00:06.528  9387  9387 W monodroid-assembly:    at Sentry.Samples.Android.MainActivity.OnCreate(Bundle savedInstanceState)
02-04 16:00:06.528  9387  9387 W monodroid-assembly:    at Android.App.Activity.n_OnCreate_Landroid_os_Bundle_(IntPtr jnienv, IntPtr native__this, IntPtr native_savedInstanceState)
02-04 16:00:06.528  9387  9387 W monodroid-assembly:    at Android.Runtime.JNINativeWrapper.Wrap_JniMarshal_PPL_V(_JniMarshal_PPL_V callback, IntPtr jnienv, IntPtr klazz, IntPtr p0)
02-04 16:00:06.529  9387  9387 D Mono    : Running class .cctor for Sentry.JavaSdk.IEventProcessorInvoker from '/data/data/io.sentry.dotnet.samples.android/files/.__override__/arm64-v8a/Sentry.Bindings.Android.dll'
02-04 16:00:06.530  9387  9387 I monodroid-assembly: typemap: unable to find mapping to a managed type from Java type 'io/sentry/DuplicateEventDetectionEventProcessor'
02-04 16:00:06.531  9387  9387 W monodroid-assembly: typemap: called from
02-04 16:00:06.532  2811  2811 D BaseDepthController: mSurface is null and mCurrentBlur is: 0
02-04 16:00:06.532  9387  9387 W monodroid-assembly: at Java.Interop.TypeManager.GetJavaToManagedType(String class_name)
02-04 16:00:06.532  9387  9387 W monodroid-assembly:    at Java.Interop.TypeManager.CreateInstance(IntPtr handle, JniHandleOwnership transfer, Type targetType)
02-04 16:00:06.532  9387  9387 W monodroid-assembly:    at Java.Lang.Object.GetObject(IntPtr handle, JniHandleOwnership transfer, Type type)
02-04 16:00:06.532  9387  9387 W monodroid-assembly:    at Java.Lang.Object._GetObject[IEventProcessor](IntPtr handle, JniHandleOwnership transfer)
02-04 16:00:06.532  9387  9387 W monodroid-assembly:    at Java.Interop.JavaConvert.FromJniHandle[IEventProcessor](IntPtr handle, JniHandleOwnership transfer, Boolean& set)
02-04 16:00:06.532  9387  9387 W monodroid-assembly:    at Java.Interop.JavaConvert.FromJniHandle[IEventProcessor](IntPtr handle, JniHandleOwnership transfer)
02-04 16:00:06.532  9387  9387 W monodroid-assembly:    at System.Linq.Extensions.<ToEnumerator_Dispose>d__6`1[[Sentry.JavaSdk.IEventProcessor, Sentry.Bindings.Android, Version=5.1.0.0, Culture=neutral, PublicKeyToken=fba2ec45388e2af0]].MoveNext()
02-04 16:00:06.532  9387  9387 W monodroid-assembly:    at System.Linq.Enumerable.OfTypeIterator`1[[Java.Lang.Object, Mono.Android, Version=0.0.0.0, Culture=neutral, PublicKeyToken=84e04ff9cfb79065]].MoveNext()
02-04 16:00:06.532  9387  9387 W monodroid-assembly:    at System.Linq.Enumerable.IEnumerableWhereIterator`1[[Java.Lang.Object, Mono.Android, Version=0.0.0.0, Culture=neutral, PublicKeyToken=84e04ff9cfb79065]].MoveNext()
02-04 16:00:06.532  9387  9387 W monodroid-assembly:    at System.Linq.Enumerable.<CastIterator>d__39`1[[Sentry.JavaSdk.IEventProcessor, Sentry.Bindings.Android, Version=5.1.0.0, Culture=neutral, PublicKeyToken=fba2ec45388e2af0]].MoveNext()
02-04 16:00:06.532  9387  9387 W monodroid-assembly:    at System.Linq.Enumerable.TryGetFirstNonIterator[IEventProcessor](IEnumerable`1 source, Boolean& found)
02-04 16:00:06.532  9387  9387 W monodroid-assembly:    at System.Linq.Enumerable.TryGetFirst[IEventProcessor](IEnumerable`1 source, Boolean& found)
02-04 16:00:06.532  9387  9387 W monodroid-assembly:    at System.Linq.Enumerable.FirstOrDefault[IEventProcessor](IEnumerable`1 source)
02-04 16:00:06.532  9387  9387 W monodroid-assembly:    at Sentry.Android.AndroidEventProcessor..ctor(SentryAndroidOptions nativeOptions)
02-04 16:00:06.532  9387  9387 W monodroid-assembly:    at Sentry.SentrySdk.InitSentryAndroidSdk(SentryOptions options)
02-04 16:00:06.532  9387  9387 W monodroid-assembly:    at Sentry.SentrySdk.InitHub(SentryOptions options)
02-04 16:00:06.532  9387  9387 W monodroid-assembly:    at Sentry.SentrySdk.Init(SentryOptions options)
02-04 16:00:06.532  9387  9387 W monodroid-assembly:    at Sentry.SentrySdk.Init(Action`1 configureOptions)
02-04 16:00:06.532  9387  9387 W monodroid-assembly:    at Sentry.Samples.Android.MainActivity.OnCreate(Bundle savedInstanceState)
02-04 16:00:06.532  9387  9387 W monodroid-assembly:    at Android.App.Activity.n_OnCreate_Landroid_os_Bundle_(IntPtr jnienv, IntPtr native__this, IntPtr native_savedInstanceState)
02-04 16:00:06.532  9387  9387 W monodroid-assembly:    at Android.Runtime.JNINativeWrapper.Wrap_JniMarshal_PPL_V(_JniMarshal_PPL_V callback, IntPtr jnienv, IntPtr klazz, IntPtr p0)
02-04 16:00:06.533  9387  9387 I monodroid-assembly: typemap: unable to find mapping to a managed type from Java type 'io/sentry/DeduplicateMultithreadedEventProcessor'
02-04 16:00:06.534  9387  9387 W monodroid-assembly: typemap: called from
02-04 16:00:06.534  9387  9387 W monodroid-assembly: at Java.Interop.TypeManager.GetJavaToManagedType(String class_name)
02-04 16:00:06.534  9387  9387 W monodroid-assembly:    at Java.Interop.TypeManager.CreateInstance(IntPtr handle, JniHandleOwnership transfer, Type targetType)
02-04 16:00:06.534  9387  9387 W monodroid-assembly:    at Java.Lang.Object.GetObject(IntPtr handle, JniHandleOwnership transfer, Type type)
02-04 16:00:06.534  9387  9387 W monodroid-assembly:    at Java.Lang.Object._GetObject[IEventProcessor](IntPtr handle, JniHandleOwnership transfer)
02-04 16:00:06.534  9387  9387 W monodroid-assembly:    at Java.Interop.JavaConvert.FromJniHandle[IEventProcessor](IntPtr handle, JniHandleOwnership transfer, Boolean& set)
02-04 16:00:06.534  9387  9387 W monodroid-assembly:    at Java.Interop.JavaConvert.FromJniHandle[IEventProcessor](IntPtr handle, JniHandleOwnership transfer)
02-04 16:00:06.534  9387  9387 W monodroid-assembly:    at System.Linq.Extensions.<ToEnumerator_Dispose>d__6`1[[Sentry.JavaSdk.IEventProcessor, Sentry.Bindings.Android, Version=5.1.0.0, Culture=neutral, PublicKeyToken=fba2ec45388e2af0]].MoveNext()
02-04 16:00:06.534  9387  9387 W monodroid-assembly:    at System.Linq.Enumerable.OfTypeIterator`1[[Java.Lang.Object, Mono.Android, Version=0.0.0.0, Culture=neutral, PublicKeyToken=84e04ff9cfb79065]].MoveNext()
02-04 16:00:06.534  9387  9387 W monodroid-assembly:    at System.Linq.Enumerable.IEnumerableWhereIterator`1[[Java.Lang.Object, Mono.Android, Version=0.0.0.0, Culture=neutral, PublicKeyToken=84e04ff9cfb79065]].MoveNext()
02-04 16:00:06.534  9387  9387 W monodroid-assembly:    at System.Linq.Enumerable.<CastIterator>d__39`1[[Sentry.JavaSdk.IEventProcessor, Sentry.Bindings.Android, Version=5.1.0.0, Culture=neutral, PublicKeyToken=fba2ec45388e2af0]].MoveNext()
02-04 16:00:06.534  9387  9387 W monodroid-assembly:    at System.Linq.Enumerable.TryGetFirstNonIterator[IEventProcessor](IEnumerable`1 source, Boolean& found)
02-04 16:00:06.534  9387  9387 W monodroid-assembly:    at System.Linq.Enumerable.TryGetFirst[IEventProcessor](IEnumerable`1 source, Boolean& found)
02-04 16:00:06.534  9387  9387 W monodroid-assembly:    at System.Linq.Enumerable.FirstOrDefault[IEventProcessor](IEnumerable`1 source)
02-04 16:00:06.534  9387  9387 W monodroid-assembly:    at Sentry.Android.AndroidEventProcessor..ctor(SentryAndroidOptions nativeOptions)
02-04 16:00:06.534  9387  9387 W monodroid-assembly:    at Sentry.SentrySdk.InitSentryAndroidSdk(SentryOptions options)
02-04 16:00:06.534  9387  9387 W monodroid-assembly:    at Sentry.SentrySdk.InitHub(SentryOptions options)
02-04 16:00:06.534  9387  9387 W monodroid-assembly:    at Sentry.SentrySdk.Init(SentryOptions options)
02-04 16:00:06.534  9387  9387 W monodroid-assembly:    at Sentry.SentrySdk.Init(Action`1 configureOptions)
02-04 16:00:06.534  9387  9387 W monodroid-assembly:    at Sentry.Samples.Android.MainActivity.OnCreate(Bundle savedInstanceState)
02-04 16:00:06.534  9387  9387 W monodroid-assembly:    at Android.App.Activity.n_OnCreate_Landroid_os_Bundle_(IntPtr jnienv, IntPtr native__this, IntPtr native_savedInstanceState)
02-04 16:00:06.534  9387  9387 W monodroid-assembly:    at Android.Runtime.JNINativeWrapper.Wrap_JniMarshal_PPL_V(_JniMarshal_PPL_V callback, IntPtr jnienv, IntPtr klazz, IntPtr p0)
02-04 16:00:06.534  9387  9387 D monodroid: typemap: Java type 'io/sentry/android/core/DefaultAndroidEventProcessor' corresponds to managed type 'Sentry.JavaSdk.Android.Core.DefaultAndroidEventProcessor, Sentry.Bindings.Android'
02-04 16:00:06.535  9387  9387 D Mono    : Running class .cctor for Sentry.Android.LogCatAttachmentEventProcessor from '/data/data/io.sentry.dotnet.samples.android/files/.__override__/arm64-v8a/Sentry.dll'
02-04 16:00:06.535  9387  9387 D Mono    : Running class .cctor for Sentry.SentrySdk/<>c from '/data/data/io.sentry.dotnet.samples.android/files/.__override__/arm64-v8a/Sentry.dll'
02-04 16:00:06.536  9387  9387 D Mono    : Running class .cctor for Sentry.Infrastructure.SystemClock from '/data/data/io.sentry.dotnet.samples.android/files/.__override__/arm64-v8a/Sentry.dll'
02-04 16:00:06.536  9387  9387 D Mono    : Running class .cctor for Sentry.Internal.Enricher/<>c from '/data/data/io.sentry.dotnet.samples.android/files/.__override__/arm64-v8a/Sentry.dll'
02-04 16:00:06.536  9387  9387 D Mono    : Requesting loading reference 16 (of 28) of /data/data/io.sentry.dotnet.samples.android/files/.__override__/arm64-v8a/Sentry.dll
02-04 16:00:06.536  9387  9387 D Mono    : Loading reference 16 of /data/data/io.sentry.dotnet.samples.android/files/.__override__/arm64-v8a/Sentry.dll (default ALC), looking for System.Collections.Concurrent, Version=9.0.0.0, Culture=neutral, PublicKeyToken=b03f5f7f11d50a3a
02-04 16:00:06.536  9387  9387 D Mono    : Request to load System.Collections.Concurrent in alc 0xb4000073f75fce90
02-04 16:00:06.536  9387  9387 D monodroid-assembly: individual_assemblies_open_from_bundles: looking for bundled name: 'System.Collections.Concurrent.dll'
02-04 16:00:06.536  9387  9387 W monodroid-assembly: open_from_bundles: failed to load bundled assembly System.Collections.Concurrent.dll
02-04 16:00:06.537  9387  9387 W monodroid-assembly: open_from_bundles: the assembly might have been uploaded to the device with FastDev instead
02-04 16:00:06.537  9387  9387 D monodroid-assembly: open_from_update_dir: trying to open assembly: /data/user/0/io.sentry.dotnet.samples.android/files/.__override__/arm64-v8a/System.Collections.Concurrent.dll
02-04 16:00:06.537  9387  9387 D Mono    : Assembly Loader probing location: '/data/user/0/io.sentry.dotnet.samples.android/files/.__override__/arm64-v8a/System.Collections.Concurrent.dll'.
02-04 16:00:06.537  9387  9387 D Mono    : Image addref System.Collections.Concurrent[0xb4000075075f1890] (default ALC) -> /data/data/io.sentry.dotnet.samples.android/files/.__override__/arm64-v8a/System.Collections.Concurrent.dll[0xb4000073e7620c90]: 2
02-04 16:00:06.537  9387  9387 D Mono    : Prepared to set up assembly 'System.Collections.Concurrent' (/data/data/io.sentry.dotnet.samples.android/files/.__override__/arm64-v8a/System.Collections.Concurrent.dll)
02-04 16:00:06.537  9387  9387 D Mono    : Loading assembly System.Collections.Concurrent (0xb4000075075f1890) into domain RootDomain (0xb4000075375c0b30) and ALC 0xb4000073f75fce90
02-04 16:00:06.537  9387  9387 D Mono    : Assembly System.Collections.Concurrent[0xb4000075075f1890] added to ALC '(null)'[0xb4000073f75fce90], ref_count=1
02-04 16:00:06.537  9387  9387 D monodroid-assembly: monodroid_dlopen: hash for name '/data/data/io.sentry.dotnet.samples.android/files/.__override__/arm64-v8a/System.Collections.Concurrent.dll.so' is 0x7fa4dc08d801b6cf
02-04 16:00:06.537  9387  9387 D monodroid-assembly: Looking for hash 0xd801b6cf in AOT cache
02-04 16:00:06.537  9387  9387 D monodroid-assembly: Looking for hash 0xd801b6cf in DSO cache
02-04 16:00:06.537  9387  9387 D monodroid-assembly: monodroid_dlopen: hash match not found, DSO name is '<unknown>'
02-04 16:00:06.537  9387  9387 I monodroid-assembly: Trying to load shared library '/data/data/io.sentry.dotnet.samples.android/files/.__override__/arm64-v8a/System.Collections.Concurrent.dll.so'
02-04 16:00:06.537  9387  9387 I monodroid-assembly: Shared library '/data/data/io.sentry.dotnet.samples.android/files/.__override__/arm64-v8a/System.Collections.Concurrent.dll.so' not found
02-04 16:00:06.537  9387  9387 D Mono    : AOT: image '/data/data/io.sentry.dotnet.samples.android/files/.__override__/arm64-v8a/System.Collections.Concurrent.dll.so' not found: (null)
02-04 16:00:06.537  9387  9387 D Mono    : Assembly Loader loaded assembly from location: '/data/user/0/io.sentry.dotnet.samples.android/files/.__override__/arm64-v8a/System.Collections.Concurrent.dll'.
02-04 16:00:06.537  9387  9387 I monodroid-assembly: open_from_update_dir: loaded assembly: 0xb4000075075f1890
02-04 16:00:06.537  9387  9387 D Mono    : Assembly found with the filesystem probing logic: 'System.Collections.Concurrent'.
02-04 16:00:06.537  9387  9387 D Mono    : Assembly Ref addref Sentry[0xb4000075075f4f90] -> System.Collections.Concurrent[0xb4000075075f1890]: 2
02-04 16:00:06.537  9387  9387 D Mono    : Requesting loading reference 0 (of 1) of /data/data/io.sentry.dotnet.samples.android/files/.__override__/arm64-v8a/System.Collections.Concurrent.dll
02-04 16:00:06.537  9387  9387 D Mono    : Loading reference 0 of /data/data/io.sentry.dotnet.samples.android/files/.__override__/arm64-v8a/System.Collections.Concurrent.dll (default ALC), looking for System.Private.CoreLib, Version=9.0.0.0, Culture=neutral, PublicKeyToken=7cec85d7bea7798e
02-04 16:00:06.537  9387  9387 D Mono    : Request to load System.Private.CoreLib in alc 0xb4000073f75fce90
02-04 16:00:06.537  9387  9387 D Mono    : Assembly already loaded in the active ALC: 'System.Private.CoreLib'.
02-04 16:00:06.537  9387  9387 D Mono    : Assembly Ref addref System.Collections.Concurrent[0xb4000075075f1890] -> System.Private.CoreLib[0xb4000075075f87f0]: 18
02-04 16:00:06.537  9387  9387 D Mono    : Running class .cctor for System.Collections.Generic.List`1<Sentry.Protocol.Envelopes.Envelope> from '/data/data/io.sentry.dotnet.samples.android/files/.__override__/arm64-v8a/System.Private.CoreLib.dll'
02-04 16:00:06.537  9387  9387 D Mono    : Running class .cctor for System.Threading.CancellationTokenSource from '/data/data/io.sentry.dotnet.samples.android/files/.__override__/arm64-v8a/System.Private.CoreLib.dll'
02-04 16:00:06.537  9387  9387 D Mono    : Running class .cctor for System.Threading.SemaphoreSlim from '/data/data/io.sentry.dotnet.samples.android/files/.__override__/arm64-v8a/System.Private.CoreLib.dll'
02-04 16:00:06.538  9387  9387 D Mono    : Running class .cctor for System.Threading.Tasks.Task`1<System.Threading.Tasks.Task> from '/data/data/io.sentry.dotnet.samples.android/files/.__override__/arm64-v8a/System.Private.CoreLib.dll'
02-04 16:00:06.538  9387  9387 D Mono    : Running class .cctor for System.Threading.Tasks.TaskScheduler from '/data/data/io.sentry.dotnet.samples.android/files/.__override__/arm64-v8a/System.Private.CoreLib.dll'
02-04 16:00:06.538  9387  9387 D Mono    : Running class .cctor for System.Threading.Tasks.ThreadPoolTaskScheduler from '/data/data/io.sentry.dotnet.samples.android/files/.__override__/arm64-v8a/System.Private.CoreLib.dll'
02-04 16:00:06.538  9387  9387 D Mono    : Running class .cctor for System.Threading.Tasks.ThreadPoolTaskScheduler/<>c from '/data/data/io.sentry.dotnet.samples.android/files/.__override__/arm64-v8a/System.Private.CoreLib.dll'
02-04 16:00:06.538  9387  9387 D Mono    : Running class .cctor for System.Threading.ExecutionContext from '/data/data/io.sentry.dotnet.samples.android/files/.__override__/arm64-v8a/System.Private.CoreLib.dll'
02-04 16:00:06.539  9387  9387 D Mono    : Running class .cctor for System.Threading.Tasks.TplEventSource from '/data/data/io.sentry.dotnet.samples.android/files/.__override__/arm64-v8a/System.Private.CoreLib.dll'
02-04 16:00:06.539  9387  9387 D Mono    : Running class .cctor for System.Threading.ThreadPool from '/data/data/io.sentry.dotnet.samples.android/files/.__override__/arm64-v8a/System.Private.CoreLib.dll'
02-04 16:00:06.539  9387  9387 D Mono    : Running class .cctor for System.Threading.ThreadPoolWorkQueue from '/data/data/io.sentry.dotnet.samples.android/files/.__override__/arm64-v8a/System.Private.CoreLib.dll'
02-04 16:00:06.539  9387  9387 D Mono    : Running class .cctor for System.Threading.LowLevelLock from '/data/data/io.sentry.dotnet.samples.android/files/.__override__/arm64-v8a/System.Private.CoreLib.dll'
02-04 16:00:06.539  9387  9387 D Mono    : Running class .cctor for System.Array/EmptyArray`1<int> from '/data/data/io.sentry.dotnet.samples.android/files/.__override__/arm64-v8a/System.Private.CoreLib.dll'
02-04 16:00:06.539  9387  9387 D Mono    : Running class .cctor for System.Diagnostics.Tracing.FrameworkEventSource from '/data/data/io.sentry.dotnet.samples.android/files/.__override__/arm64-v8a/System.Private.CoreLib.dll'
02-04 16:00:06.539  9387  9387 D Mono    : Running class .cctor for System.Threading.ThreadPool/<>c from '/data/data/io.sentry.dotnet.samples.android/files/.__override__/arm64-v8a/System.Private.CoreLib.dll'
02-04 16:00:06.540  9387  9387 D Mono    : Running class .cctor for System.Threading.PortableThreadPool from '/data/data/io.sentry.dotnet.samples.android/files/.__override__/arm64-v8a/System.Private.CoreLib.dll'
02-04 16:00:06.540  9387  9387 D Mono    : Running class .cctor for System.Diagnostics.Tracing.NativeRuntimeEventSource from '/data/data/io.sentry.dotnet.samples.android/files/.__override__/arm64-v8a/System.Private.CoreLib.dll'
02-04 16:00:06.540  9387  9387 D Mono    : Running class .cctor for System.Threading.PortableThreadPool/WorkerThread from '/data/data/io.sentry.dotnet.samples.android/files/.__override__/arm64-v8a/System.Private.CoreLib.dll'
02-04 16:00:06.540  9387  9387 D Mono    : Running class .cctor for System.Threading.PortableThreadPool/WorkerThread/<>c from '/data/data/io.sentry.dotnet.samples.android/files/.__override__/arm64-v8a/System.Private.CoreLib.dll'
02-04 16:00:06.541  9387  9387 D Mono    : Running class .cctor for System.Threading.Thread/StartHelper from '/data/data/io.sentry.dotnet.samples.android/files/.__override__/arm64-v8a/System.Private.CoreLib.dll'
02-04 16:00:06.545  9387  9387 D Mono    : Running class .cctor for System.Threading.PortableThreadPool/GateThread from '/data/data/io.sentry.dotnet.samples.android/files/.__override__/arm64-v8a/System.Private.CoreLib.dll'
