--------- beginning of main
02-04 15:59:30.946  1366  2427 I WifiHAL : Creating message to get link statistics; iface = 47
02-04 15:59:31.110  1771  2339 D ConnectivityService: NetReassign [no changes] [c 1] [a 2] [i 17]
02-04 15:59:34.084  1366  2427 I WifiHAL : Creating message to get link statistics; iface = 47
02-04 15:59:34.241  1771  2339 D ConnectivityService: NetReassign [no changes] [c 1] [a 0] [i 16]
02-04 15:59:34.834  1315  1315 E android.hardware.power.stats-service.pixel: Failed to read uid_time_in_state for attribution, return default EnergyConsumer
02-04 15:59:34.984  2895  5676 I NearbyMediums: No BLE Fast/GATT advertisements found in the latest cycle.
02-04 15:59:35.549  1576  1576 D AOC     : A3:MSG: usf_sensor.cc, 1581: USF: Received stop sampling request for LSM6DSR Motion Detect (active:0).
02-04 15:59:35.551  1576  1576 D AOC     : A3:MSG: usf_sensor.cc, 2037: USF: Sampling configuration 136 not found.
02-04 15:59:35.551  1576  1576 D AOC     : A3:MSG: usf_sensor_client.cc, 161: USF: Received kErrNotFound when disabling one shot sensor.
02-04 15:59:35.552  1576  1576 D AOC     : A3:MSG: usf_sensor.cc, 1573: USF: Received start sampling request for LSM6DSR Stationary Detect (active:1).
02-04 15:59:35.552  1576  1576 D AOC     : A3:MSG: lsm6dsr_device.cc, 763: USF: Lsm6dsrDevice: Sensor 4: Enabled 1, odr_index 1.
02-04 15:59:35.552  1576  1576 D AOC     : A3:MSG: lsm6dsr_fifo.cc, 750: USF: Lsm6dsrFifo: ODR: XL/G/T/TS: 52/52/13/6 WM: 6 Intr: 21.
02-04 15:59:35.553  1576  1576 D AOC     : A3:MSG: lsm6dsr_device.cc, 249: USF: Lsm6dsrDevice: Config sampling too slow. Took 441162ns.
02-04 15:59:35.553  1576  1576 D AOC     : A3:MSG: lsm6dsr_device.cc, 671: USF: Lsm6dsrDevice: Fifo was disabled for 441162ns.
02-04 15:59:35.554  1576  1576 D AOC     : A3:MSG: motion_state_sensor.cc, 327: USF: MoSt: StationaryDetect sampling started with sampling ID 139.
02-04 15:59:35.554  1576  1576 D AOC     : A3:MSG: lsm6dsr_device.cc, 763: USF: Lsm6dsrDevice: Sensor 3: Enabled 0, odr_index 0.
02-04 15:59:35.555  1576  1576 D AOC     : A3:MSG: lsm6dsr_fifo.cc, 750: USF: Lsm6dsrFifo: ODR: XL/G/T/TS: 52/52/13/6 WM: 6 Intr: 21.
02-04 15:59:35.555  1576  1576 D AOC     : A3:MSG: lsm6dsr_device.cc, 671: USF: Lsm6dsrDevice: Fifo was disabled for 645019ns.
02-04 15:59:35.555  1576  1576 D AOC     : A3:MSG: usf_sensor.cc, 1581: USF: Received stop sampling request for LSM6DSR Motion Detect (active:-1).
02-04 15:59:35.556  1576  1576 D AOC     : A3:MSG: usf_sensor.cc, 2037: USF: Sampling configuration 138 not found.
02-04 15:59:35.556  1576  1576 D AOC     : A3:MSG: usf_sensor_client.cc, 145: USF: Received kErrNotFound when disabling one shot sensor.
02-04 15:59:35.557  1576  1576 D AOC     : A3:MSG: vsc_controller.cc, 550: VSC: [Step Counter] stopSensorEvents: sensor 0x20002
02-04 15:59:35.558  1576  1576 D AOC     : A3:MSG: vsc_controller.cc, 532: VSC: [Step Counter] requestSensorEvents: sensor 0x10001, period=20 latency=1000ms.
02-04 15:59:35.559  1301  1326 I CHRE    : @ 17414.500: [AR] IDLE => ON
02-04 15:59:35.558  1576  1576 D AOC     : A3:MSG: usf_sensor.cc, 1573: USF: Received start sampling request for LSM6DSR Accelerometer (active:4).
02-04 15:59:35.561  1576  1576 D AOC     : A3:MSG: vsc_controller.cc, 550: VSC: [Significant Motion] stopSensorEvents: sensor 0x20002
02-04 15:59:35.561  1576  1576 D AOC     : A3:MSG: vsc_controller.cc, 532: VSC: [Significant Motion] requestSensorEvents: sensor 0x10001, period=20 latency=3200ms
02-04 15:59:35.561  1576  1576 D AOC     : A3:MSG: usf_sensor.cc, 1573: USF: Received start sampling request for LSM6DSR Accelerometer (active:5).
02-04 15:59:35.562  1576  1576 D AOC     : A3:MSG: lsm6dsr_device.cc, 763: USF: Lsm6dsrDevice: Sensor 0: Enabled 1, odr_index 3.
02-04 15:59:35.562  1576  1576 D AOC     : A3:MSG: lsm6dsr_fifo.cc, 750: USF: Lsm6dsrFifo: ODR: XL/G/T/TS: 52/52/13/6 WM: 6 Intr: 21.
02-04 15:59:35.563  1576  1576 D AOC     : A3:MSG: lsm6dsr_device.cc, 671: USF: Lsm6dsrDevice: Fifo was disabled for 372559ns.
02-04 15:59:35.563  1576  1576 D AOC     : A3:MSG: usf_sensor.cc, 1573: USF: Received start sampling request for LSM6DSR Accelerometer (active:5).
02-04 15:59:35.564  1576  1576 D AOC     : A3:MSG: usf_sensor.cc, 1573: USF: Received start sampling request for LSM6DSR Stationary Detect (active:2).
02-04 15:59:35.564  1576  1576 D AOC     : A3:MSG: usf_sensor.cc, 1573: USF: Received start sampling request for LSM6DSR FreeFall Detect (active:1).
02-04 15:59:35.564  1576  1576 D AOC     : A3:MSG: lsm6dsr_device.cc, 763: USF: Lsm6dsrDevice: Sensor 5: Enabled 1, odr_index 1.
02-04 15:59:35.564  1576  1576 D AOC     : A3:MSG: lsm6dsr_fifo.cc, 750: USF: Lsm6dsrFifo: ODR: XL/G/T/TS: 52/52/13/6 WM: 6 Intr: 21.
02-04 15:59:35.565  1576  1576 D AOC     : A3:MSG: lsm6dsr_device.cc, 671: USF: Lsm6dsrDevice: Fifo was disabled for 541504ns.
02-04 15:59:35.566  1576  1576 D AOC     : A3:MSG: usf_sensor.cc, 1581: USF: Received stop sampling request for LSM6DSR Motion Detect (active:-1).
02-04 15:59:35.567  1576  1576 D AOC     : A3:MSG: usf_sensor.cc, 2037: USF: Sampling configuration 137 not found.
02-04 15:59:35.567  1576  1576 D AOC     : A3:MSG: usf_sensor_client.cc, 145: USF: Received kErrNotFound when disabling one shot sensor.
02-04 15:59:35.567  1301  1326 D CHRE.HAL: Received a nanoapp message from 0x476f6f676c001016 endpoint 0x1: Type 0x8003 size 1 
--------- beginning of system
02-04 15:59:35.604  1366  2427 I vendor.google.wifi_ext-service-vendor: Wifi: Setting SAR Scenario to 3
02-04 15:59:35.604  1366  2427 E WifiHAL : wifi_select_tx_power_scenario
02-04 15:59:35.616  2681  2681 D GRIL-S  : [0044]> UPDATE_DEVICE_STATE DeviceState: Usb:1, Wifi: 1, Wifi AP: 0, Earpiece: 0, Bluetooth: 1, Wireless charging: 0, Screen: 1, Camera: 0, 0, -, -, Motion: 1, Bluetooth tethering: 0, Voice: 0, Wifi 2.4G: 0, Radio: 1, Bluetooth connected: 0, Bluetooth media: 0, Wifi Band: 2, Wifi AP Band: 0, Wifi call: 0, mmWave: 0, mCellBackhaul: 0, mHallSensor: 0, mDozeStatus: 0, mAppClassInfo: 0, mWifiCapSensorStatus: 0, mCellCapSensorStatus: 0, mBesideHeadHandStatus: 0, mSpeakerStatus: 0, mProtectiveCaseStatus: 0
02-04 15:59:35.620   645   645 I hwservicemanager: getTransport: Cannot find entry hardware.google.bluetooth.bt_channel_avoidance@1.0::IBTChannelAvoidance/default in either framework or device VINTF manifest.
02-04 15:59:35.677  2681  3502 D GRIL-S  : [0044]< UPDATE_DEVICE_STATE 
02-04 15:59:35.680  2681  2681 D GRIL-BluetoothSar: setBluetoothModeBasedTxPowerCap invoked with parameters: chain0Cap:[76, 76, 36] chain1Cap:[72, 72, 36] beamformingCap:[66, 66, 36, 66, 66, 36]
02-04 15:59:35.680  1296  1325 I bthal.aidl.sar: setBluetoothModeBasedTxPowerCap: 0 Chain 0 Power Cap:<br=76, edr=76, ble=36>, Chain 1 Power Cap:<br=72, edr=72, ble=36>, Beamforming Power Cap Chain 0: <br=66, edr=66, ble=36>, Chain 1:<br=66, edr=66, ble=36>
02-04 15:59:35.695  1296  1585 I bthal.aidl.sar: OnEventReceive: (1) Recv Success VSE <[7]{14, 5, 1, 105, 254, 0, 1}>
02-04 15:59:35.696  1296  1585 I bthal.flowcontrol: HciEventPreProcess: HCI Event 0xe Opcode 0xfe69 Length 7 handled by bthal.aidl.sar
02-04 15:59:35.775  1576  1576 D AOC     : A3:MSG: usf_sensor.cc, 1573: USF: Received start sampling request for LSM6DSR Gyroscope (active:2).
02-04 15:59:35.775  1576  1576 D AOC     : A3:MSG: lsm6dsr_device.cc, 763: USF: Lsm6dsrDevice: Sensor 1: Enabled 1, odr_index 5.
02-04 15:59:35.775  1576  1576 D AOC     : A3:MSG: lsm6dsr_fifo.cc, 750: USF: Lsm6dsrFifo: ODR: XL/G/T/TS: 52/208/13/26 WM: 17 Intr: 18.
02-04 15:59:35.776  1576  1576 D AOC     : A3:MSG: lsm6dsr_device.cc, 671: USF: Lsm6dsrDevice: Fifo was disabled for 618652ns.
02-04 15:59:35.778  1576  1576 D AOC     : A3:MSG: usf_sensor.cc, 1573: USF: Received start sampling request for MMC56X3X Magnetometer (active:2).
02-04 15:59:35.778  1576  1576 D AOC     : A3:MSG: mmc56x3x_device.cc, 409: USF: MMC56X3X0: mmc56x3x_enable_measure odr = 100.
02-04 15:59:35.982  1932  2141 I twoshay.grippalm: Grip 0 ENTER 
02-04 15:59:35.992  1932  2141 I twoshay.grippalm: Grip 1 ENTER 
02-04 15:59:36.503  1932  2141 I twoshay.grippalm: Grip 0 LEAVE0
02-04 15:59:36.615  1932  2141 I twoshay.grippalm: Grip 1 LEAVE0
02-04 15:59:37.227  1366  2427 I WifiHAL : Creating message to get link statistics; iface = 47
02-04 15:59:37.289  1576  1576 D AOC     : A3:MSG: usf_vsc_log.cc, 53: USF: [WO] Rejected by settle_time and gyro finds no rotation 0
02-04 15:59:37.374  1366  2427 E IPCThreadState: binder thread pool (1 threads) starved for 147 ms
02-04 15:59:37.435  1771  2339 D ConnectivityService: NetReassign [no changes] [c 1] [a 1] [i 5]
02-04 15:59:37.469  2811  2811 I KeyboardInsetsHandler: shouldKeyboardTransition, status=false toState:AllApps StateManager(mLastStableState:Normal, mCurrentStableState:Normal, mState:Normal, mRestState:null, isInTransition:false) isImeShown:false isImeShowRequested:false enableKeyboardAlwaysUp:false isUserControlled:true isFromIntentOrA11y:false
02-04 15:59:37.469  2811  2811 D StatsLog: LAUNCHER_GOOGLE_ALL_APPS_ENTRY_WITH_KEYBOARD_DISABLED
02-04 15:59:37.469  2811  2811 D StateManager: onStateTransitionStart - state: AllApps
02-04 15:59:37.472  2418  2451 D WindowManagerShell: setLauncherKeepClearAreaHeight: visible=false, height=527
02-04 15:59:37.485   725   725 I BpBinder: onLastStrongRef automatically unlinking death recipients: 
02-04 15:59:37.486   727   793 E hwc-display: [PrimaryDisplay] resetColorMappingInfoForClientComp:: resetColorMappingInfo() idx=0 error(-22)
02-04 15:59:37.486   727   793 E hwc-display: Fail to open file /data/vendor/log/hwc/PrimaryDisplay_hwc_error_log0.txt, error: Permission denied
02-04 15:59:37.486   727   793 E hwc-display: Fail to open file /data/log/PrimaryDisplay_hwc_error_log0.txt, error: No such file or directory
02-04 15:59:37.486   727   793 E hwc-display: Unable to open log file for PrimaryDisplay_hwc_error_log0.txt
02-04 15:59:37.486   727   793 E hwc-display: [PrimaryDisplay] resetColorMappingInfoForClientComp:: resetColorMappingInfo() idx=1 error(-22)
02-04 15:59:37.486   727   793 E hwc-display: Fail to open file /data/vendor/log/hwc/PrimaryDisplay_hwc_error_log0.txt, error: Permission denied
02-04 15:59:37.486   727   793 E hwc-display: Fail to open file /data/log/PrimaryDisplay_hwc_error_log0.txt, error: No such file or directory
02-04 15:59:37.486   727   793 E hwc-display: Unable to open log file for PrimaryDisplay_hwc_error_log0.txt
02-04 15:59:37.484   727   727 W HwBinder:727_3: type=1400 audit(0.0:5805): avc:  denied  { search } for  name="log" dev="dm-67" ino=236 scontext=u:r:hal_graphics_composer_default:s0 tcontext=u:object_r:vendor_log_file:s0 tclass=dir permissive=0
02-04 15:59:37.484   727   727 W HwBinder:727_3: type=1400 audit(0.0:5806): avc:  denied  { search } for  name="log" dev="dm-67" ino=236 scontext=u:r:hal_graphics_composer_default:s0 tcontext=u:object_r:vendor_log_file:s0 tclass=dir permissive=0
02-04 15:59:37.484   727   727 W HwBinder:727_3: type=1400 audit(0.0:5807): avc:  denied  { search } for  name="log" dev="dm-67" ino=236 scontext=u:r:hal_graphics_composer_default:s0 tcontext=u:object_r:vendor_log_file:s0 tclass=dir permissive=0
02-04 15:59:37.484   727   727 W HwBinder:727_3: type=1400 audit(0.0:5808): avc:  denied  { search } for  name="log" dev="dm-67" ino=236 scontext=u:r:hal_graphics_composer_default:s0 tcontext=u:object_r:vendor_log_file:s0 tclass=dir permissive=0
02-04 15:59:37.521  2553  2593 I deeptouch: I0000 00:00:1738702777.521342    2593 tf_lite_classifier.cc:413] Event stream classified as kNone
02-04 15:59:37.521  2811  2811 D StateManager: onStateTransitionStart - state: AllApps
02-04 15:59:37.537  1971  9352 D Vibrator: waitForComplete: Vibrator is already off
02-04 15:59:37.540  2811  2811 D BaseAllAppsAdapter: onBindViewHolder: isPrivateSpaceItem: false isStateTransitioning: false isScrolling: false readyToAnimate: false currentState: 0 currentAlpha: 1.0
02-04 15:59:37.540  2811  2811 D BaseAllAppsAdapter: onBindViewHolder: isPrivateSpaceItem: false isStateTransitioning: false isScrolling: false readyToAnimate: false currentState: 0 currentAlpha: 1.0
02-04 15:59:37.540  2811  2811 D BaseAllAppsAdapter: onBindViewHolder: isPrivateSpaceItem: false isStateTransitioning: false isScrolling: false readyToAnimate: false currentState: 0 currentAlpha: 1.0
02-04 15:59:37.541  2811  2811 D BaseAllAppsAdapter: onBindViewHolder: isPrivateSpaceItem: false isStateTransitioning: false isScrolling: false readyToAnimate: false currentState: 0 currentAlpha: 1.0
02-04 15:59:37.541  2811  2811 D BaseAllAppsAdapter: onBindViewHolder: isPrivateSpaceItem: false isStateTransitioning: false isScrolling: false readyToAnimate: false currentState: 0 currentAlpha: 1.0
02-04 15:59:37.541  2811  2811 D BaseAllAppsAdapter: onBindViewHolder: isPrivateSpaceItem: false isStateTransitioning: false isScrolling: false readyToAnimate: false currentState: 0 currentAlpha: 1.0
02-04 15:59:37.542  2811  2811 D BaseAllAppsAdapter: onBindViewHolder: isPrivateSpaceItem: false isStateTransitioning: false isScrolling: false readyToAnimate: false currentState: 0 currentAlpha: 1.0
02-04 15:59:37.542  2811  2811 D BaseAllAppsAdapter: onBindViewHolder: isPrivateSpaceItem: false isStateTransitioning: false isScrolling: false readyToAnimate: false currentState: 0 currentAlpha: 1.0
02-04 15:59:37.542  2811  2811 D BaseAllAppsAdapter: onBindViewHolder: isPrivateSpaceItem: false isStateTransitioning: false isScrolling: false readyToAnimate: false currentState: 0 currentAlpha: 1.0
02-04 15:59:37.543  2811  2811 D BaseAllAppsAdapter: onBindViewHolder: isPrivateSpaceItem: false isStateTransitioning: false isScrolling: false readyToAnimate: false currentState: 0 currentAlpha: 1.0
02-04 15:59:37.543  2811  2811 D BaseAllAppsAdapter: onBindViewHolder: isPrivateSpaceItem: false isStateTransitioning: false isScrolling: false readyToAnimate: false currentState: 0 currentAlpha: 1.0
02-04 15:59:37.543  2811  2811 D BaseAllAppsAdapter: onBindViewHolder: isPrivateSpaceItem: false isStateTransitioning: false isScrolling: false readyToAnimate: false currentState: 0 currentAlpha: 1.0
02-04 15:59:37.543  2811  2811 D BaseAllAppsAdapter: onBindViewHolder: isPrivateSpaceItem: false isStateTransitioning: false isScrolling: false readyToAnimate: false currentState: 0 currentAlpha: 1.0
02-04 15:59:37.543  2811  2811 D BaseAllAppsAdapter: onBindViewHolder: isPrivateSpaceItem: false isStateTransitioning: false isScrolling: false readyToAnimate: false currentState: 0 currentAlpha: 1.0
02-04 15:59:37.544  2811  2811 D BaseAllAppsAdapter: onBindViewHolder: isPrivateSpaceItem: false isStateTransitioning: false isScrolling: false readyToAnimate: false currentState: 0 currentAlpha: 1.0
02-04 15:59:37.544  2811  2811 D BaseAllAppsAdapter: onBindViewHolder: isPrivateSpaceItem: false isStateTransitioning: false isScrolling: false readyToAnimate: false currentState: 0 currentAlpha: 1.0
02-04 15:59:37.544  2811  2811 D BaseAllAppsAdapter: onBindViewHolder: isPrivateSpaceItem: false isStateTransitioning: false isScrolling: false readyToAnimate: false currentState: 0 currentAlpha: 1.0
02-04 15:59:37.544  2811  2811 D BaseAllAppsAdapter: onBindViewHolder: isPrivateSpaceItem: false isStateTransitioning: false isScrolling: false readyToAnimate: false currentState: 0 currentAlpha: 1.0
02-04 15:59:37.545  2811  2811 D BaseAllAppsAdapter: onBindViewHolder: isPrivateSpaceItem: false isStateTransitioning: false isScrolling: false readyToAnimate: false currentState: 0 currentAlpha: 1.0
02-04 15:59:37.545  2811  2811 D BaseAllAppsAdapter: onBindViewHolder: isPrivateSpaceItem: false isStateTransitioning: false isScrolling: false readyToAnimate: false currentState: 0 currentAlpha: 1.0
02-04 15:59:37.545  2811  2811 D BaseAllAppsAdapter: onBindViewHolder: isPrivateSpaceItem: false isStateTransitioning: false isScrolling: false readyToAnimate: false currentState: 0 currentAlpha: 1.0
02-04 15:59:37.546  2811  2811 D BaseAllAppsAdapter: onBindViewHolder: isPrivateSpaceItem: false isStateTransitioning: false isScrolling: false readyToAnimate: false currentState: 0 currentAlpha: 1.0
02-04 15:59:37.546  2811  2811 D BaseAllAppsAdapter: onBindViewHolder: isPrivateSpaceItem: false isStateTransitioning: false isScrolling: false readyToAnimate: false currentState: 0 currentAlpha: 1.0
02-04 15:59:37.546  2811  2811 D BaseAllAppsAdapter: onBindViewHolder: isPrivateSpaceItem: false isStateTransitioning: false isScrolling: false readyToAnimate: false currentState: 0 currentAlpha: 1.0
02-04 15:59:37.753  2811  2811 D StateManager: onStateTransitionEnd - state: AllApps
02-04 15:59:37.753  2811  2811 D RecentsView: reset - mEnableDrawingLiveTile: false, mRecentsAnimationController: null
02-04 15:59:37.754  2811  2811 D StatsLog: LAUNCHER_ALLAPPS_OPEN_UP
02-04 15:59:37.754  2811 11189 D StatsLog: LAUNCHER_GOOGLE_SEARCH_GMS_PLAY_INIT_CHANNEL
02-04 15:59:37.762  2811  2811 D SearchTargetUtil: queryLength=0 size=2
02-04 15:59:37.762  2811  2811 D SearchTargetUtil: layoutType=placeholder resultType=131072 packageName=com.google.android.googlequicksearchbox
02-04 15:59:37.762  2811  2811 D SearchTargetUtil: layoutType=empty_divider resultType=262144 packageName=
02-04 15:59:37.771  2811 11189 D GmsPlayProvider: Created the binder channel successfully for end point component =ComponentInfo{com.google.android.gms/com.google.android.gms.play.cloud.search.PlayCloudSearchEndpointService} , mChannel=h1{delegate=e{logId=57, target=directaddress:///AndroidComponentAddress%5BIntent%20%7B%20act=com.google.android.gms.play.cloud.search.grpc.io.action.BIND%20cmp=com.google.android.gms/.play.cloud.search.PlayCloudSearchEndpointService%20%7D%5D}} , mConnection=m2.v@a201974
02-04 15:59:37.772  2895  2895 I GmsCoreXrpcWrapper: (REDACTED) Creating a custom channel provider with trafficStatsTag=%d trafficStatsUid=%d
02-04 15:59:37.772  2895  2895 I PlayCloudSearchChimeraS: Starting the server
02-04 15:59:37.773  2895  2895 I PlayCloudSearchLifeCycl: Starting the GRPC server
02-04 15:59:37.773  2895  2895 I PlayCloudSearchChimeraS: onBind called
02-04 15:59:37.780  2895  9308 I GmsNetworkEngineImageFe: warmup called
02-04 15:59:37.780  2895  9308 I GmsNetworkEngineImageFe: fetchImage called
02-04 15:59:37.780  2895  9308 I GmsNetworkEngineImageFe: (REDACTED) image url: %s
02-04 15:59:37.796  2895  9308 I PlayCloudSearchServiceI: (REDACTED) getCompletions called on thread %s
02-04 15:59:37.796  2895  9308 I PlayCloudSearchServiceI: (REDACTED) Searching for query <%s> with account <%s>
02-04 15:59:37.796  2895  9308 I PlayCloudSearchServiceI: (REDACTED) result_count not specified, defaulting to %d...
02-04 15:59:37.806  2895  9308 E m.nqz   : *~*~*~ Previous channel {0} was garbage collected without being shut down! ~*~*~*
02-04 15:59:37.806  2895  9308 E m.nqz   :     Make sure to call shutdown()/shutdownNow()
02-04 15:59:37.806  2895  9308 E m.nqz   : java.lang.RuntimeException: ManagedChannel allocation site
02-04 15:59:37.806  2895  9308 E m.nqz   : 	at m.nqy.<init>(:com.google.android.gms.optional_play_cloud_search@250234017@25.02.34 (100000-0):21)
02-04 15:59:37.806  2895  9308 E m.nqz   : 	at m.nqz.<init>(:com.google.android.gms.optional_play_cloud_search@250234017@25.02.34 (100000-0):10)
02-04 15:59:37.806  2895  9308 E m.nqz   : 	at m.nce.a(:com.google.android.gms.optional_play_cloud_search@250234017@25.02.34 (100000-0):257)
02-04 15:59:37.806  2895  9308 E m.nqz   : 	at m.gdp.a(:com.google.android.gms.optional_play_cloud_search@250234017@25.02.34 (100000-0):86)
02-04 15:59:37.806  2895  9308 E m.nqz   : 	at m.kll.a(:com.google.android.gms.optional_play_cloud_search@250234017@25.02.34 (100000-0):260)
02-04 15:59:37.806  2895  9308 E m.nqz   : 	at m.ihx.a(:com.google.android.gms.optional_play_cloud_search@250234017@25.02.34 (100000-0):13)
02-04 15:59:37.806  2895  9308 E m.nqz   : 	at m.kak.a(:com.google.android.gms.optional_play_cloud_search@250234017@25.02.34 (100000-0):3)
02-04 15:59:37.806  2895  9308 E m.nqz   : 	at m.jzo.run(:com.google.android.gms.optional_play_cloud_search@250234017@25.02.34 (100000-0):19)
02-04 15:59:37.806  2895  9308 E m.nqz   : 	at m.kam.run(:com.google.android.gms.optional_play_cloud_search@250234017@25.02.34 (100000-0):5)
02-04 15:59:37.806  2895  9308 E m.nqz   : 	at m.afz.c(:com.google.android.gms.optional_play_cloud_search@250234017@25.02.34 (100000-0):50)
02-04 15:59:37.806  2895  9308 E m.nqz   : 	at m.afz.run(:com.google.android.gms.optional_play_cloud_search@250234017@25.02.34 (100000-0):76)
02-04 15:59:37.806  2895  9308 E m.nqz   : 	at java.util.concurrent.ThreadPoolExecutor.runWorker(ThreadPoolExecutor.java:1145)
02-04 15:59:37.806  2895  9308 E m.nqz   : 	at java.util.concurrent.ThreadPoolExecutor$Worker.run(ThreadPoolExecutor.java:644)
02-04 15:59:37.806  2895  9308 E m.nqz   : 	at asif.run(:com.google.android.gms@250234035@25.02.34 (260400-716794385):8)
02-04 15:59:37.806  2895  9308 E m.nqz   : 	at java.lang.Thread.run(Thread.java:1012)
02-04 15:59:37.814  2811  2811 W FrameTracker: Missing HWUI jank callback for vsyncId: 189948, CUJ=J<LAUNCHER_OPEN_ALL_APPS::swipe>
02-04 15:59:37.814  2811  2811 W FrameTracker: Missed App frame:JANK_APP_DEADLINE_MISSED, 189980, 25402075, CUJ=J<LAUNCHER_OPEN_ALL_APPS::swipe>
02-04 15:59:37.841  2895  5606 D TrafficStats: tagSocket(168) with statsTag=0x3c010200, statsUid=-1
02-04 15:59:38.078  2895  5606 I cn_CronetUrlRequestContext: destroyNativeStreamLocked org.chromium.net.impl.CronetBidirectionalStream@7a1801
02-04 15:59:38.082  2895  9374 I PlayCloudSearchServiceI: (REDACTED) Number of app suggestions returned from xRPC call: %d
02-04 15:59:38.084  2895  9374 I PlayCloudSearchServiceI: (REDACTED) Number of app suggestions after filtering: %d
02-04 15:59:38.133  1301  1326 D CHRE.HAL: Received a nanoapp message from 0x476f6f676c001022 endpoint 0x8082: Type 0x3 size 8 
02-04 15:59:38.133  1321  2036 I suez-nanoapp-clients: Barometric peak detected: magnitude = 1.661506 hPa (bucket: 27), duration = 400.000000 ms (bucket: 33).
02-04 15:59:38.137  1321  2036 I suez-nanoapp-clients: Vendor atom [id = 100047] reported.
02-04 15:59:38.138  1301  1326 I CHRE    : @ 17417.086: [ip] Peak detected: magnitude = 1.661505 hpa, duration = 400.000005 ms
02-04 15:59:38.138  1301  1326 D CHRE.HAL: Received a nanoapp message from 0x476f6f676c001022 endpoint 0x8082: Type 0x3 size 8 
02-04 15:59:38.138  1321  2036 I suez-nanoapp-clients: Barometric peak detected: magnitude = 0.384192 hPa (bucket: 9), duration = 359.000000 ms (bucket: 30).
02-04 15:59:38.140  1321  2036 I suez-nanoapp-clients: Vendor atom [id = 100047] reported.
02-04 15:59:38.141  1301  1326 D CHRE.HAL: Received a nanoapp message from 0x476f6f676c001022 endpoint 0x8082: Type 0x3 size 8 
02-04 15:59:38.141  1321  2036 I suez-nanoapp-clients: Barometric peak detected: magnitude = 0.124521 hPa (bucket: 3), duration = 120.000000 ms (bucket: 11).
02-04 15:59:38.143  1321  2036 I suez-nanoapp-clients: Vendor atom [id = 100047] reported.
02-04 15:59:38.144  1301  1326 I CHRE    : @ 17417.087: [ip] Peak detected: magnitude = 0.384191 hpa, duration = 358.999997 ms
02-04 15:59:38.144  1301  1326 I CHRE    : @ 17417.087: [ip] Peak detected: magnitude = 0.124521 hpa, duration = 119.999997 ms
02-04 15:59:38.398  2657  2877 D TemperatureStateSource: sequence=1734 actualDelay=10002
02-04 15:59:38.399  2657  2877 D TemperatureStateSource: Reading temperature: sequence=1735
02-04 15:59:38.419  2038  2038 I pixel-thermal: VIRTUAL-SKIN:28.1027 raw data: VIRTUAL-NEUTRAL:28102.7 VIRTUAL-NEUTRAL-SKIN2:28034.8 VIRTUAL-QUIET-NEUTRAL:27954.8 VIRTUAL-SKIN:28102.7 disp_therm:28055 gnss_tcxo_therm:28233 neutral_therm:27721 quiet_therm:28055 skin_therm1:28166 skin_therm2:28767 
02-04 15:59:38.420  2657  2877 D TemperatureStateSource: getDeviceTemperatures: sequence=1735 deviceTemperatureType=3 temperatureSource=0 temperatures=[28.102703]
02-04 15:59:38.420  2657  2877 D BusinessScope: Enqueuing the block
02-04 15:59:38.420  2657  2877 D TemperatureStateSource: sequence=1735 waitTime=10000
02-04 15:59:38.421  2657  2877 D BusinessScope: Start running the #3478 block
02-04 15:59:38.421  2657  2877 D BusinessScope: Enqueuing the block
02-04 15:59:38.421  2657  2877 D ImpulseStateSource: Notify clients: 1738
02-04 15:59:38.421  2657  2877 D BusinessScope: Finish running the #3478 block
02-04 15:59:38.422  2657  2877 D BusinessScope: Start running the #3479 block
02-04 15:59:38.422  2657  2877 D BusinessScope: Finish running the #3479 block
02-04 15:59:38.922  1524  1537 D RILClient: [OemClient]IND: (clientId = 0, msgId = 2015, dataLength = 68, channel = 0)
02-04 15:59:38.922  1389  2276 D RILClient: [OemClient]IND: (clientId = 1, msgId = 2015, dataLength = 68, channel = 0)
02-04 15:59:38.935  2996  3145 D IwlanNetworkService$IwlanNetworkServiceHandler: msg.what = EVENT_NETWORK_REGISTRATION_INFO_REQUEST
02-04 15:59:38.937  2996  3145 D IwlanNetworkService$IwlanNetworkServiceHandler[0]: : reg state REGISTRATION_STATE_HOME
02-04 15:59:38.940  2996  3145 D IwlanNetworkService$IwlanNetworkServiceHandler: msg.what = EVENT_NETWORK_REGISTRATION_INFO_REQUEST
02-04 15:59:38.945  2996  3145 D IwlanNetworkService$IwlanNetworkServiceHandler[0]: : reg state REGISTRATION_STATE_HOME
02-04 15:59:38.946  1389  2276 D RILClient: [OemClient]IND: (clientId = 1, msgId = 3005, dataLength = 17, channel = 0)
02-04 15:59:38.946  1524  1537 D RILClient: [OemClient]IND: (clientId = 0, msgId = 3005, dataLength = 17, channel = 0)
02-04 15:59:38.948  2734  2734 I SHANNON_IMS: 2634 [NETW] #:PURP:# UNSOL {RILC_UNSOL_IMS_SUPPORT_SERVICE} : VoPS : 9  EMC : 0  SIM_IDX : 0  RAT : 3  REG_STATE : 0  CELL_ID : 231591772  LAC/TAC : 45000  (NetworkAdaptor$AdaptorChannel%onMessage:306)
02-04 15:59:38.948  2734  2734 I SHANNON_IMS: 2635 [CONN] #:ORNG:# supportService [VoPS : 9/ EMC : 0/ RAT_INFO : 3/ REG_STATE : 0/ CELL_ID : 231591772/ LAC-TAC Info : 45000]  [SLID:0 ] (ImsConnectivityMgr$RegistrationListener%supportService:2886)
02-04 15:59:38.950  2734  2734 W SHANNON_IMS: 2636 [SIM#] Invalid sub id : -1   with slot id : 0 (SubscriptionWrapper%getSubId:55)
02-04 15:59:38.951  2734  2734 I SHANNON_IMS: 2640 [CONN] update Cell Location Info, slotId: 0 [com.shannon.imsservice.conn.ImsConnectivityMgr$RegistrationListener@cbccb2f] (ImsConnectivityMgr$RegistrationListener%updateCellLocation:2958)
02-04 15:59:38.951  2734  2734 I SHANNON_IMS: 2641 [CONN] Ignore RAT_UNKNOWN or not connected [com.shannon.imsservice.conn.ImsConnectivityMgr$RegistrationListener@cbccb2f] (ImsConnectivityMgr$RegistrationListener%updateCellLocation:2961)
02-04 15:59:38.972  1524  1537 D RILClient: [OemClient]IND: (clientId = 0, msgId = 3005, dataLength = 17, channel = 0)
02-04 15:59:38.972  1389  2276 D RILClient: [OemClient]IND: (clientId = 1, msgId = 3005, dataLength = 17, channel = 0)
02-04 15:59:38.976  2734  2734 I SHANNON_IMS: 2644 [NETW] #:PURP:# UNSOL {RILC_UNSOL_IMS_SUPPORT_SERVICE} : VoPS : 9  EMC : 0  SIM_IDX : 0  RAT : 3  REG_STATE : 0  CELL_ID : 231591772  LAC/TAC : 45000  (NetworkAdaptor$AdaptorChannel%onMessage:306)
02-04 15:59:38.977  2734  2734 I SHANNON_IMS: 2645 [CONN] #:ORNG:# supportService [VoPS : 9/ EMC : 0/ RAT_INFO : 3/ REG_STATE : 0/ CELL_ID : 231591772/ LAC-TAC Info : 45000]  [SLID:0 ] (ImsConnectivityMgr$RegistrationListener%supportService:2886)
02-04 15:59:38.979  2734  2734 W SHANNON_IMS: 2646 [SIM#] Invalid sub id : -1   with slot id : 0 (SubscriptionWrapper%getSubId:55)
02-04 15:59:38.980  2734  2734 I SHANNON_IMS: 2650 [CONN] update Cell Location Info, slotId: 0 [com.shannon.imsservice.conn.ImsConnectivityMgr$RegistrationListener@cbccb2f] (ImsConnectivityMgr$RegistrationListener%updateCellLocation:2958)
02-04 15:59:38.981  2734  2734 I SHANNON_IMS: 2651 [CONN] Ignore RAT_UNKNOWN or not connected [com.shannon.imsservice.conn.ImsConnectivityMgr$RegistrationListener@cbccb2f] (ImsConnectivityMgr$RegistrationListener%updateCellLocation:2961)
02-04 15:59:39.012  1771  2750 W ContextImpl: Calling a method in the system process without a qualified user: android.app.ContextImpl.sendBroadcastMultiplePermissions:1319 android.content.Context.sendBroadcastMultiplePermissions:2537 com.android.server.TelephonyRegistry.broadcastServiceStateChanged:3774 com.android.server.TelephonyRegistry.notifyServiceStateForPhoneId:1779 com.android.internal.telephony.ITelephonyRegistry$Stub.onTransact:553 
02-04 15:59:39.017  1771  2750 W ContextImpl: Calling a method in the system process without a qualified user: android.app.ContextImpl.sendBroadcastMultiplePermissions:1352 com.android.server.TelephonyRegistry.broadcastServiceStateChanged:3779 com.android.server.TelephonyRegistry.notifyServiceStateForPhoneId:1779 com.android.internal.telephony.ITelephonyRegistry$Stub.onTransact:553 android.os.Binder.execTransactInternal:1391 
02-04 15:59:39.021  1771  2750 W ContextImpl: Calling a method in the system process without a qualified user: android.app.ContextImpl.sendBroadcastMultiplePermissions:1352 com.android.server.TelephonyRegistry.broadcastServiceStateChanged:3788 com.android.server.TelephonyRegistry.notifyServiceStateForPhoneId:1779 com.android.internal.telephony.ITelephonyRegistry$Stub.onTransact:553 android.os.Binder.execTransactInternal:1391 
02-04 15:59:39.024  2734  3427 I SHANNON_IMS: 2654 [PROX] onReceive: intent= [Intent { act=android.intent.action.SERVICE_STATE flg=0x1000010 (has extras) }] (ConnectivityBroadcastReceiver%onReceive:91)
02-04 15:59:39.027  1771  2750 W ContextImpl: Calling a method in the system process without a qualified user: android.app.ContextImpl.sendBroadcastMultiplePermissions:1352 com.android.server.TelephonyRegistry.broadcastServiceStateChanged:3794 com.android.server.TelephonyRegistry.notifyServiceStateForPhoneId:1779 com.android.internal.telephony.ITelephonyRegistry$Stub.onTransact:553 android.os.Binder.execTransactInternal:1391 
02-04 15:59:39.031  2418  2418 W KeyguardUpdateMonitorLog: invalid subId in handleServiceStateChange()
02-04 15:59:39.032  1771  1864 D ActivityManager: sync unfroze 3101 com.google.android.cellbroadcastreceiver for 3
02-04 15:59:39.033  2786  2786 D ServiceStateProvider: subId=-1
02-04 15:59:39.034  3101  3101 D CellBroadcastReceiver: onReceive Intent { act=android.intent.action.SERVICE_STATE flg=0x1000010 cmp=com.google.android.cellbroadcastreceiver/com.android.cellbroadcastreceiver.CellBroadcastReceiver (has extras) }
02-04 15:59:39.036  3101  3101 D CellBroadcastReceiver: onServiceStateChanged, ss: 1
02-04 15:59:39.036  3101  3101 D CellBroadcastReceiver: networkOperator: 
02-04 15:59:39.042  3101  3101 D CellBroadcastReceiver: networkOperator on emergency mode: 302 for the country code: ca
02-04 15:59:39.046  3101  3101 D CellBroadcastReceiver: roamingNetworks: [XXX]
02-04 15:59:39.048  3101  3101 D CellBroadcastReceiver: update supported roaming operator as 302
02-04 15:59:39.154  2734  2734 W SHANNON_IMS: 2656 [SIM#] Invalid sub id : -1   with slot id : 0 (SubscriptionWrapper%getSubId:55)
02-04 15:59:39.156  2734  2734 W SHANNON_IMS: 2660 [SIM#] Invalid sub id : -1   with slot id : 0 (SubscriptionWrapper%getSubId:55)
02-04 15:59:39.157  2734  2734 W SHANNON_IMS: 2664 [SIM#] Invalid sub id : -1   with slot id : 0 (SubscriptionWrapper%getSubId:55)
02-04 15:59:39.157  2734  2734 W SHANNON_IMS: 2665 [SIM#] Invalid sub id : -1   with slot id : 0 (SubscriptionWrapper%getSubId:55)
02-04 15:59:39.182  2734  2734 W SHANNON_IMS: 2669 [SIM#] Invalid sub id : -1   with slot id : 0 (SubscriptionWrapper%getSubId:55)
02-04 15:59:39.183  2734  2734 W SHANNON_IMS: 2670 [SIM#] Invalid sub id : -1   with slot id : 0 (SubscriptionWrapper%getSubId:55)
02-04 15:59:39.309  3636  3636 I GoogleInputMethodService: GoogleInputMethodService.onFinishInput():2589 
02-04 15:59:39.311  3636  3636 I Module  : DeviceLockedStatusModuleProvider$Module.updateDeviceLockedStatus():100 repeatCheckTimes = 0, locked = false
02-04 15:59:39.312  3636  3636 I GoogleInputMethodService: GoogleInputMethodService.onStartInput():1568 onStartInput(EditorInfo{EditorInfo{packageName=com.google.android.apps.nexuslauncher, inputType=0, inputTypeString=NULL, enableLearning=false, autoCorrection=false, autoComplete=false, imeOptions=0, privateImeOptions=null, actionName=UNSPECIFIED, actionLabel=null, initialSelStart=-1, initialSelEnd=-1, initialCapsMode=0, label=null, fieldId=0, fieldName=null, extras=null, hintText=null, hintLocales=[]}}, false)
02-04 15:59:39.313  3636  3636 I Module  : DeviceLockedStatusModuleProvider$Module.updateDeviceLockedStatus():100 repeatCheckTimes = 1, locked = false
02-04 15:59:39.314  3636  3636 I EmojiCompatManager: EmojiCompatManager.getEmojiCompatIfLoaded():342 EmojiCompat.init() was never called.
02-04 15:59:39.314  3636  3636 I EmojiCompatManager: java.lang.IllegalStateException: EmojiCompat is not initialized. Please call EmojiCompat.init() first
02-04 15:59:39.314  3636  3636 I EmojiCompatManager: 	at asu.p(PG:6)
02-04 15:59:39.314  3636  3636 I EmojiCompatManager: 	at awu.b(PG:13)
02-04 15:59:39.314  3636  3636 I EmojiCompatManager: 	at jgy.b(PG:2)
02-04 15:59:39.314  3636  3636 I EmojiCompatManager: 	at jgy.c(PG:4)
02-04 15:59:39.314  3636  3636 I EmojiCompatManager: 	at jgy.f(PG:3)
02-04 15:59:39.314  3636  3636 I EmojiCompatManager: 	at jhe.c(PG:3)
02-04 15:59:39.314  3636  3636 I EmojiCompatManager: 	at kbg.cl(PG:47)
02-04 15:59:39.314  3636  3636 I EmojiCompatManager: 	at kpc.run(PG:239)
02-04 15:59:39.314  3636  3636 I EmojiCompatManager: 	at iue.execute(PG:12)
02-04 15:59:39.314  3636  3636 I EmojiCompatManager: 	at mvh.v(PG:14)
02-04 15:59:39.314  3636  3636 I EmojiCompatManager: 	at lat.m(PG:95)
02-04 15:59:39.314  3636  3636 I EmojiCompatManager: 	at lat.k(PG:25)
02-04 15:59:39.314  3636  3636 I EmojiCompatManager: 	at jzn.onStartInput(PG:336)
02-04 15:59:39.314  3636  3636 I EmojiCompatManager: 	at android.inputmethodservice.InputMethodService.doStartInput(InputMethodService.java:3447)
02-04 15:59:39.314  3636  3636 I EmojiCompatManager: 	at android.inputmethodservice.InputMethodService$InputMethodImpl.startInput(InputMethodService.java:876)
02-04 15:59:39.314  3636  3636 I EmojiCompatManager: 	at android.inputmethodservice.InputMethodService$InputMethodImpl.dispatchStartInput(InputMethodService.java:905)
02-04 15:59:39.314  3636  3636 I EmojiCompatManager: 	at android.inputmethodservice.IInputMethodWrapper.executeMessage(IInputMethodWrapper.java:201)
02-04 15:59:39.314  3636  3636 I EmojiCompatManager: 	at com.android.internal.os.HandlerCaller$MyHandler.handleMessage(HandlerCaller.java:44)
02-04 15:59:39.314  3636  3636 I EmojiCompatManager: 	at android.os.Handler.dispatchMessage(Handler.java:109)
02-04 15:59:39.314  3636  3636 I EmojiCompatManager: 	at android.os.Looper.loopOnce(Looper.java:232)
02-04 15:59:39.314  3636  3636 I EmojiCompatManager: 	at android.os.Looper.loop(Looper.java:317)
02-04 15:59:39.314  3636  3636 I EmojiCompatManager: 	at android.app.ActivityThread.main(ActivityThread.java:8787)
02-04 15:59:39.314  3636  3636 I EmojiCompatManager: 	at java.lang.reflect.Method.invoke(Native Method)
02-04 15:59:39.314  3636  3636 I EmojiCompatManager: 	at com.android.internal.os.RuntimeInit$MethodAndArgsCaller.run(RuntimeInit.java:591)
02-04 15:59:39.314  3636  3636 I EmojiCompatManager: 	at com.android.internal.os.ZygoteInit.main(ZygoteInit.java:871)
02-04 15:59:39.315  1771  2750 W PackageConfigPersister: App-specific configuration not found for packageName: com.google.android.apps.nexuslauncher and userId: 0
02-04 15:59:39.315  3636  3636 I AndroidIME: InputBundleManager.loadActiveInputBundleId():407 loadActiveInputBundleId: und-Latn-x-password, password
02-04 15:59:39.323  2811  2811 D BaseAllAppsAdapter: onBindViewHolder: isPrivateSpaceItem: false isStateTransitioning: false isScrolling: false readyToAnimate: false currentState: 0 currentAlpha: 1.0
02-04 15:59:39.323  2811  2811 D BaseAllAppsAdapter: onBindViewHolder: isPrivateSpaceItem: false isStateTransitioning: false isScrolling: false readyToAnimate: false currentState: 0 currentAlpha: 1.0
02-04 15:59:39.323  2811  2811 D BaseAllAppsAdapter: onBindViewHolder: isPrivateSpaceItem: false isStateTransitioning: false isScrolling: false readyToAnimate: false currentState: 0 currentAlpha: 1.0
02-04 15:59:39.323  2811  2811 D BaseAllAppsAdapter: onBindViewHolder: isPrivateSpaceItem: false isStateTransitioning: false isScrolling: false readyToAnimate: false currentState: 0 currentAlpha: 1.0
02-04 15:59:39.340  2811  2811 D BaseAllAppsAdapter: onBindViewHolder: isPrivateSpaceItem: false isStateTransitioning: false isScrolling: false readyToAnimate: false currentState: 0 currentAlpha: 1.0
02-04 15:59:39.340  2811  2811 D BaseAllAppsAdapter: onBindViewHolder: isPrivateSpaceItem: false isStateTransitioning: false isScrolling: false readyToAnimate: false currentState: 0 currentAlpha: 1.0
02-04 15:59:39.340  2811  2811 D BaseAllAppsAdapter: onBindViewHolder: isPrivateSpaceItem: false isStateTransitioning: false isScrolling: false readyToAnimate: false currentState: 0 currentAlpha: 1.0
02-04 15:59:39.340  2811  2811 D BaseAllAppsAdapter: onBindViewHolder: isPrivateSpaceItem: false isStateTransitioning: false isScrolling: false readyToAnimate: false currentState: 0 currentAlpha: 1.0
02-04 15:59:39.350  2553  2593 I deeptouch: I0000 00:00:1738702779.349996    2593 tf_lite_classifier.cc:413] Event stream classified as kNone
02-04 15:59:39.474  2811  2811 D BaseAllAppsAdapter: onBindViewHolder: isPrivateSpaceItem: false isStateTransitioning: false isScrolling: false readyToAnimate: false currentState: 0 currentAlpha: 1.0
02-04 15:59:39.474  2811  2811 D BaseAllAppsAdapter: onBindViewHolder: isPrivateSpaceItem: false isStateTransitioning: false isScrolling: false readyToAnimate: false currentState: 0 currentAlpha: 1.0
02-04 15:59:39.475  2811  2811 D BaseAllAppsAdapter: onBindViewHolder: isPrivateSpaceItem: false isStateTransitioning: false isScrolling: false readyToAnimate: false currentState: 0 currentAlpha: 1.0
02-04 15:59:39.475  2811  2811 D BaseAllAppsAdapter: onBindViewHolder: isPrivateSpaceItem: false isStateTransitioning: false isScrolling: false readyToAnimate: false currentState: 0 currentAlpha: 1.0
02-04 15:59:39.589  2811  2811 D BaseAllAppsAdapter: onBindViewHolder: isPrivateSpaceItem: false isStateTransitioning: false isScrolling: false readyToAnimate: false currentState: 0 currentAlpha: 1.0
02-04 15:59:39.590  2811  2811 D BaseAllAppsAdapter: onBindViewHolder: isPrivateSpaceItem: false isStateTransitioning: false isScrolling: false readyToAnimate: false currentState: 0 currentAlpha: 1.0
02-04 15:59:39.590  2811  2811 D BaseAllAppsAdapter: onBindViewHolder: isPrivateSpaceItem: false isStateTransitioning: false isScrolling: false readyToAnimate: false currentState: 0 currentAlpha: 1.0
02-04 15:59:39.590  2811  2811 D BaseAllAppsAdapter: onBindViewHolder: isPrivateSpaceItem: false isStateTransitioning: false isScrolling: false readyToAnimate: false currentState: 0 currentAlpha: 1.0
02-04 15:59:39.922  2811  2811 D StatsLog: LAUNCHER_ALLAPPS_PERSONAL_SCROLLED_DOWN
02-04 15:59:40.154  2734  3416 W SHANNON_IMS: 2673 [CONN] Timer IMS_SUPPORT_SERVICE_TIMER expired (ConnectionTimer$ConnectionTimerTask%run:73)
02-04 15:59:40.154  2734  3416 W SHANNON_IMS: 2674 [SIM#] Invalid sub id : -1   with slot id : 0 (SubscriptionWrapper%getSubId:55)
02-04 15:59:40.155  2734  3416 W SHANNON_IMS: 2678 [SIM#] Invalid sub id : -1   with slot id : 0 (SubscriptionWrapper%getSubId:55)
02-04 15:59:40.424  1366  2427 I WifiHAL : Creating message to get link statistics; iface = 47
02-04 15:59:40.557  1366  2427 E IPCThreadState: binder thread pool (1 threads) starved for 133 ms
02-04 15:59:40.613  2996  3145 D IwlanNetworkService: onCapabilitiesChanged: 100
02-04 15:59:40.615  3282  3499 D DeviceStateHelper: Wifi freq: 5745
02-04 15:59:40.615  2996  3125 D IwlanDataService: onCapabilitiesChanged: 100 [ Transports: WIFI Capabilities: NOT_METERED&INTERNET&NOT_RESTRICTED&TRUSTED&NOT_VPN&VALIDATED&NOT_ROAMING&FOREGROUND&NOT_CONGESTED&NOT_SUSPENDED&NOT_VCN_MANAGED&NOT_BANDWIDTH_CONSTRAINED LinkUpBandwidth>=30102Kbps LinkDnBandwidth>=68356Kbps TransportInfo: <SSID: "AcrUni-Main", BSSID: 66:22:32:a7:6c:9b, MAC: 46:af:22:8b:28:e7, IP: /192.168.0.115, Security type: 2, Supplicant state: COMPLETED, Wi-Fi standard: 11ax, RSSI: -52, Link speed: 1200Mbps, Tx Link speed: 1200Mbps, Max Supported Tx Link speed: 1200Mbps, Rx Link speed: 1080Mbps, Max Supported Rx Link speed: 1200Mbps, Frequency: 5745MHz, Net ID: 2, Metered hint: false, score: 60, isUsable: true, CarrierMerged: false, SubscriptionId: -1, IsPrimary: 1, Trusted: true, Restricted: false, Ephemeral: false, OEM paid: false, OEM private: false, OSU AP: false, FQDN: <none>, Provider friendly name: <none>, Requesting package name: <none>"AcrUni-Main"wpa2-pskMLO Information: , Is TID-To-Link negotiation supported by the AP: false, AP MLD Address: <none>, AP MLO Link Id: <none>, AP MLO Affiliated links: <none>, Vendor Data: <none>> SignalStrength: -52 OwnerUid: 1000 AdminUids: [1000] SSID: "AcrUni-Main" UnderlyingNetworks: Null]
02-04 15:59:40.615  2996  3125 D IwlanDataService: Network 100 connected using transport WIFI
02-04 15:59:40.626  3703  4448 I BugleRcsEngine: handleMessage processing message:[NOTIFY_UPTIME_IGNORE_STATE_CHANGED] with [non-null]:RcsEngineImpl reference [CONTEXT log_prefix="RcsEngineImpl[DUAL_REG]:[8d4ccf69-7e5b]>Handler" thread_id=61 ]
02-04 15:59:40.628  3703  4448 I BugleRcsEngine: Cannot use CS.apk as it's battery optimized [CONTEXT thread_id=61 ]
02-04 15:59:40.629  2786  3168 E PhoneInterfaceManager: getCarrierPrivilegeStatusForUid: Invalid subId
02-04 15:59:40.634  1771  1811 D ActivityManager: sync unfroze 4159 com.google.android.apps.messaging for 7
02-04 15:59:40.634  2895  4628 I NullBinder: NullBinder for android.net.action.RECOMMEND_NETWORKS triggering remote TransactionTooLargeException due to Service without Chimera impl
02-04 15:59:40.634  2895  4628 W .gms.persistent: Large reply transaction of 1056768 bytes, interface descriptor , code 1
02-04 15:59:40.635  3703  4398 I BugleRcsEngine: Connected state: [1], networkType: [WIFI] [CONTEXT thread_id=53 ]
02-04 15:59:40.640  1771  2339 D ConnectivityService: NetReassign [no changes] [c 0] [a 0] [i 5]
02-04 15:59:40.649  3703  4448 I BugleRcsEngine: No RCS Configuration was found in Bugle for simID: redacted-pii:sim_id[chars:0,last3:] [CONTEXT log_prefix="ProvisioningEngineDataRetriever" thread_id=61 ]
02-04 15:59:41.142  2895  5676 I NearbySharing: Network state changed: NetworkState(isRestricted=false, isOnline=true, isCongested=false, isMetered=false, isWifiConnected=true)
02-04 15:59:41.399  1576  1576 D AOC     : A3:MSG: lsm6dsr_device.cc, 763: USF: Lsm6dsrDevice: Sensor 4: Enabled 0, odr_index 0.
02-04 15:59:41.399  1576  1576 D AOC     : A3:MSG: lsm6dsr_fifo.cc, 750: USF: Lsm6dsrFifo: ODR: XL/G/T/TS: 52/208/13/26 WM: 17 Intr: 18.
02-04 15:59:41.399  1576  1576 D AOC     : A3:MSG: lsm6dsr_device.cc, 671: USF: Lsm6dsrDevice: Fifo was disabled for 430420ns.
02-04 15:59:41.400  1576  1576 D AOC     : A3:MSG: usf_sensor.cc, 1581: USF: Received stop sampling request for LSM6DSR Stationary Detect (active:-1).
02-04 15:59:41.400  1576  1576 D AOC     : A3:MSG: usf_sensor.cc, 2037: USF: Sampling configuration 139 not found.
02-04 15:59:41.400  1576  1576 D AOC     : A3:MSG: usf_sensor_client.cc, 161: USF: Received kErrNotFound when disabling one shot sensor.
02-04 15:59:41.400  1576  1576 D AOC     : A3:MSG: usf_sensor.cc, 1573: USF: Received start sampling request for LSM6DSR Motion Detect (active:1).
02-04 15:59:41.400  1576  1576 D AOC     : A3:MSG: lsm6dsr_device.cc, 763: USF: Lsm6dsrDevice: Sensor 3: Enabled 1, odr_index 1.
02-04 15:59:41.400  1576  1576 D AOC     : A3:MSG: lsm6dsr_fifo.cc, 750: USF: Lsm6dsrFifo: ODR: XL/G/T/TS: 52/208/13/26 WM: 17 Intr: 18.
02-04 15:59:41.401  1576  1576 D AOC     : A3:MSG: lsm6dsr_device.cc, 671: USF: Lsm6dsrDevice: Fifo was disabled for 377930ns.
02-04 15:59:41.401  1576  1576 D AOC     : A3:MSG: motion_state_sensor.cc, 327: USF: MoSt: MotionDetect sampling started with sampling ID 144.
02-04 15:59:41.403  1576  1576 D AOC     : A3:MSG: usf_sensor.cc, 1573: USF: Received start sampling request for LSM6DSR Motion Detect (active:2).
02-04 15:59:41.403  1576  1576 D AOC     : A3:MSG: usf_sensor.cc, 1581: USF: Received stop sampling request for LSM6DSR FreeFall Detect (active:0).
02-04 15:59:41.404  1576  1576 D AOC     : A3:MSG: lsm6dsr_device.cc, 763: USF: Lsm6dsrDevice: Sensor 5: Enabled 0, odr_index 0.
02-04 15:59:41.404  1576  1576 D AOC     : A3:MSG: lsm6dsr_fifo.cc, 750: USF: Lsm6dsrFifo: ODR: XL/G/T/TS: 52/208/13/26 WM: 17 Intr: 18.
02-04 15:59:41.404  1576  1576 D AOC     : A3:MSG: lsm6dsr_device.cc, 671: USF: Lsm6dsrDevice: Fifo was disabled for 315674ns.
02-04 15:59:41.406  1576  1576 D AOC     : A3:MSG: usf_sensor.cc, 1581: USF: Received stop sampling request for LSM6DSR Stationary Detect (active:-1).
02-04 15:59:41.406  1576  1576 D AOC     : A3:MSG: usf_sensor.cc, 2037: USF: Sampling configuration 142 not found.
02-04 15:59:41.406  1576  1576 D AOC     : A3:MSG: usf_sensor_client.cc, 145: USF: Received kErrNotFound when disabling one shot sensor.
02-04 15:59:41.849  1576  1576 D AOC     : A3:MSG: usf_sensor.cc, 1573: USF: Received start sampling request for LSM6DSR Gyroscope (active:3).
02-04 15:59:41.850  1576  1576 D AOC     : A3:MSG: lsm6dsr_device.cc, 763: USF: Lsm6dsrDevice: Sensor 1: Enabled 1, odr_index 3.
02-04 15:59:41.850  1576  1576 D AOC     : A3:MSG: lsm6dsr_fifo.cc, 750: USF: Lsm6dsrFifo: ODR: XL/G/T/TS: 52/52/13/6 WM: 6 Intr: 21.
02-04 15:59:41.851  1576  1576 D AOC     : A3:MSG: lsm6dsr_device.cc, 671: USF: Lsm6dsrDevice: Fifo was disabled for 435791ns.
02-04 15:59:41.852  1576  1576 D AOC     : A3:MSG: usf_sensor.cc, 1573: USF: Received start sampling request for MMC56X3X Magnetometer (active:2).
02-04 15:59:41.852  1576  1576 D AOC     : A3:MSG: mmc56x3x_device.cc, 409: USF: MMC56X3X0: mmc56x3x_enable_measure odr = 10.
02-04 15:59:42.009  1301  1326 D CHRE    : @ 17420.959: [ActivityPlatform] type 4, confidence 75
02-04 15:59:42.810  2811  2811 D BaseAllAppsAdapter: onBindViewHolder: isPrivateSpaceItem: false isStateTransitioning: false isScrolling: false readyToAnimate: false currentState: 0 currentAlpha: 1.0
02-04 15:59:42.810  2811  2811 D BaseAllAppsAdapter: onBindViewHolder: isPrivateSpaceItem: false isStateTransitioning: false isScrolling: false readyToAnimate: false currentState: 0 currentAlpha: 1.0
02-04 15:59:42.810  2811  2811 D BaseAllAppsAdapter: onBindViewHolder: isPrivateSpaceItem: false isStateTransitioning: false isScrolling: false readyToAnimate: false currentState: 0 currentAlpha: 1.0
02-04 15:59:42.810  2811  2811 D BaseAllAppsAdapter: onBindViewHolder: isPrivateSpaceItem: false isStateTransitioning: false isScrolling: false readyToAnimate: false currentState: 0 currentAlpha: 1.0
02-04 15:59:42.838  2553  2593 I deeptouch: I0000 00:00:1738702782.838904    2593 tf_lite_classifier.cc:413] Event stream classified as kNone
02-04 15:59:42.860  2811  2811 D BaseAllAppsAdapter: onBindViewHolder: isPrivateSpaceItem: false isStateTransitioning: false isScrolling: false readyToAnimate: false currentState: 0 currentAlpha: 1.0
02-04 15:59:42.860  2811  2811 D BaseAllAppsAdapter: onBindViewHolder: isPrivateSpaceItem: false isStateTransitioning: false isScrolling: false readyToAnimate: false currentState: 0 currentAlpha: 1.0
02-04 15:59:42.860  2811  2811 D BaseAllAppsAdapter: onBindViewHolder: isPrivateSpaceItem: false isStateTransitioning: false isScrolling: false readyToAnimate: false currentState: 0 currentAlpha: 1.0
02-04 15:59:42.861  2811  2811 D BaseAllAppsAdapter: onBindViewHolder: isPrivateSpaceItem: false isStateTransitioning: false isScrolling: false readyToAnimate: false currentState: 0 currentAlpha: 1.0
02-04 15:59:42.911  2811  2811 D BaseAllAppsAdapter: onBindViewHolder: isPrivateSpaceItem: false isStateTransitioning: false isScrolling: false readyToAnimate: false currentState: 0 currentAlpha: 1.0
02-04 15:59:42.911  2811  2811 D BaseAllAppsAdapter: onBindViewHolder: isPrivateSpaceItem: false isStateTransitioning: false isScrolling: false readyToAnimate: false currentState: 0 currentAlpha: 1.0
02-04 15:59:42.911  2811  2811 D BaseAllAppsAdapter: onBindViewHolder: isPrivateSpaceItem: false isStateTransitioning: false isScrolling: false readyToAnimate: false currentState: 0 currentAlpha: 1.0
02-04 15:59:42.912  2811  2811 D BaseAllAppsAdapter: onBindViewHolder: isPrivateSpaceItem: false isStateTransitioning: false isScrolling: false readyToAnimate: false currentState: 0 currentAlpha: 1.0
02-04 15:59:42.943  2811  2811 D BaseAllAppsAdapter: onBindViewHolder: isPrivateSpaceItem: false isStateTransitioning: false isScrolling: false readyToAnimate: false currentState: 0 currentAlpha: 1.0
02-04 15:59:42.943  2811  2811 D BaseAllAppsAdapter: onBindViewHolder: isPrivateSpaceItem: false isStateTransitioning: false isScrolling: false readyToAnimate: false currentState: 0 currentAlpha: 1.0
02-04 15:59:42.944  2811  2811 D BaseAllAppsAdapter: onBindViewHolder: isPrivateSpaceItem: false isStateTransitioning: false isScrolling: false readyToAnimate: false currentState: 0 currentAlpha: 1.0
02-04 15:59:42.944  2811  2811 D BaseAllAppsAdapter: onBindViewHolder: isPrivateSpaceItem: false isStateTransitioning: false isScrolling: false readyToAnimate: false currentState: 0 currentAlpha: 1.0
02-04 15:59:42.977  2811  2811 D BaseAllAppsAdapter: onBindViewHolder: isPrivateSpaceItem: false isStateTransitioning: false isScrolling: false readyToAnimate: false currentState: 0 currentAlpha: 1.0
02-04 15:59:42.978  2811  2811 D BaseAllAppsAdapter: onBindViewHolder: isPrivateSpaceItem: false isStateTransitioning: false isScrolling: false readyToAnimate: false currentState: 0 currentAlpha: 1.0
